nohup: ввод игнорируется
==========================================================
ЗАПУСК ПАКЕТНОГО МУЛЬТИ-ТЕСТИРОВАНИЯ
==========================================================
----------------------------------------------------------
Переключаю тип тестирования на: TGAMMA
----------------------------------------------------------
>>> Запускаю: тип TGAMMA, размер 12
    Лог пишется в: output2/TGAMMA_12.txt
>>> Запускаю: тип TGAMMA, размер 60
    Лог пишется в: output2/TGAMMA_60.txt
>>> Запускаю: тип TGAMMA, размер 120
    Лог пишется в: output2/TGAMMA_120.txt
----------------------------------------------------------
Переключаю тип тестирования на: POW
----------------------------------------------------------
>>> Запускаю: тип POW, размер 12
    Лог пишется в: output2/POW_12.txt
>>> Запускаю: тип POW, размер 24
    Лог пишется в: output2/POW_24.txt
>>> Запускаю: тип POW, размер 36
    Лог пишется в: output2/POW_36.txt
----------------------------------------------------------
Переключаю тип тестирования на: SQRTX
----------------------------------------------------------
>>> Запускаю: тип SQRTX, размер 12
    Лог пишется в: output2/SQRTX_12.txt
>>> Запускаю: тип SQRTX, размер 48
    Лог пишется в: output2/SQRTX_48.txt
----------------------------------------------------------
Переключаю тип тестирования на: ERF
----------------------------------------------------------
>>> Запускаю: тип ERF, размер 12
    Лог пишется в: output2/ERF_12.txt
>>> Запускаю: тип ERF, размер 24
    Лог пишется в: output2/ERF_24.txt
>>> Запускаю: тип ERF, размер 48
    Лог пишется в: output2/ERF_48.txt
----------------------------------------------------------
Переключаю тип тестирования на: COPY
----------------------------------------------------------
>>> Запускаю: тип COPY, размер 60
    Лог пишется в: output2/COPY_60.txt
>>> Запускаю: тип COPY, размер 84
    Лог пишется в: output2/COPY_84.txt
----------------------------------------------------------
Переключаю тип тестирования на: DOT
----------------------------------------------------------
>>> Запускаю: тип DOT, размер 36
    Лог пишется в: output2/DOT_36.txt
>>> Запускаю: тип DOT, размер 84
    Лог пишется в: output2/DOT_84.txt
----------------------------------------------------------
Переключаю тип тестирования на: SUM
----------------------------------------------------------
>>> Запускаю: тип SUM, размер 84
    Лог пишется в: output2/SUM_84.txt
>>> Запускаю: тип SUM, размер 108
    Лог пишется в: output2/SUM_108.txt
>>> Запускаю: тип SUM, размер 132
    Лог пишется в: output2/SUM_132.txt
----------------------------------------------------------
Переключаю тип тестирования на: XPY
----------------------------------------------------------
>>> Запускаю: тип XPY, размер 48
    Лог пишется в: output2/XPY_48.txt
>>> Запускаю: тип XPY, размер 60
    Лог пишется в: output2/XPY_60.txt

==========================================================
ПАКЕТНОЕ ТЕСТИРОВАНИЕ ВСЕХ ТИПОВ УСПЕШНО ЗАВЕРШЕНО!
Результаты сохранены в папке './output2/'
==========================================================
