nohup: ввод игнорируется
==========================================================
ЗАПУСК ПАКЕТНОГО МУЛЬТИ-ТЕСТИРОВАНИЯ
==========================================================
----------------------------------------------------------
Переключаю тип тестирования на: TGAMMA
----------------------------------------------------------
>>> Запускаю: тип TGAMMA, размер 108
    Лог пишется в: output/TGAMMA_108.txt
>>> Запускаю: тип TGAMMA, размер 96
    Лог пишется в: output/TGAMMA_96.txt
>>> Запускаю: тип TGAMMA, размер 84
    Лог пишется в: output/TGAMMA_84.txt
>>> Запускаю: тип TGAMMA, размер 72
    Лог пишется в: output/TGAMMA_72.txt
>>> Запускаю: тип TGAMMA, размер 60
    Лог пишется в: output/TGAMMA_60.txt
>>> Запускаю: тип TGAMMA, размер 48
    Лог пишется в: output/TGAMMA_48.txt
>>> Запускаю: тип TGAMMA, размер 36
    Лог пишется в: output/TGAMMA_36.txt
>>> Запускаю: тип TGAMMA, размер 24
    Лог пишется в: output/TGAMMA_24.txt
>>> Запускаю: тип TGAMMA, размер 12
    Лог пишется в: output/TGAMMA_12.txt
>>> Запускаю: тип TGAMMA, размер 120
    Лог пишется в: output/TGAMMA_120.txt

==========================================================
ПАКЕТНОЕ ТЕСТИРОВАНИЕ ВСЕХ ТИПОВ УСПЕШНО ЗАВЕРШЕНО!
Результаты сохранены в папке './output/'
==========================================================
