nohup: ввод игнорируется
=== Выполняется проект: no_po_1.txt (100 работ, перестановка ORDER) ===
job 45_POW_36 started 1785185820039
job 64_POW_36 started 1785185820039
job 25_COPY_84 started 1785185820040
job 65_POW_36 started 1785185820040
job 64_POW_36 end 1785185912558
job 58_COPY_84 started 1785185912559
job 65_POW_36 end 1785185912607
job 81_POW_36 started 1785185912607
job 25_COPY_84 end 1785185942003
job 8_TGAMMA_120 started 1785185942004
job 45_POW_36 end 1785185945773
job 63_COPY_84 started 1785185945773
job 8_TGAMMA_120 end 1785186013110
job 40_TGAMMA_120 started 1785186013110
job 58_COPY_84 end 1785186031452
job 71_COPY_84 started 1785186031452
job 81_POW_36 end 1785186036838
job 57_TGAMMA_120 started 1785186036838
job 63_COPY_84 end 1785186038910
job 61_TGAMMA_120 started 1785186038910
job 40_TGAMMA_120 end 1785186082954
job 1_DOT_84 started 1785186082955
job 71_COPY_84 end 1785186090325
job 67_TGAMMA_120 started 1785186090325
job 57_TGAMMA_120 end 1785186106833
job 18_DOT_84 started 1785186106833
job 61_TGAMMA_120 end 1785186108212
job 69_TGAMMA_120 started 1785186108212
job 1_DOT_84 end 1785186147148
job 89_TGAMMA_120 started 1785186147148
job 67_TGAMMA_120 end 1785186160658
job 21_DOT_84 started 1785186160658
job 18_DOT_84 end 1785186174277
job 94_TGAMMA_120 started 1785186174278
job 69_TGAMMA_120 end 1785186178703
job 24_DOT_84 started 1785186178703
job 89_TGAMMA_120 end 1785186217456
job 9_POW_24 started 1785186217456
job 21_DOT_84 end 1785186233495
job 23_POW_24 started 1785186233495
job 94_TGAMMA_120 end 1785186244913
job 42_DOT_84 started 1785186244913
job 24_DOT_84 end 1785186262160
job 37_POW_24 started 1785186262160
job 9_POW_24 end 1785186292896
job 49_DOT_84 started 1785186292897
job 23_POW_24 end 1785186309770
job 38_POW_24 started 1785186309771
job 37_POW_24 end 1785186340008
job 50_POW_24 started 1785186340008
job 42_DOT_84 end 1785186340971
job 59_DOT_84 started 1785186340971
job 49_DOT_84 end 1785186392734
job 56_POW_24 started 1785186392734
job 38_POW_24 end 1785186397529
job 82_DOT_84 started 1785186397530
job 50_POW_24 end 1785186419430
job 72_POW_24 started 1785186419430
job 59_DOT_84 end 1785186444885
job 74_POW_24 started 1785186444885
job 56_POW_24 end 1785186462724
job 92_DOT_84 started 1785186462725
job 72_POW_24 end 1785186495509
job 75_POW_24 started 1785186495509
job 82_DOT_84 end 1785186500780
job 95_DOT_84 started 1785186500780
job 74_POW_24 end 1785186529579
job 79_POW_24 started 1785186529579
job 92_DOT_84 end 1785186562524
job 85_POW_24 started 1785186562524
job 75_POW_24 end 1785186576971
job 22_SUM_132 started 1785186576972
job 95_DOT_84 end 1785186598000
job 12_SQRTX_48 started 1785186598000
job 79_POW_24 end 1785186610586
job 29_SUM_132 started 1785186610586
job 85_POW_24 end 1785186630889
job 14_SQRTX_48 started 1785186630889
job 22_SUM_132 end 1785186659595
job 16_SQRTX_48 started 1785186659595
job 12_SQRTX_48 end 1785186664155
job 76_SUM_132 started 1785186664155
job 29_SUM_132 end 1785186694128
job 31_SQRTX_48 started 1785186694128
job 14_SQRTX_48 end 1785186697069
job 2_XPY_60 started 1785186697069
job 16_SQRTX_48 end 1785186740863
job 53_SQRTX_48 started 1785186740863
job 76_SUM_132 end 1785186742242
job 91_SQRTX_48 started 1785186742243
job 31_SQRTX_48 end 1785186757666
job 99_XPY_60 started 1785186757666
job 2_XPY_60 end 1785186781877
job 97_SQRTX_48 started 1785186781878
job 53_SQRTX_48 end 1785186822227
job 20_COPY_60 started 1785186822227
job 91_SQRTX_48 end 1785186835680
job 98_SQRTX_48 started 1785186835681
job 99_XPY_60 end 1785186844542
job 7_TGAMMA_60 started 1785186844543
job 97_SQRTX_48 end 1785186856648
job 51_COPY_60 started 1785186856648
job 7_TGAMMA_60 end 1785186879253
job 27_TGAMMA_60 started 1785186879253
job 98_SQRTX_48 end 1785186882786
job 54_COPY_60 started 1785186882786
job 27_TGAMMA_60 end 1785186914758
job 52_TGAMMA_60 started 1785186914758
job 20_COPY_60 end 1785186918295
job 66_TGAMMA_60 started 1785186918295
job 51_COPY_60 end 1785186945031
job 77_COPY_60 started 1785186945031
job 54_COPY_60 end 1785186947898
job 88_TGAMMA_60 started 1785186947898
job 52_TGAMMA_60 end 1785186950300
job 80_COPY_60 started 1785186950301
job 66_TGAMMA_60 end 1785186953891
job 0_ERF_24 started 1785186953892
job 88_TGAMMA_60 end 1785186983403
job 4_ERF_24 started 1785186983404
job 0_ERF_24 end 1785187017367
job 5_SUM_108 started 1785187017367
job 77_COPY_60 end 1785187023962
job 17_ERF_24 started 1785187023962
job 80_COPY_60 end 1785187025396
job 6_SUM_108 started 1785187025396
job 4_ERF_24 end 1785187042932
job 26_ERF_24 started 1785187042933
job 17_ERF_24 end 1785187073975
job 30_ERF_24 started 1785187073975
job 5_SUM_108 end 1785187090478
job 33_SUM_108 started 1785187090478
job 26_ERF_24 end 1785187093026
job 32_ERF_24 started 1785187093026
job 6_SUM_108 end 1785187096914
job 41_SUM_108 started 1785187096914
job 30_ERF_24 end 1785187124261
job 55_ERF_24 started 1785187124262
job 32_ERF_24 end 1785187143427
job 70_ERF_24 started 1785187143427
job 33_SUM_108 end 1785187161995
job 78_SUM_108 started 1785187161995
job 41_SUM_108 end 1785187168427
job 13_POW_12 started 1785187168427
job 55_ERF_24 end 1785187174554
job 28_XPY_48 started 1785187174554
job 70_ERF_24 end 1785187191925
job 15_POW_12 started 1785187191925
job 13_POW_12 end 1785187201138
job 36_POW_12 started 1785187201139
job 15_POW_12 end 1785187224000
job 35_XPY_48 started 1785187224000
job 36_POW_12 end 1785187237566
job 62_POW_12 started 1785187237566
job 28_XPY_48 end 1785187242683
job 46_XPY_48 started 1785187242683
job 78_SUM_108 end 1785187257545
job 19_ERF_12 started 1785187257545
job 62_POW_12 end 1785187284815
job 73_ERF_12 started 1785187284816
job 35_XPY_48 end 1785187291614
job 84_XPY_48 started 1785187291615
job 19_ERF_12 end 1785187293424
job 86_ERF_12 started 1785187293424
job 46_XPY_48 end 1785187308505
job 90_XPY_48 started 1785187308505
job 73_ERF_12 end 1785187319862
job 96_ERF_12 started 1785187319862
job 86_ERF_12 end 1785187328555
job 44_SQRTX_12 started 1785187328556
job 44_SQRTX_12 end 1785187352831
job 3_SUM_84 started 1785187352831
job 96_ERF_12 end 1785187355436
job 47_SQRTX_12 started 1785187355436
job 84_XPY_48 end 1785187356705
job 39_SUM_84 started 1785187356706
job 47_SQRTX_12 end 1785187372201
job 68_SQRTX_12 started 1785187372201
job 90_XPY_48 end 1785187375641
job 93_SQRTX_12 started 1785187375641
job 68_SQRTX_12 end 1785187388208
job 87_SUM_84 started 1785187388208
job 93_SQRTX_12 end 1785187391806
job 34_TGAMMA_12 started 1785187391807
job 34_TGAMMA_12 end 1785187398925
job 10_DOT_36 started 1785187398925
job 39_SUM_84 end 1785187413757
job 43_TGAMMA_12 started 1785187413757
job 3_SUM_84 end 1785187416455
job 48_TGAMMA_12 started 1785187416455
job 43_TGAMMA_12 end 1785187420987
job 11_DOT_36 started 1785187420988
job 48_TGAMMA_12 end 1785187423695
job 60_TGAMMA_12 started 1785187423695
job 60_TGAMMA_12 end 1785187431019
job 83_DOT_36 started 1785187431019
job 10_DOT_36 end 1785187440354
job 87_SUM_84 end 1785187450647
job 11_DOT_36 end 1785187460022
job 83_DOT_36 end 1785187462223
  итерация 0: 1642185 ms
  среднее по 1 итерациям: 1642185 ms
=== Выполняется проект: no_po_2.txt (100 работ, перестановка ORDER) ===
