nohup: ввод игнорируется
=== Выполняется проект: no_po_1.txt (100 работ, перестановка ORDER) ===
fake 3 started 1785365280260 delay_ms=1
fake 2 started 1785365280260 delay_ms=0
fake 2 end 1785365280260
fake 1 started 1785365280260 delay_ms=0
fake 1 end 1785365280260
fake 0 started 1785365280260 delay_ms=0
fake 0 end 1785365280260
job 99_XPY_60 started 1785365280260 core=5
job 2_XPY_60 started 1785365280260 core=4
job 7_TGAMMA_60 started 1785365280260 core=1
fake 3 end 1785365280261
job 8_TGAMMA_120 started 1785365280261 core=0
job 7_TGAMMA_60 end 1785365315720
job 27_TGAMMA_60 started 1785365315720 core=1
job 2_XPY_60 end 1785365346118
job 34_TGAMMA_12 started 1785365346118 core=4
job 99_XPY_60 end 1785365346268
job 40_TGAMMA_120 started 1785365346268 core=5
job 27_TGAMMA_60 end 1785365350950
job 28_XPY_48 started 1785365350950 core=1
job 8_TGAMMA_120 end 1785365351062
job 35_XPY_48 started 1785365351062 core=0
job 34_TGAMMA_12 end 1785365352954
job 43_TGAMMA_12 started 1785365352954 core=4
job 43_TGAMMA_12 end 1785365360169
job 48_TGAMMA_12 started 1785365360169 core=4
job 48_TGAMMA_12 end 1785365367383
job 52_TGAMMA_60 started 1785365367384 core=4
job 52_TGAMMA_60 end 1785365402800
job 57_TGAMMA_120 started 1785365402801 core=4
job 28_XPY_48 end 1785365403464
job 46_XPY_48 started 1785365403464 core=1
job 35_XPY_48 end 1785365403900
job 84_XPY_48 started 1785365403900 core=0
job 40_TGAMMA_120 end 1785365416804
job 60_TGAMMA_12 started 1785365416805 core=5
job 60_TGAMMA_12 end 1785365424027
job 61_TGAMMA_120 started 1785365424028 core=5
job 46_XPY_48 end 1785365456096
job 90_XPY_48 started 1785365456096 core=1
job 84_XPY_48 end 1785365456551
job 1_DOT_84 started 1785365456551 core=0
job 57_TGAMMA_120 end 1785365473292
job 9_POW_24 started 1785365473292 core=4
job 61_TGAMMA_120 end 1785365495713
job 66_TGAMMA_60 started 1785365495714 core=5
job 90_XPY_48 end 1785365516219
job 10_DOT_36 started 1785365516219 core=1
job 66_TGAMMA_60 end 1785365531566
job 13_POW_12 started 1785365531567 core=5
job 1_DOT_84 end 1785365544049
job 15_POW_12 started 1785365544049 core=0
job 9_POW_24 end 1785365550491
job 3_SUM_84 started 1785365550492 core=4
job 10_DOT_36 end 1785365553207
job 25_COPY_84 started 1785365553208 core=1
job 13_POW_12 end 1785365574802
job 23_POW_24 started 1785365574802 core=5
job 15_POW_12 end 1785365577543
job 36_POW_12 started 1785365577543 core=0
job 3_SUM_84 end 1785365601015
job 5_SUM_108 started 1785365601015 core=4
job 36_POW_12 end 1785365610795
job 37_POW_24 started 1785365610795 core=0
job 5_SUM_108 end 1785365665942
job 38_POW_24 started 1785365665942 core=4
job 23_POW_24 end 1785365667563
job 6_SUM_108 started 1785365667563 core=5
job 37_POW_24 end 1785365676417
job 58_COPY_84 started 1785365676417 core=0
job 25_COPY_84 end 1785365686588
job 45_POW_36 started 1785365686588 core=1
job 6_SUM_108 end 1785365739316
job 50_POW_24 started 1785365739318 core=5
job 38_POW_24 end 1785365751684
job 22_SUM_132 started 1785365751685 core=4
job 45_POW_36 end 1785365783545
job 56_POW_24 started 1785365783545 core=1
job 50_POW_24 end 1785365802887
job 63_COPY_84 started 1785365802887 core=5
job 58_COPY_84 end 1785365804480
job 62_POW_12 started 1785365804480 core=0
job 62_POW_12 end 1785365837397
job 29_SUM_132 started 1785365837397 core=0
job 22_SUM_132 end 1785365850967
job 64_POW_36 started 1785365850967 core=4
job 56_POW_24 end 1785365867794
job 65_POW_36 started 1785365867795 core=1
job 29_SUM_132 end 1785365918089
job 33_SUM_108 started 1785365918089 core=0
job 63_COPY_84 end 1785365939288
job 71_COPY_84 started 1785365939288 core=5
job 64_POW_36 end 1785365949715
job 72_POW_24 started 1785365949716 core=4
job 33_SUM_108 end 1785365982975
job 39_SUM_84 started 1785365982975 core=0
job 65_POW_36 end 1785366006266
job 74_POW_24 started 1785366006267 core=1
job 72_POW_24 end 1785366015606
job 75_POW_24 started 1785366015606 core=4
job 39_SUM_84 end 1785366033538
job 41_SUM_108 started 1785366033538 core=0
job 71_COPY_84 end 1785366075118
job 20_COPY_60 started 1785366075120 core=5
job 75_POW_24 end 1785366081499
job 79_POW_24 started 1785366081499 core=4
job 41_SUM_108 end 1785366098474
job 76_SUM_132 started 1785366098475 core=0
job 74_POW_24 end 1785366098489
job 81_POW_36 started 1785366098490 core=1
job 79_POW_24 end 1785366147559
job 51_COPY_60 started 1785366147559 core=4
job 20_COPY_60 end 1785366170509
job 85_POW_24 started 1785366170509 core=5
job 76_SUM_132 end 1785366194705
job 78_SUM_108 started 1785366194706 core=0
job 81_POW_36 end 1785366215809
job 44_SQRTX_12 started 1785366215810 core=1
job 44_SQRTX_12 end 1785366232020
job 87_SUM_84 started 1785366232021 core=1
job 51_COPY_60 end 1785366233114
job 67_TGAMMA_120 started 1785366233114 core=4
job 85_POW_24 end 1785366234326
job 54_COPY_60 started 1785366234326 core=5
job 78_SUM_108 end 1785366261756
job 0_ERF_24 started 1785366261756 core=0
job 0_ERF_24 end 1785366293563
job 11_DOT_36 started 1785366293563 core=0
job 67_TGAMMA_120 end 1785366302506
job 69_TGAMMA_120 started 1785366302506 core=4
job 87_SUM_84 end 1785366306565
job 4_ERF_24 started 1785366306565 core=1
job 54_COPY_60 end 1785366322805
job 18_DOT_84 started 1785366322805 core=5
job 11_DOT_36 end 1785366323213
job 21_DOT_84 started 1785366323213 core=0
job 4_ERF_24 end 1785366371216
job 17_ERF_24 started 1785366371216 core=1
job 69_TGAMMA_120 end 1785366372512
job 88_TGAMMA_60 started 1785366372512 core=4
job 21_DOT_84 end 1785366396680
job 24_DOT_84 started 1785366396680 core=0
job 88_TGAMMA_60 end 1785366407589
job 42_DOT_84 started 1785366407589 core=4
job 18_DOT_84 end 1785366423671
job 89_TGAMMA_120 started 1785366423671 core=5
job 17_ERF_24 end 1785366429858
job 19_ERF_12 started 1785366429858 core=1
job 19_ERF_12 end 1785366447656
job 26_ERF_24 started 1785366447656 core=1
job 26_ERF_24 end 1785366483292
job 94_TGAMMA_120 started 1785366483292 core=1
job 89_TGAMMA_120 end 1785366493312
job 30_ERF_24 started 1785366493312 core=5
job 24_DOT_84 end 1785366495969
job 49_DOT_84 started 1785366495969 core=0
job 42_DOT_84 end 1785366511334
job 59_DOT_84 started 1785366511334 core=4
job 30_ERF_24 end 1785366528131
job 32_ERF_24 started 1785366528132 core=5
job 94_TGAMMA_120 end 1785366552654
job 47_SQRTX_12 started 1785366552654 core=1
job 32_ERF_24 end 1785366568211
job 68_SQRTX_12 started 1785366568212 core=5
job 47_SQRTX_12 end 1785366571735
job 12_SQRTX_48 started 1785366571735 core=1
job 68_SQRTX_12 end 1785366586134
job 82_DOT_84 started 1785366586134 core=5
job 49_DOT_84 end 1785366602364
job 55_ERF_24 started 1785366602365 core=0
job 59_DOT_84 end 1785366615916
job 14_SQRTX_48 started 1785366615916 core=4
job 55_ERF_24 end 1785366650526
job 70_ERF_24 started 1785366650527 core=0
job 12_SQRTX_48 end 1785366653780
job 16_SQRTX_48 started 1785366653780 core=1
job 82_DOT_84 end 1785366672080
job 31_SQRTX_48 started 1785366672080 core=5
job 14_SQRTX_48 end 1785366686515
job 83_DOT_36 started 1785366686516 core=4
job 70_ERF_24 end 1785366697776
job 73_ERF_12 started 1785366697776 core=0
job 83_DOT_36 end 1785366721532
job 86_ERF_12 started 1785366721532 core=4
job 16_SQRTX_48 end 1785366723471
job 92_DOT_84 started 1785366723472 core=1
job 73_ERF_12 end 1785366725102
job 53_SQRTX_48 started 1785366725102 core=0
job 31_SQRTX_48 end 1785366742060
job 91_SQRTX_48 started 1785366742060 core=5
job 86_ERF_12 end 1785366743785
job 96_ERF_12 started 1785366743785 core=4
job 96_ERF_12 end 1785366765760
job 97_SQRTX_48 started 1785366765761 core=4
job 53_SQRTX_48 end 1785366792460
job 98_SQRTX_48 started 1785366792461 core=0
job 92_DOT_84 end 1785366801959
job 95_DOT_84 started 1785366801959 core=1
job 91_SQRTX_48 end 1785366824971
job 93_SQRTX_12 started 1785366824971 core=5
job 97_SQRTX_48 end 1785366829331
job 77_COPY_60 started 1785366829332 core=4
job 93_SQRTX_12 end 1785366845291
job 80_COPY_60 started 1785366845291 core=5
job 98_SQRTX_48 end 1785366867546
job 95_DOT_84 end 1785366902303
job 77_COPY_60 end 1785366902316
job 80_COPY_60 end 1785366913448
  итерация 0: 1633188 ms
  среднее по 1 итерациям: 1633188 ms
=== Выполняется проект: no_po_2.txt (100 работ, перестановка ORDER) ===
fake 3 started 1785366913449 delay_ms=1
fake 0 started 1785366913449 delay_ms=0
fake 0 end 1785366913449
fake 2 started 1785366913449 delay_ms=0
fake 1 started 1785366913449 delay_ms=0
fake 1 end 1785366913449
fake 2 end 1785366913449
job 35_XPY_60 started 1785366913449 core=4
job 21_XPY_60 started 1785366913449 core=5
fake 3 end 1785366913459
job 12_TGAMMA_12 started 1785366913460 core=1
job 19_TGAMMA_120 started 1785366913470 core=0
job 12_TGAMMA_12 end 1785366920600
job 22_TGAMMA_60 started 1785366920600 core=1
job 22_TGAMMA_60 end 1785366956070
job 32_TGAMMA_60 started 1785366956070 core=1
job 21_XPY_60 end 1785366979304
job 46_TGAMMA_60 started 1785366979304 core=5
job 35_XPY_60 end 1785366979402
job 73_XPY_60 started 1785366979402 core=4
job 19_TGAMMA_120 end 1785366984360
job 38_XPY_48 started 1785366984360 core=0
job 32_TGAMMA_60 end 1785366991094
job 55_TGAMMA_120 started 1785366991094 core=1
job 46_TGAMMA_60 end 1785367013498
job 83_TGAMMA_120 started 1785367013498 core=5
job 38_XPY_48 end 1785367038112
job 41_XPY_48 started 1785367038112 core=0
job 73_XPY_60 end 1785367041968
job 48_XPY_48 started 1785367041968 core=4
job 55_TGAMMA_120 end 1785367059466
job 90_TGAMMA_60 started 1785367059466 core=1
job 83_TGAMMA_120 end 1785367081907
job 93_TGAMMA_60 started 1785367081907 core=5
job 41_XPY_48 end 1785367091571
job 95_TGAMMA_120 started 1785367091571 core=0
job 90_TGAMMA_60 end 1785367093669
job 4_DOT_84 started 1785367093669 core=1
job 48_XPY_48 end 1785367094170
job 9_DOT_36 started 1785367094170 core=4
job 93_TGAMMA_60 end 1785367116751
job 0_ERF_24 started 1785367116751 core=5
job 9_DOT_36 end 1785367125980
job 23_DOT_84 started 1785367125981 core=4
job 95_TGAMMA_120 end 1785367161816
job 2_POW_12 started 1785367161816 core=0
job 0_ERF_24 end 1785367180090
job 24_POW_12 started 1785367180091 core=5
job 4_DOT_84 end 1785367185849
job 7_SUM_132 started 1785367185849 core=1
job 2_POW_12 end 1785367203594
job 25_POW_12 started 1785367203595 core=0
job 23_DOT_84 end 1785367212361
job 28_POW_24 started 1785367212361 core=4
job 24_POW_12 end 1785367217334
job 42_COPY_84 started 1785367217334 core=5
job 25_POW_12 end 1785367237994
job 30_POW_12 started 1785367237995 core=0
job 30_POW_12 end 1785367270015
job 10_SUM_132 started 1785367270016 core=0
job 28_POW_24 end 1785367277271
job 31_POW_12 started 1785367277272 core=4
job 7_SUM_132 end 1785367296858
job 33_POW_12 started 1785367296858 core=1
job 31_POW_12 end 1785367311011
job 34_POW_12 started 1785367311011 core=4
job 33_POW_12 end 1785367343179
job 39_POW_24 started 1785367343179 core=1
job 34_POW_12 end 1785367343876
job 11_SUM_84 started 1785367343876 core=4
job 42_COPY_84 end 1785367347156
job 40_POW_24 started 1785367347157 core=5
job 10_SUM_132 end 1785367351067
job 49_COPY_84 started 1785367351067 core=0
job 39_POW_24 end 1785367408861
job 47_POW_24 started 1785367408861 core=1
job 40_POW_24 end 1785367411687
job 16_SUM_132 started 1785367411688 core=5
job 11_SUM_84 end 1785367418952
job 71_POW_36 started 1785367418953 core=4
job 47_POW_24 end 1785367475214
job 76_POW_12 started 1785367475214 core=1
job 49_COPY_84 end 1785367480407
job 52_COPY_84 started 1785367480408 core=0
job 16_SUM_132 end 1785367491244
job 18_SUM_132 started 1785367491244 core=5
job 76_POW_12 end 1785367508291
job 84_POW_36 started 1785367508293 core=1
job 71_POW_36 end 1785367557212
job 88_POW_12 started 1785367557213 core=4
job 18_SUM_132 end 1785367570862
job 20_SUM_132 started 1785367570863 core=5
job 88_POW_12 end 1785367603301
job 91_POW_24 started 1785367603301 core=4
job 84_POW_36 end 1785367607159
job 54_COPY_84 started 1785367607159 core=1
job 52_COPY_84 end 1785367615419
job 98_POW_24 started 1785367615420 core=0
job 91_POW_24 end 1785367670824
job 99_POW_36 started 1785367670824 core=4
job 20_SUM_132 end 1785367671891
job 36_SUM_108 started 1785367671891 core=5
job 98_POW_24 end 1785367679731
job 8_SQRTX_12 started 1785367679731 core=0
job 8_SQRTX_12 end 1785367696037
job 17_SQRTX_12 started 1785367696037 core=0
job 17_SQRTX_12 end 1785367712334
job 44_SUM_84 started 1785367712336 core=0
job 54_COPY_84 end 1785367730677
job 60_SUM_84 started 1785367730678 core=1
job 36_SUM_108 end 1785367761372
job 51_SQRTX_12 started 1785367761373 core=5
job 44_SUM_84 end 1785367767720
job 53_SQRTX_12 started 1785367767720 core=0
job 99_POW_36 end 1785367772356
job 61_SQRTX_48 started 1785367772356 core=4
job 51_SQRTX_12 end 1785367777446
job 77_SQRTX_48 started 1785367777446 core=5
job 53_SQRTX_12 end 1785367783392
job 3_ERF_12 started 1785367783392 core=0
job 60_SUM_84 end 1785367785292
job 26_DOT_36 started 1785367785292 core=1
job 3_ERF_12 end 1785367805392
job 5_ERF_48 started 1785367805392 core=0
job 26_DOT_36 end 1785367819495
job 27_DOT_84 started 1785367819496 core=1
job 61_SQRTX_48 end 1785367840903
job 86_SQRTX_48 started 1785367840904 core=4
job 77_SQRTX_48 end 1785367857213
job 6_ERF_12 started 1785367857213 core=5
job 6_ERF_12 end 1785367886091
job 13_ERF_48 started 1785367886091 core=5
job 5_ERF_48 end 1785367895182
job 14_ERF_48 started 1785367895182 core=0
job 27_DOT_84 end 1785367901477
job 1_COPY_60 started 1785367901477 core=1
job 86_SQRTX_48 end 1785367911755
job 15_ERF_24 started 1785367911755 core=4
job 15_ERF_24 end 1785367955992
job 50_ERF_24 started 1785367955993 core=4
job 14_ERF_48 end 1785367983533
job 57_ERF_48 started 1785367983533 core=0
job 1_COPY_60 end 1785367985395
job 64_SUM_108 started 1785367985395 core=1
job 50_ERF_24 end 1785368001585
job 63_ERF_24 started 1785368001586 core=4
job 13_ERF_48 end 1785368004749
job 65_ERF_24 started 1785368004750 core=5
job 64_SUM_108 end 1785368047940
job 66_ERF_24 started 1785368047940 core=1
job 63_ERF_24 end 1785368049879
job 70_SUM_84 started 1785368049879 core=4
job 65_ERF_24 end 1785368053604
job 67_ERF_12 started 1785368053605 core=5
job 67_ERF_12 end 1785368077863
job 68_ERF_12 started 1785368077863 core=5
job 57_ERF_48 end 1785368080710
job 69_ERF_48 started 1785368080710 core=0
job 66_ERF_24 end 1785368096073
job 78_ERF_12 started 1785368096074 core=1
job 70_SUM_84 end 1785368098765
job 81_ERF_12 started 1785368098765 core=4
job 68_ERF_12 end 1785368101778
job 74_SUM_132 started 1785368101779 core=5
job 78_ERF_12 end 1785368120411
job 82_ERF_24 started 1785368120412 core=1
job 81_ERF_12 end 1785368122543
job 89_ERF_48 started 1785368122543 core=4
job 82_ERF_24 end 1785368169402
job 96_ERF_12 started 1785368169402 core=1
job 69_ERF_48 end 1785368177788
job 80_SUM_132 started 1785368177788 core=0
job 74_SUM_132 end 1785368178634
job 85_SUM_108 started 1785368178634 core=5
job 96_ERF_12 end 1785368194529
job 87_SUM_108 started 1785368194529 core=1
job 89_ERF_48 end 1785368223287
job 92_SUM_132 started 1785368223288 core=4
job 85_SUM_108 end 1785368255566
job 94_SUM_132 started 1785368255566 core=5
job 80_SUM_132 end 1785368273708
job 56_COPY_60 started 1785368273708 core=0
job 87_SUM_108 end 1785368273777
job 62_COPY_60 started 1785368273777 core=1
job 92_SUM_132 end 1785368337275
job 59_COPY_84 started 1785368337275 core=4
job 62_COPY_60 end 1785368361481
job 72_COPY_84 started 1785368361481 core=1
job 56_COPY_60 end 1785368370712
job 75_COPY_84 started 1785368370712 core=0
job 94_SUM_132 end 1785368376431
job 29_DOT_36 started 1785368376431 core=5
job 29_DOT_36 end 1785368431381
job 37_DOT_36 started 1785368431382 core=5
job 37_DOT_36 end 1785368486298
job 43_DOT_84 started 1785368486299 core=5
job 72_COPY_84 end 1785368494499
job 45_DOT_84 started 1785368494499 core=1
job 59_COPY_84 end 1785368503339
job 58_DOT_36 started 1785368503339 core=4
job 75_COPY_84 end 1785368537055
job 79_DOT_36 started 1785368537056 core=0
job 58_DOT_36 end 1785368563825
job 97_DOT_84 started 1785368563826 core=4
job 79_DOT_36 end 1785368592221
job 43_DOT_84 end 1785368607825
job 45_DOT_84 end 1785368611880
job 97_DOT_84 end 1785368630171
  итерация 0: 1716722 ms
  среднее по 1 итерациям: 1716722 ms
=== Выполняется проект: no_po_3.txt (100 работ, перестановка ORDER) ===
fake 3 started 1785368630172 delay_ms=1
fake 2 started 1785368630172 delay_ms=0
fake 2 end 1785368630172
fake 0 started 1785368630172 delay_ms=0
fake 0 end 1785368630172
fake 1 started 1785368630172 delay_ms=0
fake 1 end 1785368630172
job 2_TGAMMA_60 started 1785368630172 core=4
job 3_XPY_60 started 1785368630172 core=5
job 1_XPY_60 started 1785368630172 core=1
fake 3 end 1785368630184
job 5_TGAMMA_12 started 1785368630185 core=0
job 5_TGAMMA_12 end 1785368637034
job 16_TGAMMA_120 started 1785368637034 core=0
job 2_TGAMMA_60 end 1785368664419
job 31_TGAMMA_12 started 1785368664419 core=4
job 31_TGAMMA_12 end 1785368671261
job 32_TGAMMA_60 started 1785368671261 core=4
job 1_XPY_60 end 1785368696825
job 12_XPY_60 started 1785368696825 core=1
job 3_XPY_60 end 1785368696871
job 29_XPY_48 started 1785368696871 core=5
job 32_TGAMMA_60 end 1785368705510
job 35_TGAMMA_120 started 1785368705510 core=4
job 16_TGAMMA_120 end 1785368705566
job 56_TGAMMA_120 started 1785368705566 core=0
job 29_XPY_48 end 1785368750181
job 33_XPY_48 started 1785368750181 core=5
job 12_XPY_60 end 1785368763263
job 36_XPY_48 started 1785368763263 core=1
job 35_TGAMMA_120 end 1785368774001
job 57_TGAMMA_120 started 1785368774001 core=4
job 56_TGAMMA_120 end 1785368774096
job 60_TGAMMA_60 started 1785368774096 core=0
job 33_XPY_48 end 1785368803483
job 68_TGAMMA_120 started 1785368803484 core=5
job 60_TGAMMA_60 end 1785368808352
job 65_XPY_48 started 1785368808352 core=0
job 36_XPY_48 end 1785368813116
job 67_XPY_48 started 1785368813116 core=1
job 57_TGAMMA_120 end 1785368843613
job 75_TGAMMA_120 started 1785368843613 core=4
job 65_XPY_48 end 1785368861073
job 80_XPY_48 started 1785368861073 core=0
job 67_XPY_48 end 1785368865544
job 81_TGAMMA_120 started 1785368865544 core=1
job 68_TGAMMA_120 end 1785368873811
job 94_XPY_48 started 1785368873811 core=5
job 80_XPY_48 end 1785368907755
job 83_TGAMMA_12 started 1785368907755 core=0
job 75_TGAMMA_120 end 1785368914065
job 86_TGAMMA_120 started 1785368914066 core=4
job 83_TGAMMA_12 end 1785368914577
job 13_XPY_60 started 1785368914577 core=0
job 94_XPY_48 end 1785368921424
job 44_XPY_60 started 1785368921424 core=5
job 81_TGAMMA_120 end 1785368935731
job 91_TGAMMA_60 started 1785368935731 core=1
job 91_TGAMMA_60 end 1785368971157
job 92_TGAMMA_120 started 1785368971157 core=1
job 13_XPY_60 end 1785368980388
job 95_TGAMMA_12 started 1785368980389 core=0
job 44_XPY_60 end 1785368984463
job 72_XPY_60 started 1785368984463 core=5
job 86_TGAMMA_120 end 1785368984686
job 8_POW_36 started 1785368984686 core=4
job 95_TGAMMA_12 end 1785368987239
job 15_SUM_108 started 1785368987239 core=0
job 92_TGAMMA_120 end 1785369042857
job 11_POW_24 started 1785369042857 core=1
job 15_SUM_108 end 1785369051765
job 21_COPY_84 started 1785369051766 core=0
job 72_XPY_60 end 1785369060360
job 30_SUM_108 started 1785369060361 core=5
job 8_POW_36 end 1785369093267
job 14_POW_36 started 1785369093267 core=4
job 11_POW_24 end 1785369114418
job 24_POW_24 started 1785369114418 core=1
job 30_SUM_108 end 1785369125257
job 34_SUM_132 started 1785369125258 core=5
job 24_POW_24 end 1785369180442
job 45_COPY_84 started 1785369180442 core=1
job 21_COPY_84 end 1785369186153
job 25_POW_24 started 1785369186153 core=0
job 34_SUM_132 end 1785369215974
job 27_POW_24 started 1785369215975 core=5
job 14_POW_36 end 1785369217646
job 40_SUM_132 started 1785369217646 core=4
job 25_POW_24 end 1785369251524
job 28_POW_36 started 1785369251524 core=0
job 40_SUM_132 end 1785369296940
job 38_POW_24 started 1785369296940 core=4
job 27_POW_24 end 1785369307562
job 46_COPY_84 started 1785369307562 core=5
job 45_COPY_84 end 1785369311668
job 41_SUM_132 started 1785369311671 core=1
job 28_POW_36 end 1785369348341
job 50_POW_24 started 1785369348341 core=0
job 38_POW_24 end 1785369360221
job 54_POW_24 started 1785369360221 core=4
job 50_POW_24 end 1785369412633
job 51_SUM_108 started 1785369412633 core=0
job 54_POW_24 end 1785369425308
job 52_COPY_84 started 1785369425308 core=4
job 46_COPY_84 end 1785369432263
job 70_POW_36 started 1785369432263 core=5
job 41_SUM_132 end 1785369434706
job 53_SUM_108 started 1785369434706 core=1
job 53_SUM_108 end 1785369501777
job 82_POW_12 started 1785369501777 core=1
job 51_SUM_108 end 1785369513024
job 99_POW_24 started 1785369513024 core=0
job 70_POW_36 end 1785369532667
job 64_SUM_84 started 1785369532667 core=5
job 82_POW_12 end 1785369533000
job 98_COPY_84 started 1785369533001 core=1
job 52_COPY_84 end 1785369554135
job 20_SQRTX_12 started 1785369554135 core=4
job 20_SQRTX_12 end 1785369570410
job 49_SQRTX_12 started 1785369570410 core=4
job 49_SQRTX_12 end 1785369586672
job 55_SQRTX_12 started 1785369586672 core=4
job 99_POW_24 end 1785369587100
job 0_ERF_12 started 1785369587100 core=0
job 64_SUM_84 end 1785369603020
job 4_ERF_12 started 1785369603020 core=5
job 55_SQRTX_12 end 1785369603799
job 58_SQRTX_12 started 1785369603799 core=4
job 0_ERF_12 end 1785369608592
job 7_ERF_48 started 1785369608592 core=0
job 58_SQRTX_12 end 1785369620240
job 97_SQRTX_12 started 1785369620241 core=4
job 4_ERF_12 end 1785369633991
job 10_ERF_24 started 1785369633991 core=5
job 97_SQRTX_12 end 1785369636758
job 26_SQRTX_48 started 1785369636758 core=4
job 98_COPY_84 end 1785369651512
job 17_ERF_48 started 1785369651513 core=1
job 10_ERF_24 end 1785369683545
job 9_COPY_60 started 1785369683545 core=5
job 7_ERF_48 end 1785369692392
job 63_SQRTX_48 started 1785369692393 core=0
job 26_SQRTX_48 end 1785369703243
job 22_ERF_48 started 1785369703243 core=4
job 63_SQRTX_48 end 1785369758383
job 62_COPY_60 started 1785369758383 core=0
job 17_ERF_48 end 1785369763254
job 37_ERF_24 started 1785369763254 core=1
job 9_COPY_60 end 1785369766865
job 39_ERF_24 started 1785369766865 core=5
job 22_ERF_48 end 1785369799865
job 42_ERF_48 started 1785369799865 core=4
job 37_ERF_24 end 1785369808495
job 43_ERF_24 started 1785369808495 core=1
job 39_ERF_24 end 1785369811098
job 47_ERF_48 started 1785369811098 core=5
job 62_COPY_60 end 1785369842904
job 66_SUM_108 started 1785369842904 core=0
job 43_ERF_24 end 1785369853632
job 48_ERF_24 started 1785369853632 core=1
job 48_ERF_24 end 1785369902194
job 69_SUM_132 started 1785369902194 core=1
job 47_ERF_48 end 1785369905524
job 59_ERF_48 started 1785369905524 core=5
job 66_SUM_108 end 1785369905666
job 61_ERF_12 started 1785369905666 core=0
job 42_ERF_48 end 1785369907587
job 73_ERF_48 started 1785369907587 core=4
job 61_ERF_12 end 1785369929992
job 74_ERF_24 started 1785369929992 core=0
job 74_ERF_24 end 1785369978634
job 76_SUM_132 started 1785369978634 core=0
job 69_SUM_132 end 1785369979193
job 84_ERF_24 started 1785369979194 core=1
job 59_ERF_48 end 1785370003278
job 89_ERF_24 started 1785370003278 core=5
job 73_ERF_48 end 1785370005340
job 77_SUM_132 started 1785370005341 core=4
job 84_ERF_24 end 1785370029267
job 85_SUM_132 started 1785370029267 core=1
job 89_ERF_24 end 1785370056087
job 88_SUM_108 started 1785370056087 core=5
job 76_SUM_132 end 1785370064369
job 71_COPY_60 started 1785370064369 core=0
job 77_SUM_132 end 1785370114102
job 90_COPY_60 started 1785370114102 core=4
job 85_SUM_132 end 1785370121668
job 6_DOT_36 started 1785370121668 core=1
job 88_SUM_108 end 1785370131310
job 18_DOT_84 started 1785370131310 core=5
job 6_DOT_36 end 1785370166921
job 19_DOT_84 started 1785370166921 core=1
job 71_COPY_60 end 1785370180549
job 23_DOT_84 started 1785370180550 core=0
job 90_COPY_60 end 1785370238323
job 78_DOT_84 started 1785370238324 core=4
job 18_DOT_84 end 1785370244776
job 79_DOT_36 started 1785370244776 core=5
job 19_DOT_84 end 1785370286193
job 93_DOT_36 started 1785370286194 core=1
job 79_DOT_36 end 1785370299784
job 96_DOT_84 started 1785370299784 core=5
job 23_DOT_84 end 1785370317216
job 87_XPY_60 started 1785370317216 core=0
job 93_DOT_36 end 1785370338958
job 78_DOT_84 end 1785370371161
job 96_DOT_84 end 1785370381031
job 87_XPY_60 end 1785370391427
  итерация 0: 1761255 ms
  среднее по 1 итерациям: 1761255 ms
=== Выполняется проект: no_po_4.txt (100 работ, перестановка ORDER) ===
fake 3 started 1785370391428 delay_ms=1
fake 2 started 1785370391428 delay_ms=0
fake 0 started 1785370391428 delay_ms=0
fake 0 end 1785370391428
fake 2 end 1785370391428
fake 1 started 1785370391428 delay_ms=0
fake 1 end 1785370391428
job 24_XPY_60 started 1785370391428 core=0
job 30_XPY_60 started 1785370391428 core=5
job 11_TGAMMA_60 started 1785370391428 core=4
fake 3 end 1785370391429
job 25_TGAMMA_60 started 1785370391429 core=1
job 11_TGAMMA_60 end 1785370426833
job 33_TGAMMA_12 started 1785370426833 core=4
job 25_TGAMMA_60 end 1785370426837
job 36_TGAMMA_12 started 1785370426837 core=1
job 33_TGAMMA_12 end 1785370434026
job 48_TGAMMA_120 started 1785370434026 core=4
job 36_TGAMMA_12 end 1785370434030
job 49_TGAMMA_60 started 1785370434031 core=1
job 30_XPY_60 end 1785370457298
job 45_XPY_60 started 1785370457298 core=5
job 24_XPY_60 end 1785370457618
job 0_XPY_48 started 1785370457618 core=0
job 49_TGAMMA_60 end 1785370469462
job 51_TGAMMA_12 started 1785370469462 core=1
job 51_TGAMMA_12 end 1785370476681
job 61_TGAMMA_12 started 1785370476681 core=1
job 61_TGAMMA_12 end 1785370483882
job 72_TGAMMA_60 started 1785370483883 core=1
job 48_TGAMMA_120 end 1785370504874
job 96_TGAMMA_12 started 1785370504875 core=4
job 0_XPY_48 end 1785370510395
job 2_POW_36 started 1785370510395 core=0
job 96_TGAMMA_12 end 1785370511994
job 6_POW_24 started 1785370511994 core=4
job 72_TGAMMA_60 end 1785370519339
job 16_SQRTX_12 started 1785370519340 core=1
job 45_XPY_60 end 1785370523509
job 79_XPY_60 started 1785370523509 core=5
job 16_SQRTX_12 end 1785370542718
job 70_SQRTX_12 started 1785370542718 core=1
job 70_SQRTX_12 end 1785370566650
job 88_SQRTX_12 started 1785370566650 core=1
job 6_POW_24 end 1785370572407
job 94_SQRTX_12 started 1785370572408 core=4
job 94_SQRTX_12 end 1785370588413
job 7_POW_24 started 1785370588413 core=4
job 88_SQRTX_12 end 1785370590745
job 34_SQRTX_48 started 1785370590746 core=1
job 2_POW_36 end 1785370601286
job 92_XPY_60 started 1785370601286 core=0
job 79_XPY_60 end 1785370603952
job 9_POW_12 started 1785370603953 core=5
job 9_POW_12 end 1785370634063
job 13_POW_36 started 1785370634064 core=5
job 34_SQRTX_48 end 1785370657978
job 15_POW_36 started 1785370657978 core=1
job 7_POW_24 end 1785370672744
job 35_SQRTX_48 started 1785370672744 core=4
job 92_XPY_60 end 1785370680829
job 20_XPY_48 started 1785370680829 core=0
job 13_POW_36 end 1785370725192
job 42_XPY_48 started 1785370725192 core=5
job 20_XPY_48 end 1785370745434
job 43_SQRTX_48 started 1785370745434 core=0
job 35_SQRTX_48 end 1785370760853
job 17_POW_24 started 1785370760854 core=4
job 15_POW_36 end 1785370761778
job 22_POW_36 started 1785370761778 core=1
job 42_XPY_48 end 1785370789961
job 58_XPY_48 started 1785370789961 core=5
job 43_SQRTX_48 end 1785370808719
job 53_SQRTX_48 started 1785370808719 core=0
job 17_POW_24 end 1785370821105
job 31_POW_24 started 1785370821105 core=4
job 58_XPY_48 end 1785370852418
job 85_XPY_48 started 1785370852419 core=5
job 53_SQRTX_48 end 1785370871338
job 37_POW_24 started 1785370871339 core=0
job 31_POW_24 end 1785370881631
job 64_SQRTX_48 started 1785370881632 core=4
job 22_POW_36 end 1785370898541
job 41_POW_36 started 1785370898541 core=1
job 85_XPY_48 end 1785370915668
job 14_DOT_84 started 1785370915669 core=5
job 37_POW_24 end 1785370933151
job 1_ERF_12 started 1785370933151 core=0
job 64_SQRTX_48 end 1785370948022
job 5_ERF_12 started 1785370948023 core=4
job 1_ERF_12 end 1785370957172
job 23_ERF_12 started 1785370957172 core=0
job 5_ERF_12 end 1785370973185
job 26_ERF_12 started 1785370973185 core=4
job 23_ERF_12 end 1785370982446
job 29_DOT_36 started 1785370982447 core=0
job 26_ERF_12 end 1785371002544
job 38_ERF_48 started 1785371002544 core=4
job 14_DOT_84 end 1785371006902
job 40_ERF_12 started 1785371006902 core=5
job 41_POW_36 end 1785371013918
job 68_SQRTX_48 started 1785371013919 core=1
job 29_DOT_36 end 1785371022581
job 95_SQRTX_48 started 1785371022581 core=0
job 40_ERF_12 end 1785371030040
job 46_DOT_36 started 1785371030041 core=5
job 46_DOT_36 end 1785371064324
job 60_DOT_84 started 1785371064324 core=5
job 95_SQRTX_48 end 1785371092767
job 44_ERF_48 started 1785371092767 core=0
job 68_SQRTX_48 end 1785371093738
job 55_ERF_12 started 1785371093738 core=1
job 38_ERF_48 end 1785371096220
job 76_ERF_12 started 1785371096220 core=4
job 76_ERF_12 end 1785371121025
job 91_ERF_24 started 1785371121027 core=4
job 55_ERF_12 end 1785371123771
job 93_ERF_12 started 1785371123771 core=1
job 60_DOT_84 end 1785371148329
job 47_POW_24 started 1785371148330 core=5
job 93_ERF_12 end 1785371152312
job 63_DOT_36 started 1785371152312 core=1
job 91_ERF_24 end 1785371170090
job 3_SUM_132 started 1785371170090 core=4
job 63_DOT_36 end 1785371192287
job 57_POW_12 started 1785371192287 core=1
job 44_ERF_48 end 1785371192898
job 27_COPY_84 started 1785371192898 core=0
job 47_POW_24 end 1785371219452
job 59_POW_12 started 1785371219452 core=5
job 57_POW_12 end 1785371224234
job 74_POW_12 started 1785371224234 core=1
job 59_POW_12 end 1785371251557
job 8_SUM_132 started 1785371251557 core=5
job 74_POW_12 end 1785371256885
job 77_POW_36 started 1785371256885 core=1
job 3_SUM_132 end 1785371287939
job 81_POW_12 started 1785371287939 core=4
job 27_COPY_84 end 1785371321121
job 82_POW_12 started 1785371321121 core=0
job 81_POW_12 end 1785371330748
job 32_COPY_84 started 1785371330748 core=4
job 8_SUM_132 end 1785371332464
job 86_POW_12 started 1785371332464 core=5
job 77_POW_36 end 1785371355389
job 10_SUM_108 started 1785371355389 core=1
job 82_POW_12 end 1785371361634
job 90_POW_12 started 1785371361634 core=0
job 86_POW_12 end 1785371364022
job 98_POW_12 started 1785371364022 core=5
job 98_POW_12 end 1785371396980
job 12_SUM_84 started 1785371396980 core=5
job 90_POW_12 end 1785371408895
job 18_SUM_108 started 1785371408895 core=0
job 10_SUM_108 end 1785371423074
job 21_SUM_108 started 1785371423075 core=1
job 12_SUM_84 end 1785371453825
job 28_SUM_132 started 1785371453825 core=5
job 32_COPY_84 end 1785371465785
job 39_SUM_132 started 1785371465785 core=4
job 21_SUM_108 end 1785371500130
job 50_SUM_84 started 1785371500130 core=1
job 18_SUM_108 end 1785371508257
job 56_SUM_132 started 1785371508257 core=0
job 28_SUM_132 end 1785371551928
job 65_SUM_84 started 1785371551928 core=5
job 50_SUM_84 end 1785371563640
job 66_SUM_108 started 1785371563640 core=1
job 39_SUM_132 end 1785371565087
job 67_SUM_132 started 1785371565087 core=4
job 56_SUM_132 end 1785371608128
job 75_SUM_132 started 1785371608129 core=0
job 65_SUM_84 end 1785371615088
job 78_SUM_108 started 1785371615088 core=5
job 66_SUM_108 end 1785371645043
job 83_SUM_108 started 1785371645043 core=1
job 67_SUM_132 end 1785371664465
job 87_SUM_108 started 1785371664465 core=4
job 78_SUM_108 end 1785371696694
job 97_SUM_132 started 1785371696694 core=5
job 75_SUM_132 end 1785371707582
job 4_COPY_60 started 1785371707582 core=0
job 83_SUM_108 end 1785371724900
job 19_COPY_60 started 1785371724900 core=1
job 87_SUM_108 end 1785371758618
job 54_COPY_60 started 1785371758618 core=4
job 97_SUM_132 end 1785371810707
job 62_COPY_60 started 1785371810707 core=5
job 4_COPY_60 end 1785371811346
job 69_COPY_60 started 1785371811346 core=0
job 19_COPY_60 end 1785371812191
job 99_COPY_60 started 1785371812191 core=1
job 54_COPY_60 end 1785371872161
job 52_COPY_84 started 1785371872162 core=4
job 62_COPY_60 end 1785371921136
job 71_COPY_84 started 1785371921136 core=5
job 69_COPY_60 end 1785371921839
job 73_COPY_84 started 1785371921839 core=0
job 99_COPY_60 end 1785371922335
job 89_COPY_84 started 1785371922336 core=1
job 52_COPY_84 end 1785372026798
job 80_DOT_36 started 1785372026799 core=4
job 73_COPY_84 end 1785372070764
job 84_DOT_36 started 1785372070765 core=0
job 80_DOT_36 end 1785372080194
job 71_COPY_84 end 1785372080320
job 89_COPY_84 end 1785372081034
job 84_DOT_36 end 1785372093330
  итерация 0: 1701901 ms
  среднее по 1 итерациям: 1701901 ms
=== Выполняется проект: no_po_5.txt (100 работ, перестановка ORDER) ===
fake 2 started 1785372093330 delay_ms=0
fake 2 end 1785372093330
fake 1 started 1785372093330 delay_ms=0
fake 0 started 1785372093330 delay_ms=0
fake 0 end 1785372093330
fake 1 end 1785372093330
fake 3 started 1785372093330 delay_ms=1
job 13_XPY_60 started 1785372093330 core=1
job 6_XPY_60 started 1785372093330 core=0
job 1_TGAMMA_12 started 1785372093331 core=5
fake 3 end 1785372093341
job 4_TGAMMA_60 started 1785372093342 core=4
job 1_TGAMMA_12 end 1785372100417
job 12_TGAMMA_12 started 1785372100418 core=5
job 12_TGAMMA_12 end 1785372107543
job 35_TGAMMA_120 started 1785372107543 core=5
job 4_TGAMMA_60 end 1785372128737
job 36_TGAMMA_120 started 1785372128738 core=4
job 13_XPY_60 end 1785372159125
job 14_XPY_60 started 1785372159125 core=1
job 6_XPY_60 end 1785372159290
job 2_XPY_48 started 1785372159290 core=0
job 35_TGAMMA_120 end 1785372178518
job 41_TGAMMA_60 started 1785372178518 core=5
job 36_TGAMMA_120 end 1785372199551
job 45_TGAMMA_60 started 1785372199551 core=4
job 2_XPY_48 end 1785372212007
job 51_TGAMMA_60 started 1785372212007 core=0
job 41_TGAMMA_60 end 1785372213975
job 17_XPY_48 started 1785372213975 core=5
job 14_XPY_60 end 1785372223345
job 53_TGAMMA_60 started 1785372223345 core=1
job 45_TGAMMA_60 end 1785372234169
job 26_XPY_48 started 1785372234169 core=4
job 51_TGAMMA_60 end 1785372246623
job 54_TGAMMA_12 started 1785372246623 core=0
job 54_TGAMMA_12 end 1785372253827
job 58_TGAMMA_60 started 1785372253828 core=0
job 53_TGAMMA_60 end 1785372258440
job 62_TGAMMA_120 started 1785372258440 core=1
job 17_XPY_48 end 1785372259355
job 55_XPY_48 started 1785372259355 core=5
job 26_XPY_48 end 1785372286490
job 63_TGAMMA_120 started 1785372286490 core=4
job 58_TGAMMA_60 end 1785372289209
job 61_XPY_48 started 1785372289210 core=0
job 55_XPY_48 end 1785372310374
job 85_XPY_48 started 1785372310374 core=5
job 62_TGAMMA_120 end 1785372328822
job 65_TGAMMA_12 started 1785372328822 core=1
job 65_TGAMMA_12 end 1785372336022
job 68_TGAMMA_120 started 1785372336022 core=1
job 61_XPY_48 end 1785372341640
job 91_XPY_48 started 1785372341640 core=0
job 63_TGAMMA_120 end 1785372357012
job 71_TGAMMA_12 started 1785372357013 core=4
job 85_XPY_48 end 1785372363054
job 72_TGAMMA_12 started 1785372363054 core=5
job 71_TGAMMA_12 end 1785372364169
job 80_TGAMMA_12 started 1785372364169 core=4
job 72_TGAMMA_12 end 1785372369882
job 81_TGAMMA_60 started 1785372369883 core=5
job 80_TGAMMA_12 end 1785372371181
job 16_XPY_60 started 1785372371181 core=4
job 91_XPY_48 end 1785372388481
job 21_XPY_60 started 1785372388481 core=0
job 81_TGAMMA_60 end 1785372404137
job 0_POW_24 started 1785372404138 core=5
job 68_TGAMMA_120 end 1785372405418
job 5_POW_24 started 1785372405418 core=1
job 16_XPY_60 end 1785372460413
job 23_SQRTX_12 started 1785372460413 core=4
job 0_POW_24 end 1785372465309
job 27_XPY_60 started 1785372465309 core=5
job 5_POW_24 end 1785372466955
job 25_SQRTX_12 started 1785372466955 core=1
job 21_XPY_60 end 1785372482796
job 15_POW_36 started 1785372482797 core=0
job 23_SQRTX_12 end 1785372484218
job 18_POW_24 started 1785372484219 core=4
job 25_SQRTX_12 end 1785372491357
job 73_SQRTX_48 started 1785372491358 core=1
job 18_POW_24 end 1785372544525
job 33_XPY_60 started 1785372544525 core=4
job 27_XPY_60 end 1785372546771
job 22_POW_24 started 1785372546772 core=5
job 73_SQRTX_48 end 1785372573082
job 88_SQRTX_48 started 1785372573083 core=1
job 15_POW_36 end 1785372588063
job 24_POW_36 started 1785372588063 core=0
job 22_POW_24 end 1785372607225
job 64_XPY_60 started 1785372607225 core=5
job 33_XPY_60 end 1785372623627
job 28_POW_36 started 1785372623627 core=4
job 88_SQRTX_48 end 1785372650269
job 98_SQRTX_48 started 1785372650269 core=1
job 64_XPY_60 end 1785372688095
job 83_XPY_60 started 1785372688096 core=5
job 24_POW_36 end 1785372690825
job 29_POW_24 started 1785372690825 core=0
job 28_POW_36 end 1785372714119
job 8_ERF_24 started 1785372714121 core=4
job 98_SQRTX_48 end 1785372745071
job 30_POW_36 started 1785372745071 core=1
job 29_POW_24 end 1785372752639
job 3_DOT_84 started 1785372752639 core=0
job 8_ERF_24 end 1785372758979
job 34_SUM_132 started 1785372758980 core=4
job 83_XPY_60 end 1785372770743
job 40_POW_36 started 1785372770743 core=5
job 3_DOT_84 end 1785372848425
job 44_POW_36 started 1785372848425 core=0
job 30_POW_36 end 1785372859066
job 38_SUM_84 started 1785372859066 core=1
job 34_SUM_132 end 1785372861747
job 7_COPY_84 started 1785372861747 core=4
job 40_POW_36 end 1785372876221
job 46_POW_12 started 1785372876221 core=5
job 46_POW_12 end 1785372909256
job 43_SUM_108 started 1785372909256 core=5
job 38_SUM_84 end 1785372909668
job 67_POW_36 started 1785372909668 core=1
job 43_SUM_108 end 1785372974434
job 75_POW_36 started 1785372974434 core=5
job 44_POW_36 end 1785372981316
job 56_SUM_84 started 1785372981316 core=0
job 7_COPY_84 end 1785372995131
job 37_COPY_84 started 1785372995131 core=4
job 67_POW_36 end 1785373007260
job 59_SUM_108 started 1785373007260 core=1
job 56_SUM_84 end 1785373062432
job 87_POW_36 started 1785373062432 core=0
job 59_SUM_108 end 1785373073903
job 92_POW_36 started 1785373073903 core=1
job 75_POW_36 end 1785373074635
job 69_SUM_132 started 1785373074635 core=5
job 37_COPY_84 end 1785373128751
job 47_COPY_84 started 1785373128753 core=4
job 69_SUM_132 end 1785373153850
job 94_POW_24 started 1785373153851 core=5
job 92_POW_36 end 1785373171723
job 70_SUM_84 started 1785373171724 core=1
job 87_POW_36 end 1785373199760
job 96_POW_36 started 1785373199760 core=0
job 94_POW_24 end 1785373218584
job 11_ERF_48 started 1785373218584 core=5
job 70_SUM_84 end 1785373222339
job 74_SUM_132 started 1785373222339 core=1
job 47_COPY_84 end 1785373260610
job 77_SUM_108 started 1785373260611 core=4
job 74_SUM_132 end 1785373307639
job 19_ERF_24 started 1785373307639 core=1
job 11_ERF_48 end 1785373318255
job 20_ERF_12 started 1785373318256 core=5
job 96_POW_36 end 1785373318814
job 78_SUM_108 started 1785373318814 core=0
job 77_SUM_108 end 1785373328859
job 31_ERF_12 started 1785373328859 core=4
job 20_ERF_12 end 1785373343143
job 32_ERF_48 started 1785373343143 core=5
job 31_ERF_12 end 1785373353286
job 42_ERF_48 started 1785373353287 core=4
job 19_ERF_24 end 1785373357042
job 50_ERF_24 started 1785373357042 core=1
job 78_SUM_108 end 1785373382805
job 79_SUM_132 started 1785373382805 core=0
job 50_ERF_24 end 1785373405397
job 84_ERF_24 started 1785373405397 core=1
job 32_ERF_48 end 1785373439969
job 90_ERF_24 started 1785373439970 core=5
job 42_ERF_48 end 1785373451306
job 82_SUM_108 started 1785373451306 core=4
job 84_ERF_24 end 1785373453982
job 86_SUM_132 started 1785373453982 core=1
job 79_SUM_132 end 1785373460995
job 93_SUM_84 started 1785373460995 core=0
job 90_ERF_24 end 1785373492582
job 97_SUM_84 started 1785373492583 core=5
job 93_SUM_84 end 1785373522023
job 10_COPY_60 started 1785373522023 core=0
job 82_SUM_108 end 1785373531881
job 39_COPY_60 started 1785373531881 core=4
job 86_SUM_132 end 1785373548505
job 52_COPY_60 started 1785373548505 core=1
job 97_SUM_84 end 1785373552606
job 76_COPY_60 started 1785373552607 core=5
job 10_COPY_60 end 1785373634509
job 48_COPY_84 started 1785373634509 core=0
job 39_COPY_60 end 1785373644933
job 57_COPY_84 started 1785373644933 core=4
job 52_COPY_60 end 1785373657347
job 60_COPY_84 started 1785373657347 core=1
job 76_COPY_60 end 1785373662755
job 89_COPY_84 started 1785373662755 core=5
job 48_COPY_84 end 1785373789027
job 95_COPY_84 started 1785373789027 core=0
job 57_COPY_84 end 1785373799074
job 9_DOT_36 started 1785373799074 core=4
job 60_COPY_84 end 1785373812756
job 49_DOT_36 started 1785373812756 core=1
job 89_COPY_84 end 1785373818479
job 66_DOT_84 started 1785373818479 core=5
job 9_DOT_36 end 1785373860379
job 99_DOT_84 started 1785373860379 core=4
job 49_DOT_36 end 1785373863502
job 66_DOT_84 end 1785373901433
job 95_COPY_84 end 1785373921041
job 99_DOT_84 end 1785373936569
  итерация 0: 1843239 ms
  среднее по 1 итерациям: 1843239 ms
=== Выполняется проект: no_po_6.txt (100 работ, перестановка ORDER) ===
fake 3 started 1785373936570 delay_ms=1
fake 2 started 1785373936570 delay_ms=0
fake 2 end 1785373936570
fake 0 started 1785373936570 delay_ms=0
fake 0 end 1785373936570
fake 1 started 1785373936570 delay_ms=0
fake 1 end 1785373936570
job 18_XPY_60 started 1785373936570 core=4
job 20_XPY_60 started 1785373936570 core=0
fake 3 end 1785373936571
job 6_TGAMMA_60 started 1785373936571 core=5
job 10_TGAMMA_120 started 1785373936587 core=1
job 6_TGAMMA_60 end 1785373970795
job 15_TGAMMA_12 started 1785373970795 core=5
job 15_TGAMMA_12 end 1785373977625
job 27_TGAMMA_60 started 1785373977626 core=5
job 18_XPY_60 end 1785374003540
job 28_TGAMMA_60 started 1785374003540 core=4
job 20_XPY_60 end 1785374003574
job 48_XPY_60 started 1785374003575 core=0
job 10_TGAMMA_120 end 1785374004975
job 26_XPY_48 started 1785374004975 core=1
job 27_TGAMMA_60 end 1785374012054
job 54_TGAMMA_60 started 1785374012055 core=5
job 28_TGAMMA_60 end 1785374038899
job 64_TGAMMA_12 started 1785374038900 core=4
job 64_TGAMMA_12 end 1785374046103
job 67_TGAMMA_12 started 1785374046103 core=4
job 54_TGAMMA_60 end 1785374047517
job 68_TGAMMA_12 started 1785374047517 core=5
job 67_TGAMMA_12 end 1785374053311
job 90_TGAMMA_12 started 1785374053311 core=4
job 68_TGAMMA_12 end 1785374054717
job 0_POW_24 started 1785374054718 core=5
job 26_XPY_48 end 1785374058530
job 9_POW_36 started 1785374058530 core=1
job 90_TGAMMA_12 end 1785374060501
job 7_SQRTX_12 started 1785374060501 core=4
job 48_XPY_60 end 1785374070223
job 50_XPY_60 started 1785374070223 core=0
job 7_SQRTX_12 end 1785374083883
job 19_SQRTX_12 started 1785374083883 core=4
job 19_SQRTX_12 end 1785374107821
job 37_SQRTX_12 started 1785374107822 core=4
job 0_POW_24 end 1785374116446
job 72_SQRTX_12 started 1785374116446 core=5
job 37_SQRTX_12 end 1785374131878
job 11_POW_24 started 1785374131879 core=4
job 72_SQRTX_12 end 1785374132418
job 92_SQRTX_12 started 1785374132418 core=5
job 92_SQRTX_12 end 1785374148025
job 60_XPY_60 started 1785374148026 core=5
job 9_POW_36 end 1785374149157
job 1_SQRTX_48 started 1785374149157 core=1
job 50_XPY_60 end 1785374150566
job 12_POW_36 started 1785374150566 core=0
job 11_POW_24 end 1785374198556
job 13_POW_36 started 1785374198556 core=4
job 60_XPY_60 end 1785374228212
job 63_XPY_60 started 1785374228212 core=5
job 12_POW_36 end 1785374241289
job 53_SQRTX_48 started 1785374241289 core=0
job 1_SQRTX_48 end 1785374243962
job 21_POW_36 started 1785374243962 core=1
job 13_POW_36 end 1785374289000
job 66_XPY_60 started 1785374289000 core=4
job 63_XPY_60 end 1785374307701
job 80_SQRTX_48 started 1785374307701 core=5
job 53_SQRTX_48 end 1785374311661
job 31_POW_36 started 1785374311662 core=0
job 21_POW_36 end 1785374355785
job 47_XPY_48 started 1785374355786 core=1
job 66_XPY_60 end 1785374368898
job 86_SQRTX_48 started 1785374368898 core=4
job 80_SQRTX_48 end 1785374377858
job 38_POW_24 started 1785374377858 core=5
job 47_XPY_48 end 1785374419322
job 43_POW_36 started 1785374419323 core=1
job 31_POW_36 end 1785374421645
job 57_XPY_48 started 1785374421645 core=0
job 86_SQRTX_48 end 1785374436325
job 2_ERF_48 started 1785374436325 core=4
job 38_POW_24 end 1785374452545
job 46_POW_36 started 1785374452546 core=5
job 57_XPY_48 end 1785374486763
job 59_XPY_48 started 1785374486764 core=0
job 43_POW_36 end 1785374510826
job 52_POW_24 started 1785374510826 core=1
job 46_POW_36 end 1785374544410
job 3_DOT_84 started 1785374544410 core=5
job 59_XPY_48 end 1785374552500
job 8_SUM_84 started 1785374552501 core=0
job 2_ERF_48 end 1785374572495
job 55_POW_12 started 1785374572495 core=4
job 52_POW_24 end 1785374580672
job 56_POW_36 started 1785374580672 core=1
job 55_POW_12 end 1785374608987
job 16_SUM_108 started 1785374608987 core=4
job 8_SUM_84 end 1785374609625
job 65_POW_24 started 1785374609625 core=0
job 3_DOT_84 end 1785374641496
job 14_COPY_84 started 1785374641496 core=5
job 16_SUM_108 end 1785374676993
job 22_SUM_108 started 1785374676994 core=4
job 65_POW_24 end 1785374679131
job 69_POW_12 started 1785374679131 core=0
job 69_POW_12 end 1785374712127
job 76_POW_36 started 1785374712129 core=0
job 56_POW_36 end 1785374713829
job 79_POW_36 started 1785374713829 core=1
job 22_SUM_108 end 1785374742098
job 30_SUM_84 started 1785374742099 core=4
job 14_COPY_84 end 1785374776728
job 41_COPY_84 started 1785374776729 core=5
job 30_SUM_84 end 1785374792511
job 34_SUM_132 started 1785374792511 core=4
job 76_POW_36 end 1785374811202
job 84_POW_36 started 1785374811202 core=0
job 79_POW_36 end 1785374852339
job 94_POW_12 started 1785374852340 core=1
job 34_SUM_132 end 1785374871948
job 97_POW_24 started 1785374871949 core=4
job 94_POW_12 end 1785374896615
job 40_COPY_60 started 1785374896616 core=1
job 84_POW_36 end 1785374907636
job 35_SUM_108 started 1785374907636 core=0
job 41_COPY_84 end 1785374911541
job 4_ERF_24 started 1785374911541 core=5
job 97_POW_24 end 1785374935006
job 5_ERF_24 started 1785374935006 core=4
job 35_SUM_108 end 1785374971279
job 17_ERF_48 started 1785374971279 core=0
job 4_ERF_24 end 1785374980517
job 45_SUM_132 started 1785374980517 core=5
job 5_ERF_24 end 1785374982932
job 23_ERF_48 started 1785374982933 core=4
job 40_COPY_60 end 1785374991448
job 24_ERF_48 started 1785374991448 core=1
job 45_SUM_132 end 1785375061128
job 49_SUM_108 started 1785375061131 core=5
job 17_ERF_48 end 1785375066901
job 25_ERF_24 started 1785375066902 core=0
job 23_ERF_48 end 1785375079511
job 33_ERF_24 started 1785375079511 core=4
job 24_ERF_48 end 1785375089566
job 36_ERF_24 started 1785375089566 core=1
job 25_ERF_24 end 1785375115510
job 39_ERF_48 started 1785375115511 core=0
job 49_SUM_108 end 1785375123620
job 70_SUM_84 started 1785375123621 core=5
job 33_ERF_24 end 1785375127970
job 42_ERF_12 started 1785375127970 core=4
job 36_ERF_24 end 1785375139003
job 44_ERF_24 started 1785375139003 core=1
job 42_ERF_12 end 1785375152212
job 74_SUM_84 started 1785375152213 core=4
job 70_SUM_84 end 1785375174523
job 58_ERF_48 started 1785375174524 core=5
job 44_ERF_24 end 1785375188882
job 61_ERF_12 started 1785375188882 core=1
job 74_SUM_84 end 1785375203585
job 62_ERF_48 started 1785375203585 core=4
job 61_ERF_12 end 1785375212236
job 85_SUM_84 started 1785375212237 core=1
job 39_ERF_48 end 1785375213190
job 73_ERF_12 started 1785375213191 core=0
job 73_ERF_12 end 1785375237527
job 75_ERF_12 started 1785375237527 core=0
job 85_SUM_84 end 1785375260942
job 88_SUM_132 started 1785375260942 core=1
job 75_ERF_12 end 1785375261767
job 81_ERF_24 started 1785375261767 core=0
job 58_ERF_48 end 1785375271804
job 82_ERF_24 started 1785375271805 core=5
job 62_ERF_48 end 1785375299601
job 83_ERF_48 started 1785375299601 core=4
job 81_ERF_24 end 1785375310315
job 99_ERF_12 started 1785375310316 core=0
job 82_ERF_24 end 1785375320986
job 91_SUM_108 started 1785375320986 core=5
job 99_ERF_12 end 1785375335613
job 95_SUM_84 started 1785375335614 core=0
job 88_SUM_132 end 1785375339591
job 51_COPY_60 started 1785375339592 core=1
job 95_SUM_84 end 1785375389748
job 29_DOT_36 started 1785375389749 core=0
job 83_ERF_48 end 1785375401688
job 32_DOT_36 started 1785375401688 core=4
job 91_SUM_108 end 1785375421215
job 71_DOT_36 started 1785375421215 core=5
job 51_COPY_60 end 1785375436279
job 77_DOT_36 started 1785375436279 core=1
job 29_DOT_36 end 1785375436300
job 78_DOT_84 started 1785375436301 core=0
job 32_DOT_36 end 1785375452639
job 87_DOT_84 started 1785375452640 core=4
job 71_DOT_36 end 1785375477524
job 89_DOT_84 started 1785375477525 core=5
job 77_DOT_36 end 1785375490608
job 93_DOT_84 started 1785375490609 core=1
job 78_DOT_84 end 1785375563804
job 96_DOT_36 started 1785375563804 core=0
job 87_DOT_84 end 1785375580136
job 98_DOT_36 started 1785375580136 core=4
job 89_DOT_84 end 1785375605197
job 93_DOT_84 end 1785375612419
job 96_DOT_36 end 1785375615576
job 98_DOT_36 end 1785375620325
  итерация 0: 1683754 ms
  среднее по 1 итерациям: 1683754 ms
execution completed -> tbb_greedy_closest_bus_results_fix2.txt
