nohup: ввод игнорируется
=== Выполняется проект: no_po_1.txt (100 работ, перестановка ORDER) ===
fake 3 started 1785350236534 delay_ms=1
fake 1 started 1785350236534 delay_ms=0
fake 1 end 1785350236534
fake 0 started 1785350236534 delay_ms=0
fake 2 started 1785350236534 delay_ms=0
fake 2 end 1785350236534
fake 0 end 1785350236534
job 45_POW_36 started 1785350236534 core=4
job 64_POW_36 started 1785350236534 core=5
fake 3 end 1785350236535
job 25_COPY_84 started 1785350236535 core=1
job 65_POW_36 started 1785350236553 core=0
job 45_POW_36 end 1785350328963
job 58_COPY_84 started 1785350328963 core=4
job 65_POW_36 end 1785350329262
job 81_POW_36 started 1785350329262 core=0
job 25_COPY_84 end 1785350358640
job 8_TGAMMA_120 started 1785350358641 core=1
job 64_POW_36 end 1785350362431
job 63_COPY_84 started 1785350362431 core=5
job 8_TGAMMA_120 end 1785350428899
job 40_TGAMMA_120 started 1785350428900 core=1
job 58_COPY_84 end 1785350447620
job 71_COPY_84 started 1785350447621 core=4
job 81_POW_36 end 1785350453918
job 57_TGAMMA_120 started 1785350453918 core=0
job 63_COPY_84 end 1785350456050
job 61_TGAMMA_120 started 1785350456051 core=5
job 40_TGAMMA_120 end 1785350498039
job 1_DOT_84 started 1785350498039 core=1
job 71_COPY_84 end 1785350509025
job 67_TGAMMA_120 started 1785350509026 core=4
job 57_TGAMMA_120 end 1785350523413
job 18_DOT_84 started 1785350523413 core=0
job 61_TGAMMA_120 end 1785350524749
job 69_TGAMMA_120 started 1785350524749 core=5
job 1_DOT_84 end 1785350563257
job 89_TGAMMA_120 started 1785350563258 core=1
job 67_TGAMMA_120 end 1785350578485
job 21_DOT_84 started 1785350578485 core=4
job 18_DOT_84 end 1785350589863
job 94_TGAMMA_120 started 1785350589863 core=0
job 69_TGAMMA_120 end 1785350594194
job 24_DOT_84 started 1785350594194 core=5
job 89_TGAMMA_120 end 1785350632750
job 9_POW_24 started 1785350632750 core=1
job 21_DOT_84 end 1785350651267
job 23_POW_24 started 1785350651268 core=4
job 94_TGAMMA_120 end 1785350659965
job 42_DOT_84 started 1785350659965 core=0
job 24_DOT_84 end 1785350679327
job 37_POW_24 started 1785350679328 core=5
job 9_POW_24 end 1785350708340
job 49_DOT_84 started 1785350708341 core=1
job 23_POW_24 end 1785350728052
job 38_POW_24 started 1785350728052 core=4
job 37_POW_24 end 1785350757488
job 50_POW_24 started 1785350757488 core=5
job 42_DOT_84 end 1785350757678
job 59_DOT_84 started 1785350757678 core=0
job 49_DOT_84 end 1785350808222
job 56_POW_24 started 1785350808222 core=1
job 38_POW_24 end 1785350812675
job 82_DOT_84 started 1785350812676 core=4
job 50_POW_24 end 1785350836385
job 72_POW_24 started 1785350836385 core=5
job 59_DOT_84 end 1785350863304
job 74_POW_24 started 1785350863304 core=0
job 56_POW_24 end 1785350878472
job 92_DOT_84 started 1785350878473 core=1
job 72_POW_24 end 1785350912801
job 75_POW_24 started 1785350912802 core=5
job 82_DOT_84 end 1785350916819
job 95_DOT_84 started 1785350916820 core=4
job 74_POW_24 end 1785350946772
job 79_POW_24 started 1785350946772 core=0
job 92_DOT_84 end 1785350978559
job 85_POW_24 started 1785350978559 core=1
job 75_POW_24 end 1785350993966
job 22_SUM_132 started 1785350993967 core=5
job 95_DOT_84 end 1785351015048
job 12_SQRTX_48 started 1785351015048 core=4
job 79_POW_24 end 1785351026641
job 29_SUM_132 started 1785351026641 core=0
job 85_POW_24 end 1785351047200
job 14_SQRTX_48 started 1785351047200 core=1
job 22_SUM_132 end 1785351076524
job 16_SQRTX_48 started 1785351076524 core=5
job 12_SQRTX_48 end 1785351080991
job 76_SUM_132 started 1785351080991 core=4
job 29_SUM_132 end 1785351110455
job 31_SQRTX_48 started 1785351110455 core=0
job 14_SQRTX_48 end 1785351113551
job 2_XPY_60 started 1785351113551 core=1
job 16_SQRTX_48 end 1785351157944
job 53_SQRTX_48 started 1785351157945 core=5
job 76_SUM_132 end 1785351158872
job 91_SQRTX_48 started 1785351158872 core=4
job 31_SQRTX_48 end 1785351174186
job 99_XPY_60 started 1785351174187 core=0
job 2_XPY_60 end 1785351198829
job 97_SQRTX_48 started 1785351198830 core=1
job 53_SQRTX_48 end 1785351239322
job 20_COPY_60 started 1785351239323 core=5
job 91_SQRTX_48 end 1785351252235
job 98_SQRTX_48 started 1785351252235 core=4
job 99_XPY_60 end 1785351261394
job 7_TGAMMA_60 started 1785351261394 core=0
job 97_SQRTX_48 end 1785351273956
job 51_COPY_60 started 1785351273956 core=1
job 7_TGAMMA_60 end 1785351295879
job 27_TGAMMA_60 started 1785351295880 core=0
job 98_SQRTX_48 end 1785351299591
job 54_COPY_60 started 1785351299591 core=4
job 27_TGAMMA_60 end 1785351331044
job 52_TGAMMA_60 started 1785351331044 core=0
job 20_COPY_60 end 1785351335700
job 66_TGAMMA_60 started 1785351335700 core=5
job 51_COPY_60 end 1785351362907
job 77_COPY_60 started 1785351362909 core=1
job 54_COPY_60 end 1785351364898
job 88_TGAMMA_60 started 1785351364899 core=4
job 52_TGAMMA_60 end 1785351366263
job 80_COPY_60 started 1785351366263 core=0
job 66_TGAMMA_60 end 1785351370873
job 0_ERF_24 started 1785351370873 core=5
job 88_TGAMMA_60 end 1785351399955
job 4_ERF_24 started 1785351399955 core=4
job 0_ERF_24 end 1785351433762
job 5_SUM_108 started 1785351433763 core=5
job 80_COPY_60 end 1785351441551
job 17_ERF_24 started 1785351441551 core=0
job 77_COPY_60 end 1785351443638
job 6_SUM_108 started 1785351443639 core=1
job 4_ERF_24 end 1785351459169
job 26_ERF_24 started 1785351459169 core=4
job 17_ERF_24 end 1785351493995
job 30_ERF_24 started 1785351493995 core=0
job 5_SUM_108 end 1785351506924
job 33_SUM_108 started 1785351506925 core=5
job 26_ERF_24 end 1785351511649
job 32_ERF_24 started 1785351511649 core=4
job 6_SUM_108 end 1785351514074
job 41_SUM_108 started 1785351514075 core=1
job 30_ERF_24 end 1785351546475
job 55_ERF_24 started 1785351546475 core=0
job 32_ERF_24 end 1785351564112
job 70_ERF_24 started 1785351564112 core=4
job 33_SUM_108 end 1785351577240
job 78_SUM_108 started 1785351577241 core=5
job 41_SUM_108 end 1785351584512
job 13_POW_12 started 1785351584512 core=1
job 55_ERF_24 end 1785351598253
job 28_XPY_48 started 1785351598253 core=0
job 13_POW_12 end 1785351616836
job 15_POW_12 started 1785351616836 core=1
job 70_ERF_24 end 1785351623954
job 36_POW_12 started 1785351623954 core=4
job 78_SUM_108 end 1785351642375
job 35_XPY_48 started 1785351642375 core=5
job 15_POW_12 end 1785351652444
job 62_POW_12 started 1785351652444 core=1
job 28_XPY_48 end 1785351668690
job 46_XPY_48 started 1785351668691 core=0
job 36_POW_12 end 1785351672052
job 19_ERF_12 started 1785351672052 core=4
job 62_POW_12 end 1785351699207
job 73_ERF_12 started 1785351699208 core=1
job 19_ERF_12 end 1785351707767
job 84_XPY_48 started 1785351707768 core=4
job 35_XPY_48 end 1785351708176
job 86_ERF_12 started 1785351708177 core=5
job 73_ERF_12 end 1785351724925
job 90_XPY_48 started 1785351724926 core=1
job 86_ERF_12 end 1785351733473
job 96_ERF_12 started 1785351733473 core=5
job 46_XPY_48 end 1785351743237
job 44_SQRTX_12 started 1785351743238 core=0
job 44_SQRTX_12 end 1785351767607
job 3_SUM_84 started 1785351767607 core=0
job 96_ERF_12 end 1785351769155
job 47_SQRTX_12 started 1785351769155 core=5
job 84_XPY_48 end 1785351783692
job 39_SUM_84 started 1785351783692 core=4
job 90_XPY_48 end 1785351792067
job 68_SQRTX_12 started 1785351792067 core=1
job 47_SQRTX_12 end 1785351794050
job 93_SQRTX_12 started 1785351794050 core=5
job 68_SQRTX_12 end 1785351809730
job 87_SUM_84 started 1785351809730 core=1
job 93_SQRTX_12 end 1785351811906
job 34_TGAMMA_12 started 1785351811906 core=5
job 34_TGAMMA_12 end 1785351818941
job 10_DOT_36 started 1785351818942 core=5
job 3_SUM_84 end 1785351827056
job 43_TGAMMA_12 started 1785351827057 core=0
job 43_TGAMMA_12 end 1785351834170
job 48_TGAMMA_12 started 1785351834170 core=0
job 39_SUM_84 end 1785351835522
job 11_DOT_36 started 1785351835522 core=4
job 48_TGAMMA_12 end 1785351841360
job 60_TGAMMA_12 started 1785351841361 core=0
job 60_TGAMMA_12 end 1785351848583
job 83_DOT_36 started 1785351848583 core=0
job 10_DOT_36 end 1785351864202
job 87_SUM_84 end 1785351870828
job 11_DOT_36 end 1785351876339
job 83_DOT_36 end 1785351882661
  итерация 0: 1646128 ms
  среднее по 1 итерациям: 1646128 ms
=== Выполняется проект: no_po_2.txt (100 работ, перестановка ORDER) ===
fake 3 started 1785351882662 delay_ms=1
fake 2 started 1785351882662 delay_ms=0
fake 2 end 1785351882662
fake 1 started 1785351882662 delay_ms=0
fake 1 end 1785351882662
fake 0 started 1785351882662 delay_ms=0
fake 0 end 1785351882662
job 84_POW_36 started 1785351882662 core=0
job 71_POW_36 started 1785351882662 core=4
fake 3 end 1785351882663
job 42_COPY_84 started 1785351882663 core=1
job 99_POW_36 started 1785351882690 core=5
job 71_POW_36 end 1785351975172
job 49_COPY_84 started 1785351975174 core=4
job 84_POW_36 end 1785351975552
job 19_TGAMMA_120 started 1785351975553 core=0
job 42_COPY_84 end 1785352004198
job 52_COPY_84 started 1785352004198 core=1
job 99_POW_36 end 1785352009671
job 55_TGAMMA_120 started 1785352009671 core=5
job 19_TGAMMA_120 end 1785352046123
job 54_COPY_84 started 1785352046124 core=0
job 55_TGAMMA_120 end 1785352080061
job 83_TGAMMA_120 started 1785352080061 core=5
job 49_COPY_84 end 1785352081691
job 95_TGAMMA_120 started 1785352081691 core=4
job 52_COPY_84 end 1785352097220
job 59_COPY_84 started 1785352097220 core=1
job 83_TGAMMA_120 end 1785352150422
job 5_ERF_48 started 1785352150422 core=5
job 95_TGAMMA_120 end 1785352152072
job 72_COPY_84 started 1785352152072 core=4
job 54_COPY_84 end 1785352152561
job 13_ERF_48 started 1785352152561 core=0
job 59_COPY_84 end 1785352199695
job 75_COPY_84 started 1785352199695 core=1
job 72_COPY_84 end 1785352270873
job 14_ERF_48 started 1785352270873 core=4
job 5_ERF_48 end 1785352276266
job 4_DOT_84 started 1785352276267 core=5
job 13_ERF_48 end 1785352276514
job 57_ERF_48 started 1785352276515 core=0
job 75_COPY_84 end 1785352323812
job 23_DOT_84 started 1785352323812 core=1
job 14_ERF_48 end 1785352369922
job 69_ERF_48 started 1785352369923 core=4
job 57_ERF_48 end 1785352377036
job 89_ERF_48 started 1785352377037 core=0
job 4_DOT_84 end 1785352392601
job 27_DOT_84 started 1785352392601 core=5
job 23_DOT_84 end 1785352433347
job 28_POW_24 started 1785352433348 core=1
job 69_ERF_48 end 1785352473764
job 43_DOT_84 started 1785352473765 core=4
job 89_ERF_48 end 1785352482413
job 39_POW_24 started 1785352482413 core=0
job 27_DOT_84 end 1785352491542
job 45_DOT_84 started 1785352491542 core=5
job 28_POW_24 end 1785352511745
job 40_POW_24 started 1785352511746 core=1
job 39_POW_24 end 1785352567518
job 97_DOT_84 started 1785352567519 core=0
job 43_DOT_84 end 1785352575072
job 47_POW_24 started 1785352575073 core=4
job 45_DOT_84 end 1785352591576
job 91_POW_24 started 1785352591576 core=5
job 40_POW_24 end 1785352595970
job 7_SUM_132 started 1785352595970 core=1
job 47_POW_24 end 1785352659100
job 98_POW_24 started 1785352659100 core=4
job 91_POW_24 end 1785352664708
job 10_SUM_132 started 1785352664708 core=5
job 97_DOT_84 end 1785352667883
job 61_SQRTX_48 started 1785352667883 core=0
job 7_SUM_132 end 1785352683254
job 16_SUM_132 started 1785352683255 core=1
job 98_POW_24 end 1785352728456
job 77_SQRTX_48 started 1785352728457 core=4
job 61_SQRTX_48 end 1785352741821
job 18_SUM_132 started 1785352741821 core=0
job 10_SUM_132 end 1785352749197
job 86_SQRTX_48 started 1785352749198 core=5
job 16_SUM_132 end 1785352766882
job 20_SUM_132 started 1785352766882 core=1
job 77_SQRTX_48 end 1785352794617
job 22_TGAMMA_60 started 1785352794617 core=4
job 86_SQRTX_48 end 1785352814091
job 32_TGAMMA_60 started 1785352814091 core=5
job 18_SUM_132 end 1785352816060
job 74_SUM_132 started 1785352816060 core=0
job 22_TGAMMA_60 end 1785352829652
job 46_TGAMMA_60 started 1785352829653 core=4
job 20_SUM_132 end 1785352839867
job 80_SUM_132 started 1785352839867 core=1
job 32_TGAMMA_60 end 1785352849154
job 90_TGAMMA_60 started 1785352849154 core=5
job 46_TGAMMA_60 end 1785352864711
job 92_SUM_132 started 1785352864711 core=4
job 74_SUM_132 end 1785352881782
job 93_TGAMMA_60 started 1785352881782 core=0
job 90_TGAMMA_60 end 1785352884259
job 94_SUM_132 started 1785352884260 core=5
job 80_SUM_132 end 1785352909393
job 0_ERF_24 started 1785352909394 core=1
job 93_TGAMMA_60 end 1785352916939
job 15_ERF_24 started 1785352916939 core=0
job 92_SUM_132 end 1785352937815
job 21_XPY_60 started 1785352937815 core=4
job 0_ERF_24 end 1785352959899
job 50_ERF_24 started 1785352959900 core=1
job 94_SUM_132 end 1785352969083
job 35_XPY_60 started 1785352969084 core=5
job 15_ERF_24 end 1785352982177
job 63_ERF_24 started 1785352982177 core=0
job 21_XPY_60 end 1785353021597
job 73_XPY_60 started 1785353021597 core=4
job 50_ERF_24 end 1785353026105
job 65_ERF_24 started 1785353026106 core=1
job 35_XPY_60 end 1785353050200
job 1_COPY_60 started 1785353050200 core=5
job 63_ERF_24 end 1785353052594
job 66_ERF_24 started 1785353052594 core=0
job 65_ERF_24 end 1785353091475
job 56_COPY_60 started 1785353091475 core=1
job 73_XPY_60 end 1785353102480
job 82_ERF_24 started 1785353102480 core=4
job 66_ERF_24 end 1785353115468
job 2_POW_12 started 1785353115470 core=0
job 82_ERF_24 end 1785353146159
job 62_COPY_60 started 1785353146160 core=4
job 2_POW_12 end 1785353147022
job 24_POW_12 started 1785353147022 core=0
job 1_COPY_60 end 1785353147975
job 36_SUM_108 started 1785353147976 core=5
job 56_COPY_60 end 1785353190355
job 25_POW_12 started 1785353190355 core=1
job 24_POW_12 end 1785353191079
job 64_SUM_108 started 1785353191079 core=0
job 25_POW_12 end 1785353224565
job 30_POW_12 started 1785353224565 core=1
job 36_SUM_108 end 1785353229112
job 85_SUM_108 started 1785353229112 core=5
job 62_COPY_60 end 1785353238863
job 31_POW_12 started 1785353238863 core=4
job 30_POW_12 end 1785353260244
job 33_POW_12 started 1785353260244 core=1
job 31_POW_12 end 1785353275081
job 87_SUM_108 started 1785353275081 core=4
job 64_SUM_108 end 1785353279978
job 34_POW_12 started 1785353279979 core=0
job 33_POW_12 end 1785353296447
job 38_XPY_48 started 1785353296447 core=1
job 85_SUM_108 end 1785353300578
job 76_POW_12 started 1785353300578 core=5
job 34_POW_12 end 1785353314571
job 41_XPY_48 started 1785353314571 core=0
job 76_POW_12 end 1785353350269
job 88_POW_12 started 1785353350269 core=5
job 87_SUM_108 end 1785353355794
job 48_XPY_48 started 1785353355794 core=4
job 38_XPY_48 end 1785353366584
job 3_ERF_12 started 1785353366584 core=1
job 88_POW_12 end 1785353387299
job 11_SUM_84 started 1785353387299 core=5
job 3_ERF_12 end 1785353388828
job 6_ERF_12 started 1785353388828 core=1
job 41_XPY_48 end 1785353392805
job 67_ERF_12 started 1785353392805 core=0
job 6_ERF_12 end 1785353413340
job 44_SUM_84 started 1785353413340 core=1
job 67_ERF_12 end 1785353433461
job 68_ERF_12 started 1785353433461 core=0
job 48_XPY_48 end 1785353436378
job 60_SUM_84 started 1785353436378 core=4
job 11_SUM_84 end 1785353439487
job 78_ERF_12 started 1785353439487 core=5
job 68_ERF_12 end 1785353460335
job 70_SUM_84 started 1785353460335 core=0
job 78_ERF_12 end 1785353464950
job 81_ERF_12 started 1785353464951 core=5
job 44_SUM_84 end 1785353469230
job 9_DOT_36 started 1785353469231 core=1
job 60_SUM_84 end 1785353494423
job 96_ERF_12 started 1785353494423 core=4
job 81_ERF_12 end 1785353496211
job 8_SQRTX_12 started 1785353496211 core=5
job 9_DOT_36 end 1785353512580
job 26_DOT_36 started 1785353512580 core=1
job 8_SQRTX_12 end 1785353517346
job 17_SQRTX_12 started 1785353517346 core=5
job 70_SUM_84 end 1785353517374
job 29_DOT_36 started 1785353517374 core=0
job 96_ERF_12 end 1785353519910
job 51_SQRTX_12 started 1785353519910 core=4
job 17_SQRTX_12 end 1785353538337
job 37_DOT_36 started 1785353538337 core=5
job 51_SQRTX_12 end 1785353541001
job 53_SQRTX_12 started 1785353541001 core=4
job 26_DOT_36 end 1785353555645
job 58_DOT_36 started 1785353555646 core=1
job 29_DOT_36 end 1785353559005
job 12_TGAMMA_12 started 1785353559005 core=0
job 53_SQRTX_12 end 1785353561409
job 79_DOT_36 started 1785353561409 core=4
job 12_TGAMMA_12 end 1785353566067
job 37_DOT_36 end 1785353588922
job 79_DOT_36 end 1785353590962
job 58_DOT_36 end 1785353595341
  итерация 0: 1712678 ms
  среднее по 1 итерациям: 1712678 ms
=== Выполняется проект: no_po_3.txt (100 работ, перестановка ORDER) ===
fake 3 started 1785353595341 delay_ms=1
fake 1 started 1785353595342 delay_ms=0
fake 1 end 1785353595342
fake 0 started 1785353595342 delay_ms=0
fake 0 end 1785353595342
fake 2 started 1785353595341 delay_ms=0
fake 2 end 1785353595342
job 8_POW_36 started 1785353595342 core=1
job 14_POW_36 started 1785353595342 core=4
job 21_COPY_84 started 1785353595342 core=5
fake 3 end 1785353595352
job 28_POW_36 started 1785353595353 core=0
job 14_POW_36 end 1785353687747
job 45_COPY_84 started 1785353687747 core=4
job 28_POW_36 end 1785353688024
job 70_POW_36 started 1785353688025 core=0
job 21_COPY_84 end 1785353717917
job 46_COPY_84 started 1785353717917 core=5
job 8_POW_36 end 1785353722563
job 16_TGAMMA_120 started 1785353722564 core=1
job 16_TGAMMA_120 end 1785353793017
job 52_COPY_84 started 1785353793019 core=1
job 45_COPY_84 end 1785353807618
job 35_TGAMMA_120 started 1785353807618 core=4
job 70_POW_36 end 1785353811285
job 56_TGAMMA_120 started 1785353811285 core=0
job 46_COPY_84 end 1785353819433
job 98_COPY_84 started 1785353819434 core=5
job 35_TGAMMA_120 end 1785353875884
job 57_TGAMMA_120 started 1785353875884 core=4
job 56_TGAMMA_120 end 1785353879603
job 18_DOT_84 started 1785353879603 core=0
job 52_COPY_84 end 1785353901554
job 68_TGAMMA_120 started 1785353901554 core=1
job 98_COPY_84 end 1785353924862
job 19_DOT_84 started 1785353924862 core=5
job 57_TGAMMA_120 end 1785353945488
job 75_TGAMMA_120 started 1785353945489 core=4
job 18_DOT_84 end 1785353948982
job 23_DOT_84 started 1785353948982 core=0
job 68_TGAMMA_120 end 1785353972199
job 81_TGAMMA_120 started 1785353972199 core=1
job 19_DOT_84 end 1785354000144
job 78_DOT_84 started 1785354000144 core=5
job 75_TGAMMA_120 end 1785354015694
job 86_TGAMMA_120 started 1785354015694 core=4
job 23_DOT_84 end 1785354024230
job 92_TGAMMA_120 started 1785354024231 core=0
job 81_TGAMMA_120 end 1785354042113
job 96_DOT_84 started 1785354042113 core=1
job 78_DOT_84 end 1785354065761
job 7_ERF_48 started 1785354065761 core=5
job 86_TGAMMA_120 end 1785354084462
job 34_SUM_132 started 1785354084462 core=4
job 92_TGAMMA_120 end 1785354093027
job 17_ERF_48 started 1785354093028 core=0
job 96_DOT_84 end 1785354119551
job 40_SUM_132 started 1785354119551 core=1
job 34_SUM_132 end 1785354169086
job 22_ERF_48 started 1785354169086 core=4
job 7_ERF_48 end 1785354170872
job 41_SUM_132 started 1785354170873 core=5
job 17_ERF_48 end 1785354194592
job 42_ERF_48 started 1785354194592 core=0
job 40_SUM_132 end 1785354206311
job 47_ERF_48 started 1785354206311 core=1
job 41_SUM_132 end 1785354251385
job 69_SUM_132 started 1785354251385 core=5
job 22_ERF_48 end 1785354268586
job 59_ERF_48 started 1785354268586 core=4
job 42_ERF_48 end 1785354292605
job 76_SUM_132 started 1785354292606 core=0
job 47_ERF_48 end 1785354304729
job 73_ERF_48 started 1785354304730 core=1
job 69_SUM_132 end 1785354332978
job 77_SUM_132 started 1785354332978 core=5
job 59_ERF_48 end 1785354369093
job 11_POW_24 started 1785354369093 core=4
job 76_SUM_132 end 1785354379201
job 85_SUM_132 started 1785354379201 core=0
job 73_ERF_48 end 1785354405349
job 24_POW_24 started 1785354405350 core=1
job 77_SUM_132 end 1785354421633
job 1_XPY_60 started 1785354421633 core=5
job 11_POW_24 end 1785354439004
job 25_POW_24 started 1785354439005 core=4
job 85_SUM_132 end 1785354461584
job 27_POW_24 started 1785354461585 core=0
job 24_POW_24 end 1785354497331
job 3_XPY_60 started 1785354497332 core=1
job 25_POW_24 end 1785354502159
job 38_POW_24 started 1785354502159 core=4
job 1_XPY_60 end 1785354511401
job 12_XPY_60 started 1785354511401 core=5
job 27_POW_24 end 1785354523257
job 50_POW_24 started 1785354523257 core=0
job 38_POW_24 end 1785354563505
job 13_XPY_60 started 1785354563505 core=4
job 50_POW_24 end 1785354595201
job 54_POW_24 started 1785354595201 core=0
job 3_XPY_60 end 1785354614758
job 44_XPY_60 started 1785354614758 core=1
job 12_XPY_60 end 1785354618953
job 99_POW_24 started 1785354618953 core=5
job 13_XPY_60 end 1785354646157
job 26_SQRTX_48 started 1785354646158 core=4
job 54_POW_24 end 1785354673658
job 72_XPY_60 started 1785354673658 core=0
job 44_XPY_60 end 1785354696870
job 63_SQRTX_48 started 1785354696870 core=1
job 99_POW_24 end 1785354706469
job 87_XPY_60 started 1785354706469 core=5
job 26_SQRTX_48 end 1785354727989
job 2_TGAMMA_60 started 1785354727990 core=4
job 72_XPY_60 end 1785354751253
job 9_COPY_60 started 1785354751253 core=0
job 2_TGAMMA_60 end 1785354763388
job 32_TGAMMA_60 started 1785354763388 core=4
job 63_SQRTX_48 end 1785354783131
job 62_COPY_60 started 1785354783131 core=1
job 87_XPY_60 end 1785354792426
job 60_TGAMMA_60 started 1785354792426 core=5
job 32_TGAMMA_60 end 1785354798574
job 71_COPY_60 started 1785354798575 core=4
job 60_TGAMMA_60 end 1785354827603
job 91_TGAMMA_60 started 1785354827604 core=5
job 9_COPY_60 end 1785354828238
job 10_ERF_24 started 1785354828238 core=0
job 62_COPY_60 end 1785354852849
job 90_COPY_60 started 1785354852849 core=1
job 91_TGAMMA_60 end 1785354862806
job 37_ERF_24 started 1785354862806 core=5
job 71_COPY_60 end 1785354890076
job 15_SUM_108 started 1785354890076 core=4
job 10_ERF_24 end 1785354890958
job 39_ERF_24 started 1785354890959 core=0
job 37_ERF_24 end 1785354929361
job 30_SUM_108 started 1785354929361 core=5
job 90_COPY_60 end 1785354939017
job 43_ERF_24 started 1785354939017 core=1
job 39_ERF_24 end 1785354940608
job 51_SUM_108 started 1785354940608 core=0
job 15_SUM_108 end 1785354956808
job 48_ERF_24 started 1785354956808 core=4
job 43_ERF_24 end 1785354991294
job 74_ERF_24 started 1785354991294 core=1
job 30_SUM_108 end 1785355004393
job 53_SUM_108 started 1785355004393 core=5
job 48_ERF_24 end 1785355008327
job 84_ERF_24 started 1785355008328 core=4
job 51_SUM_108 end 1785355012076
job 66_SUM_108 started 1785355012076 core=0
job 74_ERF_24 end 1785355042930
job 89_ERF_24 started 1785355042931 core=1
job 84_ERF_24 end 1785355060151
job 88_SUM_108 started 1785355060151 core=4
job 53_SUM_108 end 1785355075689
job 82_POW_12 started 1785355075689 core=5
job 66_SUM_108 end 1785355083881
job 29_XPY_48 started 1785355083883 core=0
job 89_ERF_24 end 1785355094283
job 0_ERF_12 started 1785355094284 core=1
job 82_POW_12 end 1785355109186
job 33_XPY_48 started 1785355109187 core=5
job 0_ERF_12 end 1785355122309
job 4_ERF_12 started 1785355122309 core=1
job 88_SUM_108 end 1785355148765
job 61_ERF_12 started 1785355148766 core=4
job 29_XPY_48 end 1785355153297
job 36_XPY_48 started 1785355153297 core=0
job 4_ERF_12 end 1785355159324
job 20_SQRTX_12 started 1785355159324 core=1
job 33_XPY_48 end 1785355176463
job 65_XPY_48 started 1785355176463 core=5
job 20_SQRTX_12 end 1785355183181
job 49_SQRTX_12 started 1785355183181 core=1
job 61_ERF_12 end 1785355183906
job 67_XPY_48 started 1785355183906 core=4
job 49_SQRTX_12 end 1785355207523
job 55_SQRTX_12 started 1785355207523 core=1
job 36_XPY_48 end 1785355231224
job 80_XPY_48 started 1785355231225 core=0
job 55_SQRTX_12 end 1785355231856
job 58_SQRTX_12 started 1785355231856 core=1
job 65_XPY_48 end 1785355242774
job 97_SQRTX_12 started 1785355242775 core=5
job 58_SQRTX_12 end 1785355251861
job 94_XPY_48 started 1785355251862 core=1
job 97_SQRTX_12 end 1785355262422
job 5_TGAMMA_12 started 1785355262422 core=5
job 5_TGAMMA_12 end 1785355269629
job 64_SUM_84 started 1785355269629 core=5
job 67_XPY_48 end 1785355274190
job 31_TGAMMA_12 started 1785355274190 core=4
job 31_TGAMMA_12 end 1785355281377
job 6_DOT_36 started 1785355281378 core=4
job 80_XPY_48 end 1785355314688
job 83_TGAMMA_12 started 1785355314688 core=0
job 94_XPY_48 end 1785355321773
job 79_DOT_36 started 1785355321773 core=1
job 83_TGAMMA_12 end 1785355321802
job 95_TGAMMA_12 started 1785355321802 core=0
job 6_DOT_36 end 1785355328273
job 93_DOT_36 started 1785355328274 core=4
job 95_TGAMMA_12 end 1785355328998
job 64_SUM_84 end 1785355346379
job 93_DOT_36 end 1785355356794
job 79_DOT_36 end 1785355357786
  итерация 0: 1762444 ms
  среднее по 1 итерациям: 1762444 ms
=== Выполняется проект: no_po_4.txt (100 работ, перестановка ORDER) ===
fake 3 started 1785355357787 delay_ms=1
fake 2 started 1785355357787 delay_ms=0
fake 2 end 1785355357787
fake 1 started 1785355357787 delay_ms=0
fake 1 end 1785355357787
fake 0 started 1785355357787 delay_ms=0
fake 0 end 1785355357787
job 2_POW_36 started 1785355357787 core=4
job 13_POW_36 started 1785355357787 core=1
fake 3 end 1785355357788
job 27_COPY_84 started 1785355357788 core=5
job 15_POW_36 started 1785355357802 core=0
job 2_POW_36 end 1785355450168
job 32_COPY_84 started 1785355450168 core=4
job 15_POW_36 end 1785355450471
job 22_POW_36 started 1785355450471 core=0
job 27_COPY_84 end 1785355480371
job 52_COPY_84 started 1785355480372 core=5
job 13_POW_36 end 1785355485009
job 41_POW_36 started 1785355485009 core=1
job 32_COPY_84 end 1785355571857
job 71_COPY_84 started 1785355571857 core=4
job 22_POW_36 end 1785355577047
job 77_POW_36 started 1785355577048 core=0
job 52_COPY_84 end 1785355602630
job 73_COPY_84 started 1785355602630 core=5
job 41_POW_36 end 1785355611148
job 48_TGAMMA_120 started 1785355611148 core=1
job 48_TGAMMA_120 end 1785355681603
job 89_COPY_84 started 1785355681604 core=1
job 71_COPY_84 end 1785355691676
job 38_ERF_48 started 1785355691677 core=4
job 77_POW_36 end 1785355700006
job 14_DOT_84 started 1785355700006 core=0
job 73_COPY_84 end 1785355710004
job 44_ERF_48 started 1785355710005 core=5
job 14_DOT_84 end 1785355786317
job 6_POW_24 started 1785355786317 core=0
job 38_ERF_48 end 1785355802284
job 60_DOT_84 started 1785355802284 core=4
job 89_COPY_84 end 1785355817363
job 7_POW_24 started 1785355817364 core=1
job 44_ERF_48 end 1785355840980
job 3_SUM_132 started 1785355840980 core=5
job 6_POW_24 end 1785355860137
job 17_POW_24 started 1785355860137 core=0
job 7_POW_24 end 1785355889354
job 8_SUM_132 started 1785355889354 core=1
job 60_DOT_84 end 1785355897559
job 31_POW_24 started 1785355897559 core=4
job 3_SUM_132 end 1785355929941
job 28_SUM_132 started 1785355929941 core=5
job 17_POW_24 end 1785355937230
job 37_POW_24 started 1785355937230 core=0
job 31_POW_24 end 1785355968301
job 39_SUM_132 started 1785355968301 core=4
job 8_SUM_132 end 1785355978981
job 47_POW_24 started 1785355978981 core=1
job 37_POW_24 end 1785356009925
job 56_SUM_132 started 1785356009926 core=0
job 28_SUM_132 end 1785356018578
job 34_SQRTX_48 started 1785356018578 core=5
job 47_POW_24 end 1785356049498
job 67_SUM_132 started 1785356049498 core=1
job 39_SUM_132 end 1785356055272
job 35_SQRTX_48 started 1785356055272 core=4
job 34_SQRTX_48 end 1785356087923
job 75_SUM_132 started 1785356087923 core=5
job 56_SUM_132 end 1785356095782
job 43_SQRTX_48 started 1785356095783 core=0
job 35_SQRTX_48 end 1785356122170
job 53_SQRTX_48 started 1785356122170 core=4
job 67_SUM_132 end 1785356133142
job 97_SUM_132 started 1785356133143 core=1
job 43_SQRTX_48 end 1785356166243
job 64_SQRTX_48 started 1785356166243 core=0
job 75_SUM_132 end 1785356170182
job 24_XPY_60 started 1785356170182 core=5
job 53_SQRTX_48 end 1785356189900
job 68_SQRTX_48 started 1785356189900 core=4
job 64_SQRTX_48 end 1785356229410
job 30_XPY_60 started 1785356229411 core=0
job 97_SUM_132 end 1785356232693
job 95_SQRTX_48 started 1785356232693 core=1
job 24_XPY_60 end 1785356251535
job 45_XPY_60 started 1785356251535 core=5
job 68_SQRTX_48 end 1785356265218
job 11_TGAMMA_60 started 1785356265218 core=4
job 11_TGAMMA_60 end 1785356300647
job 79_XPY_60 started 1785356300648 core=4
job 30_XPY_60 end 1785356305633
job 25_TGAMMA_60 started 1785356305634 core=0
job 95_SQRTX_48 end 1785356329443
job 92_XPY_60 started 1785356329444 core=1
job 45_XPY_60 end 1785356335115
job 49_TGAMMA_60 started 1785356335115 core=5
job 25_TGAMMA_60 end 1785356341156
job 4_COPY_60 started 1785356341156 core=0
job 49_TGAMMA_60 end 1785356370616
job 72_TGAMMA_60 started 1785356370617 core=5
job 79_XPY_60 end 1785356385272
job 19_COPY_60 started 1785356385273 core=4
job 92_XPY_60 end 1785356398201
job 91_ERF_24 started 1785356398201 core=1
job 72_TGAMMA_60 end 1785356405865
job 9_POW_12 started 1785356405867 core=5
job 9_POW_12 end 1785356437319
job 54_COPY_60 started 1785356437319 core=5
job 91_ERF_24 end 1785356438518
job 57_POW_12 started 1785356438518 core=1
job 4_COPY_60 end 1785356453647
job 62_COPY_60 started 1785356453648 core=0
job 57_POW_12 end 1785356480066
job 59_POW_12 started 1785356480066 core=1
job 19_COPY_60 end 1785356495309
job 69_COPY_60 started 1785356495310 core=4
job 59_POW_12 end 1785356521654
job 74_POW_12 started 1785356521654 core=1
job 54_COPY_60 end 1785356523475
job 99_COPY_60 started 1785356523475 core=5
job 74_POW_12 end 1785356563281
job 81_POW_12 started 1785356563281 core=1
job 62_COPY_60 end 1785356565872
job 10_SUM_108 started 1785356565872 core=0
job 69_COPY_60 end 1785356597835
job 82_POW_12 started 1785356597835 core=4
job 81_POW_12 end 1785356607604
job 18_SUM_108 started 1785356607605 core=1
job 99_COPY_60 end 1785356613110
job 86_POW_12 started 1785356613111 core=5
job 82_POW_12 end 1785356632529
job 21_SUM_108 started 1785356632529 core=4
job 10_SUM_108 end 1785356646425
job 90_POW_12 started 1785356646425 core=0
job 86_POW_12 end 1785356649715
job 66_SUM_108 started 1785356649715 core=5
job 18_SUM_108 end 1785356684024
job 98_POW_12 started 1785356684024 core=1
job 90_POW_12 end 1785356684122
job 1_ERF_12 started 1785356684122 core=0
job 21_SUM_108 end 1785356707240
job 78_SUM_108 started 1785356707240 core=4
job 1_ERF_12 end 1785356710087
job 5_ERF_12 started 1785356710087 core=0
job 98_POW_12 end 1785356719302
job 83_SUM_108 started 1785356719302 core=1
job 66_SUM_108 end 1785356722938
job 23_ERF_12 started 1785356722939 core=5
job 5_ERF_12 end 1785356735675
job 87_SUM_108 started 1785356735675 core=0
job 23_ERF_12 end 1785356748612
job 26_ERF_12 started 1785356748612 core=5
job 26_ERF_12 end 1785356775354
job 0_XPY_48 started 1785356775354 core=5
job 78_SUM_108 end 1785356781505
job 40_ERF_12 started 1785356781506 core=4
job 83_SUM_108 end 1785356805649
job 20_XPY_48 started 1785356805650 core=1
job 40_ERF_12 end 1785356806448
job 55_ERF_12 started 1785356806448 core=4
job 87_SUM_108 end 1785356808212
job 42_XPY_48 started 1785356808212 core=0
job 55_ERF_12 end 1785356840719
job 76_ERF_12 started 1785356840719 core=4
job 0_XPY_48 end 1785356858439
job 58_XPY_48 started 1785356858439 core=5
job 42_XPY_48 end 1785356873456
job 93_ERF_12 started 1785356873457 core=0
job 76_ERF_12 end 1785356875235
job 85_XPY_48 started 1785356875235 core=4
job 20_XPY_48 end 1785356894823
job 16_SQRTX_12 started 1785356894823 core=1
job 93_ERF_12 end 1785356907762
job 70_SQRTX_12 started 1785356907764 core=0
job 16_SQRTX_12 end 1785356919327
job 12_SUM_84 started 1785356919328 core=1
job 70_SQRTX_12 end 1785356932691
job 88_SQRTX_12 started 1785356932692 core=0
job 58_XPY_48 end 1785356935509
job 50_SUM_84 started 1785356935509 core=5
job 85_XPY_48 end 1785356942502
job 94_SQRTX_12 started 1785356942503 core=4
job 88_SQRTX_12 end 1785356953650
job 65_SUM_84 started 1785356953650 core=0
job 94_SQRTX_12 end 1785356960290
job 33_TGAMMA_12 started 1785356960290 core=4
job 33_TGAMMA_12 end 1785356967386
job 29_DOT_36 started 1785356967386 core=4
job 12_SUM_84 end 1785356979630
job 36_TGAMMA_12 started 1785356979631 core=1
job 36_TGAMMA_12 end 1785356986701
job 46_DOT_36 started 1785356986701 core=1
job 50_SUM_84 end 1785356990255
job 51_TGAMMA_12 started 1785356990255 core=5
job 51_TGAMMA_12 end 1785356997497
job 63_DOT_36 started 1785356997497 core=5
job 29_DOT_36 end 1785357012800
job 61_TGAMMA_12 started 1785357012801 core=4
job 65_SUM_84 end 1785357017422
job 80_DOT_36 started 1785357017422 core=0
job 61_TGAMMA_12 end 1785357019934
job 96_TGAMMA_12 started 1785357019935 core=4
job 96_TGAMMA_12 end 1785357027156
job 84_DOT_36 started 1785357027156 core=4
job 46_DOT_36 end 1785357035417
job 63_DOT_36 end 1785357043990
job 80_DOT_36 end 1785357055391
job 84_DOT_36 end 1785357060116
  итерация 0: 1702329 ms
  среднее по 1 итерациям: 1702329 ms
=== Выполняется проект: no_po_4_as_tbb_order.txt (100 работ, перестановка ORDER) ===
fake 3 started 1785357060117 delay_ms=1
fake 2 started 1785357060117 delay_ms=0
fake 2 end 1785357060117
fake 0 started 1785357060117 delay_ms=0
fake 0 end 1785357060117
fake 1 started 1785357060117 delay_ms=0
fake 1 end 1785357060117
job 11_TGAMMA_60 started 1785357060117 core=4
job 20_XPY_48 started 1785357060117 core=5
job 12_SUM_84 started 1785357060117 core=0
fake 3 end 1785357060118
job 25_TGAMMA_60 started 1785357060118 core=1
job 12_SUM_84 end 1785357094942
job 4_COPY_60 started 1785357094942 core=0
job 11_TGAMMA_60 end 1785357094952
job 18_SUM_108 started 1785357094952 core=4
job 25_TGAMMA_60 end 1785357095939
job 22_POW_36 started 1785357095939 core=1
job 20_XPY_48 end 1785357121355
job 23_ERF_12 started 1785357121356 core=5
job 23_ERF_12 end 1785357144667
job 1_ERF_12 started 1785357144667 core=5
job 1_ERF_12 end 1785357167969
job 8_SUM_132 started 1785357167970 core=5
job 4_COPY_60 end 1785357183923
job 5_ERF_12 started 1785357183923 core=0
job 18_SUM_108 end 1785357190299
job 15_POW_36 started 1785357190300 core=4
job 22_POW_36 end 1785357204329
job 26_ERF_12 started 1785357204329 core=1
job 5_ERF_12 end 1785357208988
job 9_POW_12 started 1785357208989 core=0
job 26_ERF_12 end 1785357229074
job 21_SUM_108 started 1785357229074 core=1
job 9_POW_12 end 1785357242849
job 0_XPY_48 started 1785357242849 core=0
job 8_SUM_132 end 1785357250289
job 6_POW_24 started 1785357250289 core=5
job 21_SUM_108 end 1785357296104
job 10_SUM_108 started 1785357296105 core=1
job 6_POW_24 end 1785357316346
job 2_POW_36 started 1785357316347 core=5
job 0_XPY_48 end 1785357316812
job 16_SQRTX_12 started 1785357316812 core=0
job 15_POW_36 end 1785357317067
job 34_SQRTX_48 started 1785357317068 core=4
job 16_SQRTX_12 end 1785357333187
job 3_SUM_132 started 1785357333187 core=0
job 10_SUM_108 end 1785357360461
job 32_COPY_84 started 1785357360462 core=1
job 34_SQRTX_48 end 1785357382394
job 14_DOT_84 started 1785357382394 core=4
job 3_SUM_132 end 1785357427395
job 13_POW_36 started 1785357427395 core=0
job 2_POW_36 end 1785357436720
job 7_POW_24 started 1785357436720 core=5
job 14_DOT_84 end 1785357475279
job 35_SQRTX_48 started 1785357475279 core=4
job 32_COPY_84 end 1785357494585
job 17_POW_24 started 1785357494586 core=1
job 7_POW_24 end 1785357515711
job 30_XPY_60 started 1785357515711 core=5
job 13_POW_36 end 1785357527545
job 19_COPY_60 started 1785357527545 core=0
job 35_SQRTX_48 end 1785357540273
job 24_XPY_60 started 1785357540274 core=4
job 17_POW_24 end 1785357574578
job 33_TGAMMA_12 started 1785357574579 core=1
job 33_TGAMMA_12 end 1785357581686
job 38_ERF_48 started 1785357581686 core=1
job 30_XPY_60 end 1785357595101
job 27_COPY_84 started 1785357595101 core=5
job 19_COPY_60 end 1785357640359
job 56_SUM_132 started 1785357640360 core=0
job 24_XPY_60 end 1785357644706
job 40_ERF_12 started 1785357644707 core=4
job 40_ERF_12 end 1785357669079
job 59_POW_12 started 1785357669079 core=4
job 59_POW_12 end 1785357701472
job 36_TGAMMA_12 started 1785357701473 core=4
job 36_TGAMMA_12 end 1785357708469
job 63_DOT_36 started 1785357708469 core=4
job 38_ERF_48 end 1785357718573
job 64_SQRTX_48 started 1785357718574 core=1
job 56_SUM_132 end 1785357719668
job 31_POW_24 started 1785357719669 core=0
job 27_COPY_84 end 1785357721880
job 41_POW_36 started 1785357721880 core=5
job 63_DOT_36 end 1785357747023
job 47_POW_24 started 1785357747024 core=4
job 31_POW_24 end 1785357783935
job 39_SUM_132 started 1785357783935 core=0
job 64_SQRTX_48 end 1785357784496
job 50_SUM_84 started 1785357784496 core=1
job 47_POW_24 end 1785357811472
job 57_POW_12 started 1785357811472 core=4
job 41_POW_36 end 1785357820108
job 58_XPY_48 started 1785357820108 core=5
job 57_POW_12 end 1785357846300
job 61_TGAMMA_12 started 1785357846301 core=4
job 50_SUM_84 end 1785357848698
job 42_XPY_48 started 1785357848698 core=1
job 61_TGAMMA_12 end 1785357853324
job 48_TGAMMA_120 started 1785357853324 core=4
job 39_SUM_132 end 1785357860965
job 55_ERF_12 started 1785357860965 core=0
job 55_ERF_12 end 1785357876404
job 65_SUM_84 started 1785357876405 core=0
job 58_XPY_48 end 1785357904904
job 46_DOT_36 started 1785357904905 core=5
job 65_SUM_84 end 1785357911698
job 52_COPY_84 started 1785357911699 core=0
job 48_TGAMMA_120 end 1785357922930
job 66_SUM_108 started 1785357922931 core=4
job 42_XPY_48 end 1785357934620
job 82_POW_12 started 1785357934620 core=1
job 46_DOT_36 end 1785357953913
job 28_SUM_132 started 1785357953913 core=5
job 82_POW_12 end 1785357972242
job 29_DOT_36 started 1785357972243 core=1
job 29_DOT_36 end 1785358014187
job 37_POW_24 started 1785358014188 core=1
job 66_SUM_108 end 1785358028010
job 43_SQRTX_48 started 1785358028011 core=4
job 28_SUM_132 end 1785358045753
job 44_ERF_48 started 1785358045754 core=5
job 52_COPY_84 end 1785358047043
job 45_XPY_60 started 1785358047044 core=0
job 37_POW_24 end 1785358078045
job 49_TGAMMA_60 started 1785358078046 core=1
job 49_TGAMMA_60 end 1785358112438
job 69_COPY_60 started 1785358112439 core=1
job 44_ERF_48 end 1785358119888
job 76_ERF_12 started 1785358119888 core=5
job 43_SQRTX_48 end 1785358120352
job 54_COPY_60 started 1785358120352 core=4
job 45_XPY_60 end 1785358124256
job 73_COPY_84 started 1785358124256 core=0
job 76_ERF_12 end 1785358151447
job 77_POW_36 started 1785358151447 core=5
job 69_COPY_60 end 1785358197469
job 78_SUM_108 started 1785358197469 core=1
job 54_COPY_60 end 1785358235911
job 79_XPY_60 started 1785358235912 core=4
job 77_POW_36 end 1785358259688
job 53_SQRTX_48 started 1785358259689 core=5
job 78_SUM_108 end 1785358261467
job 92_XPY_60 started 1785358261467 core=1
job 73_COPY_84 end 1785358289376
job 60_DOT_84 started 1785358289376 core=0
job 79_XPY_60 end 1785358338332
job 94_SQRTX_12 started 1785358338332 core=4
job 92_XPY_60 end 1785358345859
job 62_COPY_60 started 1785358345859 core=1
job 53_SQRTX_48 end 1785358356024
job 67_SUM_132 started 1785358356024 core=5
job 94_SQRTX_12 end 1785358358514
job 98_POW_12 started 1785358358515 core=4
job 60_DOT_84 end 1785358393530
job 83_SUM_108 started 1785358393531 core=0
job 98_POW_12 end 1785358398044
job 68_SQRTX_48 started 1785358398044 core=4
job 62_COPY_60 end 1785358437123
job 75_SUM_132 started 1785358437123 core=1
job 68_SQRTX_48 end 1785358464665
job 88_SQRTX_12 started 1785358464666 core=4
job 83_SUM_108 end 1785358466716
job 84_DOT_36 started 1785358466716 core=0
job 67_SUM_132 end 1785358471676
job 89_COPY_84 started 1785358471676 core=5
job 88_SQRTX_12 end 1785358485404
job 91_ERF_24 started 1785358485404 core=4
job 84_DOT_36 end 1785358506639
job 51_TGAMMA_12 started 1785358506639 core=0
job 51_TGAMMA_12 end 1785358513566
job 70_SQRTX_12 started 1785358513567 core=0
job 70_SQRTX_12 end 1785358530767
job 71_COPY_84 started 1785358530769 core=0
job 91_ERF_24 end 1785358533088
job 80_DOT_36 started 1785358533088 core=4
job 75_SUM_132 end 1785358546967
job 85_XPY_48 started 1785358546967 core=1
job 80_DOT_36 end 1785358585938
job 72_TGAMMA_60 started 1785358585939 core=4
job 89_COPY_84 end 1785358613895
job 74_POW_12 started 1785358613895 core=5
job 72_TGAMMA_60 end 1785358621131
job 86_POW_12 started 1785358621132 core=4
job 85_XPY_48 end 1785358629406
job 96_TGAMMA_12 started 1785358629407 core=1
job 96_TGAMMA_12 end 1785358636275
job 81_POW_12 started 1785358636276 core=1
job 71_COPY_84 end 1785358647611
job 87_SUM_108 started 1785358647611 core=0
job 74_POW_12 end 1785358648727
job 97_SUM_132 started 1785358648727 core=5
job 86_POW_12 end 1785358660433
job 90_POW_12 started 1785358660433 core=4
job 81_POW_12 end 1785358670521
job 99_COPY_60 started 1785358670522 core=1
job 90_POW_12 end 1785358695254
job 93_ERF_12 started 1785358695254 core=4
job 87_SUM_108 end 1785358716386
job 95_SQRTX_48 started 1785358716386 core=0
job 93_ERF_12 end 1785358719682
job 99_COPY_60 end 1785358751997
job 97_SUM_132 end 1785358753172
job 95_SQRTX_48 end 1785358757329
  итерация 0: 1697212 ms
  среднее по 1 итерациям: 1697212 ms
=== Выполняется проект: no_po_5.txt (100 работ, перестановка ORDER) ===
fake 3 started 1785358757330 delay_ms=1
fake 2 started 1785358757330 delay_ms=0
fake 2 end 1785358757330
fake 0 started 1785358757330 delay_ms=0
fake 0 end 1785358757330
fake 1 started 1785358757330 delay_ms=0
fake 1 end 1785358757330
job 15_POW_36 started 1785358757330 core=0
job 24_POW_36 started 1785358757330 core=5
job 7_COPY_84 started 1785358757330 core=1
fake 3 end 1785358757331
job 28_POW_36 started 1785358757331 core=4
job 28_POW_36 end 1785358849755
job 37_COPY_84 started 1785358849755 core=4
job 15_POW_36 end 1785358850016
job 30_POW_36 started 1785358850017 core=0
job 7_COPY_84 end 1785358879333
job 47_COPY_84 started 1785358879335 core=1
job 24_POW_36 end 1785358885282
job 40_POW_36 started 1785358885282 core=5
job 37_COPY_84 end 1785358971274
job 48_COPY_84 started 1785358971274 core=4
job 30_POW_36 end 1785358976845
job 44_POW_36 started 1785358976846 core=0
job 47_COPY_84 end 1785359000990
job 57_COPY_84 started 1785359000990 core=1
job 40_POW_36 end 1785359012298
job 67_POW_36 started 1785359012298 core=5
job 48_COPY_84 end 1785359092891
job 60_COPY_84 started 1785359092891 core=4
job 44_POW_36 end 1785359103915
job 75_POW_36 started 1785359103915 core=0
job 57_COPY_84 end 1785359122692
job 89_COPY_84 started 1785359122693 core=1
job 67_POW_36 end 1785359139348
job 87_POW_36 started 1785359139348 core=5
job 60_COPY_84 end 1785359214511
job 95_COPY_84 started 1785359214512 core=4
job 75_POW_36 end 1785359230976
job 92_POW_36 started 1785359230976 core=0
job 89_COPY_84 end 1785359244391
job 3_DOT_84 started 1785359244391 core=1
job 87_POW_36 end 1785359264371
job 96_POW_36 started 1785359264371 core=5
job 3_DOT_84 end 1785359335737
job 66_DOT_84 started 1785359335737 core=1
job 95_COPY_84 end 1785359347213
job 35_TGAMMA_120 started 1785359347213 core=4
job 92_POW_36 end 1785359360757
job 99_DOT_84 started 1785359360757 core=0
job 96_POW_36 end 1785359378960
job 36_TGAMMA_120 started 1785359378961 core=5
job 35_TGAMMA_120 end 1785359417223
job 34_SUM_132 started 1785359417223 core=4
job 66_DOT_84 end 1785359418144
job 62_TGAMMA_120 started 1785359418144 core=1
job 99_DOT_84 end 1785359434605
job 63_TGAMMA_120 started 1785359434605 core=0
job 36_TGAMMA_120 end 1785359448584
job 69_SUM_132 started 1785359448584 core=5
job 34_SUM_132 end 1785359471785
job 68_TGAMMA_120 started 1785359471785 core=4
job 62_TGAMMA_120 end 1785359487153
job 74_SUM_132 started 1785359487153 core=1
job 69_SUM_132 end 1785359499821
job 11_ERF_48 started 1785359499821 core=5
job 63_TGAMMA_120 end 1785359503611
job 79_SUM_132 started 1785359503611 core=0
job 68_TGAMMA_120 end 1785359540954
job 32_ERF_48 started 1785359540954 core=4
job 74_SUM_132 end 1785359566370
job 86_SUM_132 started 1785359566371 core=1
job 79_SUM_132 end 1785359572304
job 42_ERF_48 started 1785359572304 core=0
job 11_ERF_48 end 1785359598626
job 6_XPY_60 started 1785359598626 core=5
job 32_ERF_48 end 1785359638059
job 0_POW_24 started 1785359638060 core=4
job 42_ERF_48 end 1785359667168
job 13_XPY_60 started 1785359667168 core=0
job 86_SUM_132 end 1785359667947
job 5_POW_24 started 1785359667948 core=1
job 6_XPY_60 end 1785359684158
job 14_XPY_60 started 1785359684159 core=5
job 0_POW_24 end 1785359718772
job 18_POW_24 started 1785359718772 core=4
job 13_XPY_60 end 1785359750311
job 16_XPY_60 started 1785359750311 core=0
job 5_POW_24 end 1785359760881
job 22_POW_24 started 1785359760882 core=1
job 14_XPY_60 end 1785359767398
job 21_XPY_60 started 1785359767398 core=5
job 18_POW_24 end 1785359811684
job 29_POW_24 started 1785359811684 core=4
job 16_XPY_60 end 1785359833495
job 27_XPY_60 started 1785359833496 core=0
job 21_XPY_60 end 1785359850436
job 94_POW_24 started 1785359850436 core=5
job 22_POW_24 end 1785359852845
job 33_XPY_60 started 1785359852845 core=1
job 29_POW_24 end 1785359904416
job 73_SQRTX_48 started 1785359904416 core=4
job 27_XPY_60 end 1785359916339
job 64_XPY_60 started 1785359916340 core=0
job 94_POW_24 end 1785359936309
job 88_SQRTX_48 started 1785359936309 core=5
job 33_XPY_60 end 1785359938008
job 98_SQRTX_48 started 1785359938008 core=1
job 88_SQRTX_48 end 1785360004727
job 83_XPY_60 started 1785360004728 core=5
job 64_XPY_60 end 1785360005076
job 4_TGAMMA_60 started 1785360005076 core=0
job 73_SQRTX_48 end 1785360005367
job 10_COPY_60 started 1785360005367 core=4
job 98_SQRTX_48 end 1785360005938
job 41_TGAMMA_60 started 1785360005938 core=1
job 4_TGAMMA_60 end 1785360040328
job 39_COPY_60 started 1785360040328 core=0
job 41_TGAMMA_60 end 1785360041279
job 45_TGAMMA_60 started 1785360041279 core=1
job 83_XPY_60 end 1785360070704
job 52_COPY_60 started 1785360070704 core=5
job 45_TGAMMA_60 end 1785360076618
job 51_TGAMMA_60 started 1785360076618 core=1
job 10_COPY_60 end 1785360090808
job 76_COPY_60 started 1785360090809 core=4
job 51_TGAMMA_60 end 1785360111820
job 53_TGAMMA_60 started 1785360111820 core=1
job 52_COPY_60 end 1785360136535
job 43_SUM_108 started 1785360136535 core=5
job 53_TGAMMA_60 end 1785360146909
job 58_TGAMMA_60 started 1785360146909 core=1
job 39_COPY_60 end 1785360151529
job 59_SUM_108 started 1785360151529 core=0
job 58_TGAMMA_60 end 1785360181783
job 81_TGAMMA_60 started 1785360181783 core=1
job 43_SUM_108 end 1785360182473
job 77_SUM_108 started 1785360182473 core=5
job 76_COPY_60 end 1785360193515
job 8_ERF_24 started 1785360193516 core=4
job 81_TGAMMA_60 end 1785360216714
job 78_SUM_108 started 1785360216715 core=1
job 77_SUM_108 end 1785360238314
job 19_ERF_24 started 1785360238314 core=5
job 59_SUM_108 end 1785360238498
job 82_SUM_108 started 1785360238499 core=0
job 8_ERF_24 end 1785360246231
job 50_ERF_24 started 1785360246231 core=4
job 78_SUM_108 end 1785360288277
job 2_XPY_48 started 1785360288277 core=1
job 19_ERF_24 end 1785360290198
job 84_ERF_24 started 1785360290199 core=5
job 50_ERF_24 end 1785360297322
job 17_XPY_48 started 1785360297322 core=4
job 82_SUM_108 end 1785360311808
job 90_ERF_24 started 1785360311811 core=0
job 2_XPY_48 end 1785360354603
job 46_POW_12 started 1785360354604 core=1
job 84_ERF_24 end 1785360359793
job 26_XPY_48 started 1785360359794 core=5
job 17_XPY_48 end 1785360362852
job 20_ERF_12 started 1785360362852 core=4
job 90_ERF_24 end 1785360375684
job 55_XPY_48 started 1785360375684 core=0
job 20_ERF_12 end 1785360390544
job 31_ERF_12 started 1785360390545 core=4
job 46_POW_12 end 1785360398224
job 61_XPY_48 started 1785360398225 core=1
job 31_ERF_12 end 1785360426064
job 23_SQRTX_12 started 1785360426064 core=4
job 26_XPY_48 end 1785360434519
job 85_XPY_48 started 1785360434519 core=5
job 55_XPY_48 end 1785360441313
job 25_SQRTX_12 started 1785360441313 core=0
job 23_SQRTX_12 end 1785360447428
job 91_XPY_48 started 1785360447428 core=4
job 25_SQRTX_12 end 1785360462401
job 1_TGAMMA_12 started 1785360462402 core=0
job 1_TGAMMA_12 end 1785360469624
job 38_SUM_84 started 1785360469624 core=0
job 61_XPY_48 end 1785360488590
job 12_TGAMMA_12 started 1785360488590 core=1
job 12_TGAMMA_12 end 1785360495820
job 56_SUM_84 started 1785360495820 core=1
job 91_XPY_48 end 1785360514358
job 54_TGAMMA_12 started 1785360514360 core=4
job 85_XPY_48 end 1785360517307
job 70_SUM_84 started 1785360517308 core=5
job 54_TGAMMA_12 end 1785360521388
job 65_TGAMMA_12 started 1785360521388 core=4
job 65_TGAMMA_12 end 1785360528459
job 93_SUM_84 started 1785360528459 core=4
job 38_SUM_84 end 1785360532864
job 71_TGAMMA_12 started 1785360532864 core=0
job 71_TGAMMA_12 end 1785360539980
job 97_SUM_84 started 1785360539980 core=0
job 56_SUM_84 end 1785360562386
job 72_TGAMMA_12 started 1785360562386 core=1
job 72_TGAMMA_12 end 1785360569495
job 9_DOT_36 started 1785360569496 core=1
job 70_SUM_84 end 1785360576734
job 80_TGAMMA_12 started 1785360576735 core=5
job 80_TGAMMA_12 end 1785360583961
job 49_DOT_36 started 1785360583961 core=5
job 93_SUM_84 end 1785360586782
job 97_SUM_84 end 1785360595653
job 9_DOT_36 end 1785360607131
job 49_DOT_36 end 1785360613155
  итерация 0: 1855824 ms
  среднее по 1 итерациям: 1855824 ms
=== Выполняется проект: no_po_6.txt (100 работ, перестановка ORDER) ===
fake 3 started 1785360613155 delay_ms=1
fake 2 started 1785360613155 delay_ms=0
fake 2 end 1785360613155
fake 1 started 1785360613155 delay_ms=0
fake 1 end 1785360613155
fake 0 started 1785360613155 delay_ms=0
fake 0 end 1785360613155
job 12_POW_36 started 1785360613155 core=5
job 9_POW_36 started 1785360613155 core=1
fake 3 end 1785360613156
job 14_COPY_84 started 1785360613156 core=0
job 13_POW_36 started 1785360613184 core=4
job 9_POW_36 end 1785360705702
job 41_COPY_84 started 1785360705703 core=1
job 12_POW_36 end 1785360705739
job 21_POW_36 started 1785360705740 core=5
job 14_COPY_84 end 1785360735621
job 31_POW_36 started 1785360735621 core=0
job 13_POW_36 end 1785360739405
job 3_DOT_84 started 1785360739405 core=4
job 3_DOT_84 end 1785360830681
job 43_POW_36 started 1785360830681 core=4
job 41_COPY_84 end 1785360837963
job 78_DOT_84 started 1785360837964 core=1
job 21_POW_36 end 1785360840878
job 46_POW_36 started 1785360840879 core=5
job 31_POW_36 end 1785360845902
job 56_POW_36 started 1785360845903 core=0
job 78_DOT_84 end 1785360930460
job 87_DOT_84 started 1785360930460 core=1
job 43_POW_36 end 1785360931586
job 76_POW_36 started 1785360931587 core=4
job 56_POW_36 end 1785360948105
job 89_DOT_84 started 1785360948105 core=0
job 46_POW_36 end 1785360957156
job 79_POW_36 started 1785360957156 core=5
job 87_DOT_84 end 1785361028765
job 84_POW_36 started 1785361028766 core=1
job 89_DOT_84 end 1785361046511
job 93_DOT_84 started 1785361046511 core=0
job 76_POW_36 end 1785361052595
job 10_TGAMMA_120 started 1785361052595 core=4
job 79_POW_36 end 1785361073335
job 34_SUM_132 started 1785361073335 core=5
job 93_DOT_84 end 1785361120296
job 2_ERF_48 started 1785361120296 core=0
job 10_TGAMMA_120 end 1785361122562
job 17_ERF_48 started 1785361122563 core=4
job 84_POW_36 end 1785361133226
job 45_SUM_132 started 1785361133226 core=1
job 34_SUM_132 end 1785361158902
job 23_ERF_48 started 1785361158902 core=5
job 45_SUM_132 end 1785361212995
job 88_SUM_132 started 1785361212996 core=1
job 2_ERF_48 end 1785361218568
job 24_ERF_48 started 1785361218569 core=0
job 17_ERF_48 end 1785361221361
job 39_ERF_48 started 1785361221361 core=4
job 23_ERF_48 end 1785361257023
job 18_XPY_60 started 1785361257023 core=5
job 88_SUM_132 end 1785361309043
job 58_ERF_48 started 1785361309044 core=1
job 24_ERF_48 end 1785361313575
job 20_XPY_60 started 1785361313575 core=0
job 39_ERF_48 end 1785361316534
job 62_ERF_48 started 1785361316534 core=4
job 18_XPY_60 end 1785361339984
job 83_ERF_48 started 1785361339985 core=5
job 20_XPY_60 end 1785361394224
job 48_XPY_60 started 1785361394225 core=0
job 58_ERF_48 end 1785361409790
job 0_POW_24 started 1785361409790 core=1
job 83_ERF_48 end 1785361429012
job 50_XPY_60 started 1785361429013 core=5
job 62_ERF_48 end 1785361457170
job 11_POW_24 started 1785361457170 core=4
job 48_XPY_60 end 1785361475754
job 38_POW_24 started 1785361475754 core=0
job 0_POW_24 end 1785361493836
job 60_XPY_60 started 1785361493836 core=1
job 50_XPY_60 end 1785361517170
job 52_POW_24 started 1785361517171 core=5
job 11_POW_24 end 1785361524972
job 63_XPY_60 started 1785361524973 core=4
job 38_POW_24 end 1785361543337
job 65_POW_24 started 1785361543337 core=0
job 60_XPY_60 end 1785361583361
job 97_POW_24 started 1785361583361 core=1
job 52_POW_24 end 1785361601559
job 66_XPY_60 started 1785361601559 core=5
job 63_XPY_60 end 1785361607800
job 1_SQRTX_48 started 1785361607800 core=4
job 65_POW_24 end 1785361626748
job 40_COPY_60 started 1785361626748 core=0
job 97_POW_24 end 1785361665586
job 53_SQRTX_48 started 1785361665586 core=1
job 66_XPY_60 end 1785361681578
job 80_SQRTX_48 started 1785361681579 core=5
job 1_SQRTX_48 end 1785361686904
job 51_COPY_60 started 1785361686905 core=4
job 40_COPY_60 end 1785361720858
job 86_SQRTX_48 started 1785361720858 core=0
job 53_SQRTX_48 end 1785361734943
job 16_SUM_108 started 1785361734943 core=1
job 80_SQRTX_48 end 1785361745383
job 6_TGAMMA_60 started 1785361745383 core=5
job 6_TGAMMA_60 end 1785361780113
job 27_TGAMMA_60 started 1785361780113 core=5
job 16_SUM_108 end 1785361781762
job 22_SUM_108 started 1785361781762 core=1
job 51_COPY_60 end 1785361783822
job 28_TGAMMA_60 started 1785361783822 core=4
job 86_SQRTX_48 end 1785361796882
job 35_SUM_108 started 1785361796882 core=0
job 27_TGAMMA_60 end 1785361814943
job 54_TGAMMA_60 started 1785361814943 core=5
job 28_TGAMMA_60 end 1785361818630
job 4_ERF_24 started 1785361818630 core=4
job 22_SUM_108 end 1785361826939
job 49_SUM_108 started 1785361826939 core=1
job 54_TGAMMA_60 end 1785361849941
job 5_ERF_24 started 1785361849941 core=5
job 35_SUM_108 end 1785361857340
job 91_SUM_108 started 1785361857341 core=0
job 4_ERF_24 end 1785361870250
job 25_ERF_24 started 1785361870250 core=4
job 49_SUM_108 end 1785361887400
job 33_ERF_24 started 1785361887401 core=1
job 5_ERF_24 end 1785361899736
job 26_XPY_48 started 1785361899737 core=5
job 25_ERF_24 end 1785361920198
job 36_ERF_24 started 1785361920198 core=4
job 91_SUM_108 end 1785361923429
job 47_XPY_48 started 1785361923430 core=0
job 33_ERF_24 end 1785361954473
job 44_ERF_24 started 1785361954473 core=1
job 26_XPY_48 end 1785361966490
job 81_ERF_24 started 1785361966490 core=5
job 47_XPY_48 end 1785361988027
job 57_XPY_48 started 1785361988027 core=0
job 36_ERF_24 end 1785361988810
job 82_ERF_24 started 1785361988811 core=4
job 44_ERF_24 end 1785362003578
job 59_XPY_48 started 1785362003579 core=1
job 81_ERF_24 end 1785362015137
job 55_POW_12 started 1785362015137 core=5
job 57_XPY_48 end 1785362053069
job 69_POW_12 started 1785362053070 core=0
job 82_ERF_24 end 1785362057295
job 8_SUM_84 started 1785362057295 core=4
job 55_POW_12 end 1785362062059
job 94_POW_12 started 1785362062060 core=5
job 59_XPY_48 end 1785362070384
job 30_SUM_84 started 1785362070385 core=1
job 69_POW_12 end 1785362087417
job 42_ERF_12 started 1785362087418 core=0
job 94_POW_12 end 1785362100669
job 61_ERF_12 started 1785362100669 core=5
job 8_SUM_84 end 1785362111515
job 70_SUM_84 started 1785362111517 core=4
job 42_ERF_12 end 1785362113175
job 73_ERF_12 started 1785362113175 core=0
job 30_SUM_84 end 1785362125155
job 74_SUM_84 started 1785362125155 core=1
job 61_ERF_12 end 1785362126120
job 75_ERF_12 started 1785362126120 core=5
job 73_ERF_12 end 1785362138465
job 99_ERF_12 started 1785362138466 core=0
job 75_ERF_12 end 1785362151470
job 85_SUM_84 started 1785362151470 core=5
job 99_ERF_12 end 1785362164407
job 7_SQRTX_12 started 1785362164407 core=0
job 70_SUM_84 end 1785362168264
job 95_SUM_84 started 1785362168264 core=4
job 74_SUM_84 end 1785362181850
job 19_SQRTX_12 started 1785362181850 core=1
job 7_SQRTX_12 end 1785362182211
job 37_SQRTX_12 started 1785362182211 core=0
job 19_SQRTX_12 end 1785362197870
job 29_DOT_36 started 1785362197871 core=1
job 37_SQRTX_12 end 1785362198228
job 72_SQRTX_12 started 1785362198228 core=0
job 85_SUM_84 end 1785362209324
job 32_DOT_36 started 1785362209324 core=5
job 72_SQRTX_12 end 1785362215678
job 92_SQRTX_12 started 1785362215679 core=0
job 95_SUM_84 end 1785362227217
job 15_TGAMMA_12 started 1785362227217 core=4
job 92_SQRTX_12 end 1785362231387
job 71_DOT_36 started 1785362231387 core=0
job 15_TGAMMA_12 end 1785362234264
job 64_TGAMMA_12 started 1785362234264 core=4
job 64_TGAMMA_12 end 1785362241475
job 77_DOT_36 started 1785362241475 core=4
job 29_DOT_36 end 1785362244942
job 67_TGAMMA_12 started 1785362244943 core=1
job 67_TGAMMA_12 end 1785362252163
job 68_TGAMMA_12 started 1785362252164 core=1
job 32_DOT_36 end 1785362254228
job 96_DOT_36 started 1785362254228 core=5
job 68_TGAMMA_12 end 1785362259374
job 90_TGAMMA_12 started 1785362259374 core=1
job 90_TGAMMA_12 end 1785362266604
job 98_DOT_36 started 1785362266604 core=1
job 71_DOT_36 end 1785362278835
job 77_DOT_36 end 1785362287517
job 96_DOT_36 end 1785362294485
job 98_DOT_36 end 1785362300491
  итерация 0: 1687336 ms
  среднее по 1 итерациям: 1687336 ms
execution completed -> tbb_greedy_results_fix2.txt
