nohup: ввод игнорируется
=== Выполняется проект: no_po_1.txt (100 работ, перестановка ORDER) ===
job 99_XPY_60 started 1785273030706 core=5
job 97_SQRTX_48 started 1785273030706 core=4
job 81_POW_36 started 1785273030706 core=1
job 45_POW_36 started 1785273030706 core=0
job 97_SQRTX_48 end 1785273093136
job 64_POW_36 started 1785273093137 core=4
job 99_XPY_60 end 1785273110229
job 25_COPY_84 started 1785273110229 core=5
job 45_POW_36 end 1785273122070
job 65_POW_36 started 1785273122070 core=0
job 81_POW_36 end 1785273163494
job 58_COPY_84 started 1785273163495 core=1
job 64_POW_36 end 1785273185214
job 8_TGAMMA_120 started 1785273185214 core=4
job 65_POW_36 end 1785273209998
job 63_COPY_84 started 1785273209998 core=0
job 25_COPY_84 end 1785273244267
job 40_TGAMMA_120 started 1785273244268 core=5
job 8_TGAMMA_120 end 1785273254869
job 71_COPY_84 started 1785273254869 core=4
job 58_COPY_84 end 1785273284618
job 57_TGAMMA_120 started 1785273284619 core=1
job 63_COPY_84 end 1785273313558
job 61_TGAMMA_120 started 1785273313558 core=0
job 40_TGAMMA_120 end 1785273313954
job 1_DOT_84 started 1785273313954 core=5
job 57_TGAMMA_120 end 1785273353659
job 67_TGAMMA_120 started 1785273353661 core=1
job 71_COPY_84 end 1785273364912
job 18_DOT_84 started 1785273364912 core=4
job 1_DOT_84 end 1785273382670
job 69_TGAMMA_120 started 1785273382670 core=5
job 61_TGAMMA_120 end 1785273384763
job 89_TGAMMA_120 started 1785273384763 core=0
job 18_DOT_84 end 1785273418884
job 21_DOT_84 started 1785273418884 core=4
job 67_TGAMMA_120 end 1785273422683
job 94_TGAMMA_120 started 1785273422683 core=1
job 69_TGAMMA_120 end 1785273451060
job 24_DOT_84 started 1785273451060 core=5
job 89_TGAMMA_120 end 1785273453681
job 9_POW_24 started 1785273453682 core=0
job 21_DOT_84 end 1785273480833
job 23_POW_24 started 1785273480833 core=4
job 94_TGAMMA_120 end 1785273492021
job 42_DOT_84 started 1785273492021 core=1
job 9_POW_24 end 1785273529839
job 37_POW_24 started 1785273529839 core=0
job 24_DOT_84 end 1785273542023
job 49_DOT_84 started 1785273542024 core=5
job 23_POW_24 end 1785273550905
job 38_POW_24 started 1785273550905 core=4
job 37_POW_24 end 1785273601289
job 50_POW_24 started 1785273601289 core=0
job 42_DOT_84 end 1785273604887
job 59_DOT_84 started 1785273604887 core=1
job 38_POW_24 end 1785273622146
job 56_POW_24 started 1785273622146 core=4
job 49_DOT_84 end 1785273655463
job 82_DOT_84 started 1785273655463 core=5
job 50_POW_24 end 1785273672293
job 72_POW_24 started 1785273672294 core=0
job 56_POW_24 end 1785273693417
job 74_POW_24 started 1785273693418 core=4
job 59_DOT_84 end 1785273717768
job 92_DOT_84 started 1785273717768 core=1
job 72_POW_24 end 1785273743719
job 75_POW_24 started 1785273743719 core=0
job 74_POW_24 end 1785273764636
job 95_DOT_84 started 1785273764637 core=4
job 82_DOT_84 end 1785273768779
job 79_POW_24 started 1785273768779 core=5
job 92_DOT_84 end 1785273823740
job 85_POW_24 started 1785273823740 core=1
job 75_POW_24 end 1785273825077
job 22_SUM_132 started 1785273825077 core=0
job 79_POW_24 end 1785273849279
job 12_SQRTX_48 started 1785273849279 core=5
job 95_DOT_84 end 1785273862793
job 29_SUM_132 started 1785273862794 core=4
job 85_POW_24 end 1785273892489
job 14_SQRTX_48 started 1785273892489 core=1
job 22_SUM_132 end 1785273916310
job 16_SQRTX_48 started 1785273916311 core=0
job 12_SQRTX_48 end 1785273921620
job 76_SUM_132 started 1785273921622 core=5
job 29_SUM_132 end 1785273944581
job 31_SQRTX_48 started 1785273944581 core=4
job 14_SQRTX_48 end 1785273958532
job 2_XPY_60 started 1785273958532 core=1
job 16_SQRTX_48 end 1785273979380
job 53_SQRTX_48 started 1785273979381 core=0
job 31_SQRTX_48 end 1785274007005
job 91_SQRTX_48 started 1785274007005 core=4
job 76_SUM_132 end 1785274019964
job 20_COPY_60 started 1785274019965 core=5
job 53_SQRTX_48 end 1785274043016
job 98_SQRTX_48 started 1785274043016 core=0
job 2_XPY_60 end 1785274045209
job 7_TGAMMA_60 started 1785274045209 core=1
job 91_SQRTX_48 end 1785274070513
job 51_COPY_60 started 1785274070514 core=4
job 7_TGAMMA_60 end 1785274080436
job 27_TGAMMA_60 started 1785274080436 core=1
job 20_COPY_60 end 1785274098148
job 54_COPY_60 started 1785274098148 core=5
job 27_TGAMMA_60 end 1785274115527
job 52_TGAMMA_60 started 1785274115528 core=1
job 98_SQRTX_48 end 1785274117994
job 66_TGAMMA_60 started 1785274117994 core=0
job 51_COPY_60 end 1785274145859
job 77_COPY_60 started 1785274145859 core=4
job 52_TGAMMA_60 end 1785274150686
job 88_TGAMMA_60 started 1785274150686 core=1
job 66_TGAMMA_60 end 1785274153251
job 80_COPY_60 started 1785274153251 core=0
job 54_COPY_60 end 1785274163041
job 0_ERF_24 started 1785274163041 core=5
job 88_TGAMMA_60 end 1785274185329
job 4_ERF_24 started 1785274185329 core=1
job 0_ERF_24 end 1785274196946
job 5_SUM_108 started 1785274196946 core=5
job 4_ERF_24 end 1785274233107
job 17_ERF_24 started 1785274233108 core=1
job 77_COPY_60 end 1785274252584
job 6_SUM_108 started 1785274252584 core=4
job 5_SUM_108 end 1785274260657
job 26_ERF_24 started 1785274260657 core=5
job 80_COPY_60 end 1785274263942
job 30_ERF_24 started 1785274263942 core=0
job 17_ERF_24 end 1785274282045
job 33_SUM_108 started 1785274282046 core=1
job 26_ERF_24 end 1785274311169
job 32_ERF_24 started 1785274311169 core=5
job 30_ERF_24 end 1785274314715
job 41_SUM_108 started 1785274314715 core=0
job 6_SUM_108 end 1785274324902
job 55_ERF_24 started 1785274324902 core=4
job 33_SUM_108 end 1785274353048
job 70_ERF_24 started 1785274353048 core=1
job 32_ERF_24 end 1785274362732
job 78_SUM_108 started 1785274362732 core=5
job 55_ERF_24 end 1785274375891
job 13_POW_12 started 1785274375891 core=4
job 41_SUM_108 end 1785274384373
job 28_XPY_48 started 1785274384373 core=0
job 70_ERF_24 end 1785274403584
job 15_POW_12 started 1785274403584 core=1
job 13_POW_12 end 1785274422640
job 36_POW_12 started 1785274422640 core=4
job 78_SUM_108 end 1785274429348
job 35_XPY_48 started 1785274429348 core=5
job 15_POW_12 end 1785274439107
job 62_POW_12 started 1785274439107 core=1
job 28_XPY_48 end 1785274454733
job 46_XPY_48 started 1785274454733 core=0
job 36_POW_12 end 1785274469722
job 19_ERF_12 started 1785274469722 core=4
job 62_POW_12 end 1785274485867
job 73_ERF_12 started 1785274485867 core=1
job 35_XPY_48 end 1785274495424
job 84_XPY_48 started 1785274495424 core=5
job 19_ERF_12 end 1785274505349
job 86_ERF_12 started 1785274505350 core=4
job 46_XPY_48 end 1785274520130
job 90_XPY_48 started 1785274520131 core=0
job 73_ERF_12 end 1785274520891
job 96_ERF_12 started 1785274520892 core=1
job 86_ERF_12 end 1785274540347
job 44_SQRTX_12 started 1785274540347 core=4
job 96_ERF_12 end 1785274556395
job 3_SUM_84 started 1785274556398 core=1
job 84_XPY_48 end 1785274560885
job 47_SQRTX_12 started 1785274560885 core=5
job 44_SQRTX_12 end 1785274564671
job 39_SUM_84 started 1785274564671 core=4
job 47_SQRTX_12 end 1785274576893
job 68_SQRTX_12 started 1785274576893 core=5
job 90_XPY_48 end 1785274588285
job 93_SQRTX_12 started 1785274588285 core=0
job 68_SQRTX_12 end 1785274593053
job 87_SUM_84 started 1785274593053 core=5
job 93_SQRTX_12 end 1785274605311
job 34_TGAMMA_12 started 1785274605311 core=0
job 34_TGAMMA_12 end 1785274612352
job 10_DOT_36 started 1785274612352 core=0
job 3_SUM_84 end 1785274612530
job 43_TGAMMA_12 started 1785274612531 core=1
job 43_TGAMMA_12 end 1785274619610
job 48_TGAMMA_12 started 1785274619611 core=1
job 48_TGAMMA_12 end 1785274626715
job 11_DOT_36 started 1785274626715 core=1
job 39_SUM_84 end 1785274628707
job 60_TGAMMA_12 started 1785274628708 core=4
job 60_TGAMMA_12 end 1785274635790
job 83_DOT_36 started 1785274635790 core=4
job 87_SUM_84 end 1785274649925
job 10_DOT_36 end 1785274658439
job 11_DOT_36 end 1785274663954
job 83_DOT_36 end 1785274670031
  итерация 0: 1639325 ms
  среднее по 1 итерациям: 1639325 ms
=== Выполняется проект: no_po_2.txt (100 работ, перестановка ORDER) ===
job 99_POW_36 started 1785274670032 core=4
job 84_POW_36 started 1785274670032 core=1
job 71_POW_36 started 1785274670032 core=0
job 42_COPY_84 started 1785274670032 core=5
job 99_POW_36 end 1785274762445
job 49_COPY_84 started 1785274762446 core=4
job 71_POW_36 end 1785274762712
job 19_TGAMMA_120 started 1785274762712 core=0
job 42_COPY_84 end 1785274791657
job 52_COPY_84 started 1785274791657 core=5
job 84_POW_36 end 1785274797036
job 55_TGAMMA_120 started 1785274797036 core=1
job 19_TGAMMA_120 end 1785274833214
job 54_COPY_84 started 1785274833215 core=0
job 55_TGAMMA_120 end 1785274867448
job 83_TGAMMA_120 started 1785274867448 core=1
job 49_COPY_84 end 1785274868649
job 95_TGAMMA_120 started 1785274868649 core=4
job 52_COPY_84 end 1785274884803
job 59_COPY_84 started 1785274884803 core=5
job 83_TGAMMA_120 end 1785274937839
job 5_ERF_48 started 1785274937839 core=1
job 95_TGAMMA_120 end 1785274938929
job 72_COPY_84 started 1785274938929 core=4
job 54_COPY_84 end 1785274939597
job 13_ERF_48 started 1785274939598 core=0
job 59_COPY_84 end 1785274987457
job 75_COPY_84 started 1785274987458 core=5
job 72_COPY_84 end 1785275057556
job 14_ERF_48 started 1785275057556 core=4
job 13_ERF_48 end 1785275063505
job 4_DOT_84 started 1785275063505 core=0
job 5_ERF_48 end 1785275063824
job 57_ERF_48 started 1785275063825 core=1
job 75_COPY_84 end 1785275111135
job 23_DOT_84 started 1785275111136 core=5
job 4_DOT_84 end 1785275154196
job 69_ERF_48 started 1785275154196 core=0
job 14_ERF_48 end 1785275173605
job 89_ERF_48 started 1785275173605 core=4
job 57_ERF_48 end 1785275193686
job 27_DOT_84 started 1785275193687 core=1
job 23_DOT_84 end 1785275204022
job 28_POW_24 started 1785275204023 core=5
job 69_ERF_48 end 1785275254677
job 43_DOT_84 started 1785275254677 core=0
job 89_ERF_48 end 1785275278846
job 39_POW_24 started 1785275278847 core=4
job 28_POW_24 end 1785275280762
job 45_DOT_84 started 1785275280762 core=5
job 27_DOT_84 end 1785275290187
job 40_POW_24 started 1785275290187 core=1
job 43_DOT_84 end 1785275355152
job 97_DOT_84 started 1785275355153 core=0
job 39_POW_24 end 1785275363974
job 47_POW_24 started 1785275363974 core=4
job 40_POW_24 end 1785275374990
job 91_POW_24 started 1785275374991 core=1
job 45_DOT_84 end 1785275382620
job 7_SUM_132 started 1785275382620 core=5
job 47_POW_24 end 1785275448206
job 98_POW_24 started 1785275448206 core=4
job 91_POW_24 end 1785275449367
job 10_SUM_132 started 1785275449368 core=1
job 97_DOT_84 end 1785275454573
job 61_SQRTX_48 started 1785275454573 core=0
job 7_SUM_132 end 1785275470371
job 16_SUM_132 started 1785275470371 core=5
job 98_POW_24 end 1785275516958
job 77_SQRTX_48 started 1785275516958 core=4
job 61_SQRTX_48 end 1785275528527
job 18_SUM_132 started 1785275528527 core=0
job 10_SUM_132 end 1785275533873
job 86_SQRTX_48 started 1785275533873 core=1
job 16_SUM_132 end 1785275554184
job 20_SUM_132 started 1785275554184 core=5
job 77_SQRTX_48 end 1785275582622
job 22_TGAMMA_60 started 1785275582623 core=4
job 86_SQRTX_48 end 1785275598544
job 32_TGAMMA_60 started 1785275598544 core=1
job 18_SUM_132 end 1785275602939
job 74_SUM_132 started 1785275602940 core=0
job 22_TGAMMA_60 end 1785275617570
job 46_TGAMMA_60 started 1785275617570 core=4
job 20_SUM_132 end 1785275626368
job 80_SUM_132 started 1785275626368 core=5
job 32_TGAMMA_60 end 1785275633549
job 90_TGAMMA_60 started 1785275633550 core=1
job 46_TGAMMA_60 end 1785275652561
job 92_SUM_132 started 1785275652561 core=4
job 74_SUM_132 end 1785275667868
job 93_TGAMMA_60 started 1785275667868 core=0
job 90_TGAMMA_60 end 1785275668604
job 94_SUM_132 started 1785275668604 core=1
job 80_SUM_132 end 1785275697332
job 0_ERF_24 started 1785275697332 core=5
job 93_TGAMMA_60 end 1785275703040
job 15_ERF_24 started 1785275703041 core=0
job 92_SUM_132 end 1785275725851
job 21_XPY_60 started 1785275725854 core=4
job 0_ERF_24 end 1785275748059
job 50_ERF_24 started 1785275748060 core=5
job 94_SUM_132 end 1785275754076
job 35_XPY_60 started 1785275754076 core=1
job 15_ERF_24 end 1785275764403
job 63_ERF_24 started 1785275764404 core=0
job 21_XPY_60 end 1785275812026
job 73_XPY_60 started 1785275812026 core=4
job 50_ERF_24 end 1785275815819
job 65_ERF_24 started 1785275815819 core=5
job 63_ERF_24 end 1785275829974
job 1_COPY_60 started 1785275829974 core=0
job 35_XPY_60 end 1785275834975
job 66_ERF_24 started 1785275834975 core=1
job 65_ERF_24 end 1785275867411
job 56_COPY_60 started 1785275867411 core=5
job 66_ERF_24 end 1785275884043
job 82_ERF_24 started 1785275884043 core=1
job 73_XPY_60 end 1785275915112
job 2_POW_12 started 1785275915112 core=4
job 1_COPY_60 end 1785275936058
job 62_COPY_60 started 1785275936058 core=0
job 82_ERF_24 end 1785275947378
job 24_POW_12 started 1785275947378 core=1
job 56_COPY_60 end 1785275953255
job 36_SUM_108 started 1785275953255 core=5
job 2_POW_12 end 1785275956904
job 25_POW_12 started 1785275956904 core=4
job 24_POW_12 end 1785275981795
job 64_SUM_108 started 1785275981795 core=1
job 25_POW_12 end 1785276004386
job 30_POW_12 started 1785276004386 core=4
job 36_SUM_108 end 1785276021874
job 85_SUM_108 started 1785276021874 core=5
job 62_COPY_60 end 1785276033820
job 31_POW_12 started 1785276033820 core=0
job 30_POW_12 end 1785276047964
job 33_POW_12 started 1785276047964 core=4
job 64_SUM_108 end 1785276053242
job 87_SUM_108 started 1785276053242 core=1
job 31_POW_12 end 1785276069202
job 34_POW_12 started 1785276069202 core=0
job 33_POW_12 end 1785276083255
job 38_XPY_48 started 1785276083256 core=4
job 85_SUM_108 end 1785276094058
job 76_POW_12 started 1785276094058 core=5
job 34_POW_12 end 1785276114714
job 41_XPY_48 started 1785276114714 core=0
job 87_SUM_108 end 1785276122018
job 88_POW_12 started 1785276122019 core=1
job 76_POW_12 end 1785276126528
job 48_XPY_48 started 1785276126529 core=5
job 88_POW_12 end 1785276165947
job 3_ERF_12 started 1785276165948 core=1
job 38_XPY_48 end 1785276166931
job 11_SUM_84 started 1785276166931 core=4
job 48_XPY_48 end 1785276193386
job 6_ERF_12 started 1785276193387 core=5
job 41_XPY_48 end 1785276197228
job 67_ERF_12 started 1785276197228 core=0
job 3_ERF_12 end 1785276199751
job 44_SUM_84 started 1785276199751 core=1
job 6_ERF_12 end 1785276218547
job 68_ERF_12 started 1785276218548 core=5
job 67_ERF_12 end 1785276222438
job 60_SUM_84 started 1785276222438 core=0
job 11_SUM_84 end 1785276230065
job 78_ERF_12 started 1785276230065 core=4
job 68_ERF_12 end 1785276244214
job 70_SUM_84 started 1785276244215 core=5
job 78_ERF_12 end 1785276255876
job 81_ERF_12 started 1785276255876 core=4
job 44_SUM_84 end 1785276256596
job 9_DOT_36 started 1785276256596 core=1
job 60_SUM_84 end 1785276282036
job 96_ERF_12 started 1785276282039 core=0
job 81_ERF_12 end 1785276282565
job 8_SQRTX_12 started 1785276282565 core=4
job 9_DOT_36 end 1785276297745
job 26_DOT_36 started 1785276297746 core=1
job 8_SQRTX_12 end 1785276301721
job 17_SQRTX_12 started 1785276301721 core=4
job 96_ERF_12 end 1785276306653
job 29_DOT_36 started 1785276306654 core=0
job 70_SUM_84 end 1785276310277
job 51_SQRTX_12 started 1785276310277 core=5
job 17_SQRTX_12 end 1785276322646
job 37_DOT_36 started 1785276322647 core=4
job 51_SQRTX_12 end 1785276331904
job 53_SQRTX_12 started 1785276331904 core=5
job 26_DOT_36 end 1785276338813
job 58_DOT_36 started 1785276338813 core=1
job 29_DOT_36 end 1785276352781
job 12_TGAMMA_12 started 1785276352781 core=0
job 53_SQRTX_12 end 1785276354590
job 79_DOT_36 started 1785276354590 core=5
job 12_TGAMMA_12 end 1785276359960
job 37_DOT_36 end 1785276364864
job 58_DOT_36 end 1785276377715
job 79_DOT_36 end 1785276383599
  итерация 0: 1713567 ms
  среднее по 1 итерациям: 1713567 ms
=== Выполняется проект: no_po_3.txt (100 работ, перестановка ORDER) ===
job 98_COPY_84 started 1785276383600 core=5
job 70_POW_36 started 1785276383600 core=1
job 28_POW_36 started 1785276383600 core=4
job 8_POW_36 started 1785276383600 core=0
job 28_POW_36 end 1785276475965
job 14_POW_36 started 1785276475965 core=4
job 8_POW_36 end 1785276476234
job 21_COPY_84 started 1785276476234 core=0
job 98_COPY_84 end 1785276505228
job 45_COPY_84 started 1785276505229 core=5
job 70_POW_36 end 1785276512707
job 46_COPY_84 started 1785276512707 core=1
job 21_COPY_84 end 1785276597011
job 16_TGAMMA_120 started 1785276597011 core=0
job 14_POW_36 end 1785276599533
job 52_COPY_84 started 1785276599533 core=4
job 45_COPY_84 end 1785276657593
job 35_TGAMMA_120 started 1785276657593 core=5
job 46_COPY_84 end 1785276663899
job 56_TGAMMA_120 started 1785276663899 core=1
job 16_TGAMMA_120 end 1785276667322
job 57_TGAMMA_120 started 1785276667322 core=0
job 52_COPY_84 end 1785276679342
job 18_DOT_84 started 1785276679342 core=4
job 35_TGAMMA_120 end 1785276726172
job 68_TGAMMA_120 started 1785276726172 core=5
job 18_DOT_84 end 1785276726451
job 19_DOT_84 started 1785276726451 core=4
job 56_TGAMMA_120 end 1785276732209
job 75_TGAMMA_120 started 1785276732209 core=1
job 57_TGAMMA_120 end 1785276736247
job 23_DOT_84 started 1785276736247 core=0
job 68_TGAMMA_120 end 1785276794882
job 81_TGAMMA_120 started 1785276794882 core=5
job 19_DOT_84 end 1785276797856
job 78_DOT_84 started 1785276797856 core=4
job 75_TGAMMA_120 end 1785276800978
job 86_TGAMMA_120 started 1785276800979 core=1
job 23_DOT_84 end 1785276814628
job 92_TGAMMA_120 started 1785276814628 core=0
job 78_DOT_84 end 1785276852197
job 96_DOT_84 started 1785276852198 core=4
job 81_TGAMMA_120 end 1785276863338
job 7_ERF_48 started 1785276863339 core=5
job 86_TGAMMA_120 end 1785276869512
job 34_SUM_132 started 1785276869512 core=1
job 92_TGAMMA_120 end 1785276883755
job 17_ERF_48 started 1785276883756 core=0
job 96_DOT_84 end 1785276927546
job 40_SUM_132 started 1785276927546 core=4
job 34_SUM_132 end 1785276959282
job 22_ERF_48 started 1785276959282 core=1
job 7_ERF_48 end 1785276961404
job 41_SUM_132 started 1785276961405 core=5
job 17_ERF_48 end 1785276995751
job 42_ERF_48 started 1785276995751 core=0
job 40_SUM_132 end 1785277012327
job 47_ERF_48 started 1785277012327 core=4
job 41_SUM_132 end 1785277044555
job 69_SUM_132 started 1785277044556 core=5
job 22_ERF_48 end 1785277059131
job 59_ERF_48 started 1785277059132 core=1
job 42_ERF_48 end 1785277093475
job 76_SUM_132 started 1785277093475 core=0
job 47_ERF_48 end 1785277109823
job 73_ERF_48 started 1785277109823 core=4
job 69_SUM_132 end 1785277125015
job 77_SUM_132 started 1785277125016 core=5
job 59_ERF_48 end 1785277158925
job 11_POW_24 started 1785277158925 core=1
job 76_SUM_132 end 1785277180698
job 85_SUM_132 started 1785277180698 core=0
job 77_SUM_132 end 1785277210610
job 24_POW_24 started 1785277210610 core=5
job 73_ERF_48 end 1785277212593
job 1_XPY_60 started 1785277212593 core=4
job 11_POW_24 end 1785277227824
job 25_POW_24 started 1785277227824 core=1
job 24_POW_24 end 1785277274822
job 27_POW_24 started 1785277274822 core=5
job 25_POW_24 end 1785277292076
job 3_XPY_60 started 1785277292076 core=1
job 85_SUM_132 end 1785277293388
job 38_POW_24 started 1785277293389 core=0
job 1_XPY_60 end 1785277298375
job 12_XPY_60 started 1785277298375 core=4
job 27_POW_24 end 1785277360299
job 50_POW_24 started 1785277360299 core=5
job 3_XPY_60 end 1785277375214
job 13_XPY_60 started 1785277375215 core=1
job 12_XPY_60 end 1785277380945
job 54_POW_24 started 1785277380945 core=4
job 38_POW_24 end 1785277385214
job 44_XPY_60 started 1785277385215 core=0
job 50_POW_24 end 1785277453648
job 99_POW_24 started 1785277453648 core=5
job 13_XPY_60 end 1785277458275
job 26_SQRTX_48 started 1785277458275 core=1
job 54_POW_24 end 1785277466185
job 72_XPY_60 started 1785277466186 core=4
job 44_XPY_60 end 1785277471706
job 63_SQRTX_48 started 1785277471706 core=0
job 99_POW_24 end 1785277516041
job 87_XPY_60 started 1785277516041 core=5
job 26_SQRTX_48 end 1785277525398
job 2_TGAMMA_60 started 1785277525398 core=1
job 72_XPY_60 end 1785277550150
job 9_COPY_60 started 1785277550152 core=4
job 2_TGAMMA_60 end 1785277560868
job 32_TGAMMA_60 started 1785277560868 core=1
job 63_SQRTX_48 end 1785277566817
job 62_COPY_60 started 1785277566818 core=0
job 87_XPY_60 end 1785277584440
job 60_TGAMMA_60 started 1785277584440 core=5
job 32_TGAMMA_60 end 1785277595885
job 71_COPY_60 started 1785277595885 core=1
job 60_TGAMMA_60 end 1785277619230
job 91_TGAMMA_60 started 1785277619231 core=5
job 9_COPY_60 end 1785277646665
job 10_ERF_24 started 1785277646666 core=4
job 91_TGAMMA_60 end 1785277654446
job 90_COPY_60 started 1785277654446 core=5
job 62_COPY_60 end 1785277663982
job 37_ERF_24 started 1785277663982 core=0
job 71_COPY_60 end 1785277666157
job 15_SUM_108 started 1785277666157 core=1
job 10_ERF_24 end 1785277697542
job 39_ERF_24 started 1785277697542 core=4
job 37_ERF_24 end 1785277710757
job 30_SUM_108 started 1785277710758 core=0
job 90_COPY_60 end 1785277744767
job 43_ERF_24 started 1785277744768 core=5
job 39_ERF_24 end 1785277746979
job 51_SUM_108 started 1785277746979 core=4
job 15_SUM_108 end 1785277762722
job 48_ERF_24 started 1785277762722 core=1
job 30_SUM_108 end 1785277781421
job 74_ERF_24 started 1785277781421 core=0
job 43_ERF_24 end 1785277796510
job 53_SUM_108 started 1785277796510 core=5
job 48_ERF_24 end 1785277814059
job 84_ERF_24 started 1785277814059 core=1
job 51_SUM_108 end 1785277816208
job 66_SUM_108 started 1785277816208 core=4
job 74_ERF_24 end 1785277832501
job 89_ERF_24 started 1785277832501 core=0
job 84_ERF_24 end 1785277865621
job 88_SUM_108 started 1785277865621 core=1
job 53_SUM_108 end 1785277866879
job 82_POW_12 started 1785277866879 core=5
job 89_ERF_24 end 1785277884391
job 29_XPY_48 started 1785277884391 core=0
job 66_SUM_108 end 1785277887814
job 0_ERF_12 started 1785277887814 core=4
job 82_POW_12 end 1785277900974
job 33_XPY_48 started 1785277900974 core=5
job 0_ERF_12 end 1785277926077
job 4_ERF_12 started 1785277926078 core=4
job 88_SUM_108 end 1785277946447
job 61_ERF_12 started 1785277946448 core=1
job 29_XPY_48 end 1785277953691
job 36_XPY_48 started 1785277953691 core=0
job 4_ERF_12 end 1785277962257
job 20_SQRTX_12 started 1785277962257 core=4
job 33_XPY_48 end 1785277968974
job 65_XPY_48 started 1785277968975 core=5
job 61_ERF_12 end 1785277981706
job 49_SQRTX_12 started 1785277981706 core=1
job 20_SQRTX_12 end 1785277986668
job 67_XPY_48 started 1785277986669 core=4
job 49_SQRTX_12 end 1785278006292
job 55_SQRTX_12 started 1785278006292 core=1
job 55_SQRTX_12 end 1785278030715
job 80_XPY_48 started 1785278030715 core=1
job 36_XPY_48 end 1785278031650
job 58_SQRTX_12 started 1785278031650 core=0
job 65_XPY_48 end 1785278036794
job 97_SQRTX_12 started 1785278036795 core=5
job 58_SQRTX_12 end 1785278056478
job 94_XPY_48 started 1785278056479 core=0
job 97_SQRTX_12 end 1785278061568
job 5_TGAMMA_12 started 1785278061568 core=5
job 67_XPY_48 end 1785278068162
job 64_SUM_84 started 1785278068163 core=4
job 5_TGAMMA_12 end 1785278068763
job 31_TGAMMA_12 started 1785278068763 core=5
job 31_TGAMMA_12 end 1785278075988
job 6_DOT_36 started 1785278075988 core=5
job 80_XPY_48 end 1785278101361
job 83_TGAMMA_12 started 1785278101362 core=1
job 83_TGAMMA_12 end 1785278108486
job 79_DOT_36 started 1785278108486 core=1
job 6_DOT_36 end 1785278125124
job 95_TGAMMA_12 started 1785278125125 core=5
job 95_TGAMMA_12 end 1785278132227
job 93_DOT_36 started 1785278132227 core=5
job 94_XPY_48 end 1785278135253
job 64_SUM_84 end 1785278141330
job 79_DOT_36 end 1785278148575
job 93_DOT_36 end 1785278157829
  итерация 0: 1774229 ms
  среднее по 1 итерациям: 1774229 ms
=== Выполняется проект: no_po_4.txt (100 работ, перестановка ORDER) ===
job 99_COPY_60 started 1785278157830 core=5
job 89_COPY_84 started 1785278157830 core=1
job 97_SUM_132 started 1785278157830 core=4
job 2_POW_36 started 1785278157830 core=0
job 97_SUM_132 end 1785278236221
job 13_POW_36 started 1785278236222 core=4
job 2_POW_36 end 1785278254628
job 27_COPY_84 started 1785278254629 core=0
job 99_COPY_60 end 1785278277406
job 15_POW_36 started 1785278277406 core=5
job 89_COPY_84 end 1785278312890
job 32_COPY_84 started 1785278312890 core=1
job 13_POW_36 end 1785278354933
job 22_POW_36 started 1785278354934 core=4
job 27_COPY_84 end 1785278376569
job 52_COPY_84 started 1785278376570 core=0
job 15_POW_36 end 1785278403762
job 41_POW_36 started 1785278403763 core=5
job 32_COPY_84 end 1785278435163
job 71_COPY_84 started 1785278435163 core=1
job 22_POW_36 end 1785278481139
job 77_POW_36 started 1785278481139 core=4
job 52_COPY_84 end 1785278498740
job 73_COPY_84 started 1785278498740 core=0
job 41_POW_36 end 1785278530050
job 48_TGAMMA_120 started 1785278530051 core=5
job 71_COPY_84 end 1785278551010
job 38_ERF_48 started 1785278551010 core=1
job 48_TGAMMA_120 end 1785278599412
job 14_DOT_84 started 1785278599412 core=5
job 77_POW_36 end 1785278604641
job 44_ERF_48 started 1785278604641 core=4
job 73_COPY_84 end 1785278613732
job 6_POW_24 started 1785278613732 core=0
job 38_ERF_48 end 1785278624122
job 60_DOT_84 started 1785278624122 core=1
job 6_POW_24 end 1785278684779
job 7_POW_24 started 1785278684779 core=0
job 14_DOT_84 end 1785278703460
job 3_SUM_132 started 1785278703461 core=5
job 44_ERF_48 end 1785278712391
job 17_POW_24 started 1785278712391 core=4
job 60_DOT_84 end 1785278730992
job 8_SUM_132 started 1785278730993 core=1
job 7_POW_24 end 1785278756048
job 31_POW_24 started 1785278756048 core=0
job 17_POW_24 end 1785278783302
job 28_SUM_132 started 1785278783302 core=4
job 3_SUM_132 end 1785278797449
job 37_POW_24 started 1785278797450 core=5
job 8_SUM_132 end 1785278819987
job 39_SUM_132 started 1785278819987 core=1
job 31_POW_24 end 1785278828673
job 47_POW_24 started 1785278828673 core=0
job 37_POW_24 end 1785278870068
job 56_SUM_132 started 1785278870068 core=5
job 28_SUM_132 end 1785278870388
job 34_SQRTX_48 started 1785278870388 core=4
job 47_POW_24 end 1785278899088
job 67_SUM_132 started 1785278899088 core=0
job 39_SUM_132 end 1785278906035
job 35_SQRTX_48 started 1785278906036 core=1
job 34_SQRTX_48 end 1785278939126
job 75_SUM_132 started 1785278939126 core=4
job 56_SUM_132 end 1785278956110
job 43_SQRTX_48 started 1785278956110 core=5
job 35_SQRTX_48 end 1785278973039
job 53_SQRTX_48 started 1785278973039 core=1
job 67_SUM_132 end 1785278983993
job 64_SQRTX_48 started 1785278983993 core=0
job 75_SUM_132 end 1785279017334
job 24_XPY_60 started 1785279017335 core=4
job 43_SQRTX_48 end 1785279021877
job 68_SQRTX_48 started 1785279021877 core=5
job 53_SQRTX_48 end 1785279038200
job 30_XPY_60 started 1785279038200 core=1
job 64_SQRTX_48 end 1785279065213
job 95_SQRTX_48 started 1785279065213 core=0
job 24_XPY_60 end 1785279103702
job 45_XPY_60 started 1785279103702 core=4
job 68_SQRTX_48 end 1785279113298
job 11_TGAMMA_60 started 1785279113298 core=5
job 30_XPY_60 end 1785279121249
job 79_XPY_60 started 1785279121249 core=1
job 11_TGAMMA_60 end 1785279148781
job 25_TGAMMA_60 started 1785279148781 core=5
job 95_SQRTX_48 end 1785279162855
job 92_XPY_60 started 1785279162855 core=0
job 25_TGAMMA_60 end 1785279184292
job 49_TGAMMA_60 started 1785279184292 core=5
job 79_XPY_60 end 1785279188034
job 4_COPY_60 started 1785279188034 core=1
job 45_XPY_60 end 1785279192967
job 72_TGAMMA_60 started 1785279192968 core=4
job 49_TGAMMA_60 end 1785279219541
job 19_COPY_60 started 1785279219542 core=5
job 72_TGAMMA_60 end 1785279228345
job 91_ERF_24 started 1785279228345 core=4
job 92_XPY_60 end 1785279243960
job 9_POW_12 started 1785279243960 core=0
job 9_POW_12 end 1785279275385
job 54_COPY_60 started 1785279275385 core=0
job 4_COPY_60 end 1785279276670
job 57_POW_12 started 1785279276670 core=1
job 91_ERF_24 end 1785279278343
job 62_COPY_60 started 1785279278343 core=4
job 57_POW_12 end 1785279318326
job 59_POW_12 started 1785279318328 core=1
job 19_COPY_60 end 1785279318339
job 69_COPY_60 started 1785279318339 core=5
job 59_POW_12 end 1785279359991
job 74_POW_12 started 1785279359992 core=1
job 54_COPY_60 end 1785279386419
job 81_POW_12 started 1785279386420 core=0
job 62_COPY_60 end 1785279389590
job 10_SUM_108 started 1785279389591 core=4
job 74_POW_12 end 1785279403042
job 82_POW_12 started 1785279403042 core=1
job 69_COPY_60 end 1785279406107
job 18_SUM_108 started 1785279406107 core=5
job 81_POW_12 end 1785279421553
job 86_POW_12 started 1785279421553 core=0
job 82_POW_12 end 1785279440206
job 21_SUM_108 started 1785279440206 core=1
job 86_POW_12 end 1785279458412
job 90_POW_12 started 1785279458412 core=0
job 10_SUM_108 end 1785279459681
job 66_SUM_108 started 1785279459682 core=4
job 18_SUM_108 end 1785279480487
job 98_POW_12 started 1785279480488 core=5
job 90_POW_12 end 1785279496000
job 1_ERF_12 started 1785279496001 core=0
job 21_SUM_108 end 1785279513787
job 78_SUM_108 started 1785279513787 core=1
job 98_POW_12 end 1785279516581
job 5_ERF_12 started 1785279516581 core=5
job 1_ERF_12 end 1785279521547
job 83_SUM_108 started 1785279521548 core=0
job 66_SUM_108 end 1785279533060
job 23_ERF_12 started 1785279533061 core=4
job 5_ERF_12 end 1785279542393
job 87_SUM_108 started 1785279542393 core=5
job 23_ERF_12 end 1785279559073
job 26_ERF_12 started 1785279559073 core=4
job 26_ERF_12 end 1785279585733
job 0_XPY_48 started 1785279585733 core=4
job 78_SUM_108 end 1785279588530
job 40_ERF_12 started 1785279588530 core=1
job 83_SUM_108 end 1785279603316
job 20_XPY_48 started 1785279603319 core=0
job 40_ERF_12 end 1785279613317
job 55_ERF_12 started 1785279613317 core=1
job 87_SUM_108 end 1785279614427
job 42_XPY_48 started 1785279614427 core=5
job 55_ERF_12 end 1785279647963
job 76_ERF_12 started 1785279647964 core=1
job 0_XPY_48 end 1785279672151
job 58_XPY_48 started 1785279672151 core=4
job 42_XPY_48 end 1785279679624
job 93_ERF_12 started 1785279679625 core=5
job 76_ERF_12 end 1785279682095
job 85_XPY_48 started 1785279682095 core=1
job 20_XPY_48 end 1785279693474
job 16_SQRTX_12 started 1785279693474 core=0
job 93_ERF_12 end 1785279713401
job 70_SQRTX_12 started 1785279713402 core=5
job 16_SQRTX_12 end 1785279717895
job 12_SUM_84 started 1785279717896 core=0
job 70_SQRTX_12 end 1785279738377
job 88_SQRTX_12 started 1785279738378 core=5
job 58_XPY_48 end 1785279745153
job 50_SUM_84 started 1785279745154 core=4
job 85_XPY_48 end 1785279749197
job 94_SQRTX_12 started 1785279749198 core=1
job 88_SQRTX_12 end 1785279759425
job 65_SUM_84 started 1785279759426 core=5
job 94_SQRTX_12 end 1785279767017
job 33_TGAMMA_12 started 1785279767017 core=1
job 33_TGAMMA_12 end 1785279774112
job 29_DOT_36 started 1785279774112 core=1
job 12_SUM_84 end 1785279780384
job 36_TGAMMA_12 started 1785279780385 core=0
job 36_TGAMMA_12 end 1785279787497
job 46_DOT_36 started 1785279787497 core=0
job 50_SUM_84 end 1785279802266
job 51_TGAMMA_12 started 1785279802266 core=4
job 51_TGAMMA_12 end 1785279809359
job 63_DOT_36 started 1785279809359 core=4
job 29_DOT_36 end 1785279819584
job 61_TGAMMA_12 started 1785279819585 core=1
job 65_SUM_84 end 1785279823585
job 80_DOT_36 started 1785279823585 core=5
job 61_TGAMMA_12 end 1785279826728
job 96_TGAMMA_12 started 1785279826729 core=1
job 96_TGAMMA_12 end 1785279833944
job 84_DOT_36 started 1785279833944 core=1
job 46_DOT_36 end 1785279834608
job 63_DOT_36 end 1785279849721
job 80_DOT_36 end 1785279861029
job 84_DOT_36 end 1785279865930
  итерация 0: 1708099 ms
  среднее по 1 итерациям: 1708099 ms
=== Выполняется проект: no_po_4_as_tbb_order.txt (100 работ, перестановка ORDER) ===
job 63_DOT_36 started 1785279865930 core=5
job 82_POW_12 started 1785279865930 core=1
job 34_SQRTX_48 started 1785279865930 core=4
job 11_TGAMMA_60 started 1785279865930 core=0
job 82_POW_12 end 1785279899693
job 12_SUM_84 started 1785279899694 core=1
job 11_TGAMMA_60 end 1785279900634
job 20_XPY_48 started 1785279900634 core=0
job 63_DOT_36 end 1785279901275
job 25_TGAMMA_60 started 1785279901276 core=5
job 34_SQRTX_48 end 1785279923434
job 4_COPY_60 started 1785279923434 core=4
job 12_SUM_84 end 1785279934534
job 18_SUM_108 started 1785279934534 core=1
job 25_TGAMMA_60 end 1785279936072
job 22_POW_36 started 1785279936072 core=5
job 20_XPY_48 end 1785279985001
job 23_ERF_12 started 1785279985002 core=0
job 18_SUM_108 end 1785279998419
job 1_ERF_12 started 1785279998419 core=1
job 23_ERF_12 end 1785280018274
job 8_SUM_132 started 1785280018274 core=0
job 1_ERF_12 end 1785280020060
job 5_ERF_12 started 1785280020060 core=1
job 4_COPY_60 end 1785280031948
job 15_POW_36 started 1785280031948 core=4
job 22_POW_36 end 1785280032755
job 26_ERF_12 started 1785280032755 core=5
job 5_ERF_12 end 1785280043936
job 9_POW_12 started 1785280043937 core=1
job 26_ERF_12 end 1785280057579
job 21_SUM_108 started 1785280057579 core=5
job 9_POW_12 end 1785280079703
job 0_XPY_48 started 1785280079703 core=1
job 8_SUM_132 end 1785280104834
job 6_POW_24 started 1785280104834 core=0
job 15_POW_36 end 1785280132730
job 10_SUM_108 started 1785280132730 core=4
job 21_SUM_108 end 1785280149729
job 2_POW_36 started 1785280149729 core=5
job 0_XPY_48 end 1785280154457
job 16_SQRTX_12 started 1785280154457 core=1
job 6_POW_24 end 1785280170295
job 3_SUM_132 started 1785280170295 core=0
job 16_SQRTX_12 end 1785280171687
job 32_COPY_84 started 1785280171687 core=1
job 10_SUM_108 end 1785280200382
job 14_DOT_84 started 1785280200383 core=4
job 3_SUM_132 end 1785280269391
job 13_POW_36 started 1785280269391 core=0
job 2_POW_36 end 1785280287146
job 7_POW_24 started 1785280287146 core=5
job 14_DOT_84 end 1785280294120
job 35_SQRTX_48 started 1785280294120 core=4
job 32_COPY_84 end 1785280310870
job 17_POW_24 started 1785280310870 core=1
job 7_POW_24 end 1785280353875
job 30_XPY_60 started 1785280353875 core=5
job 35_SQRTX_48 end 1785280355558
job 19_COPY_60 started 1785280355558 core=4
job 13_POW_36 end 1785280368444
job 24_XPY_60 started 1785280368444 core=0
job 17_POW_24 end 1785280379023
job 33_TGAMMA_12 started 1785280379023 core=1
job 33_TGAMMA_12 end 1785280386139
job 38_ERF_48 started 1785280386139 core=1
job 30_XPY_60 end 1785280433710
job 27_COPY_84 started 1785280433710 core=5
job 19_COPY_60 end 1785280467942
job 56_SUM_132 started 1785280467942 core=4
job 24_XPY_60 end 1785280473068
job 40_ERF_12 started 1785280473068 core=0
job 40_ERF_12 end 1785280497620
job 59_POW_12 started 1785280497621 core=0
job 38_ERF_48 end 1785280522389
job 36_TGAMMA_12 started 1785280522389 core=1
job 36_TGAMMA_12 end 1785280529561
job 64_SQRTX_48 started 1785280529561 core=1
job 59_POW_12 end 1785280530188
job 31_POW_24 started 1785280530188 core=0
job 56_SUM_132 end 1785280547565
job 41_POW_36 started 1785280547565 core=4
job 27_COPY_84 end 1785280558719
job 47_POW_24 started 1785280558719 core=5
job 31_POW_24 end 1785280590882
job 39_SUM_132 started 1785280590882 core=0
job 64_SQRTX_48 end 1785280601292
job 50_SUM_84 started 1785280601292 core=1
job 47_POW_24 end 1785280623332
job 57_POW_12 started 1785280623332 core=5
job 41_POW_36 end 1785280645225
job 58_XPY_48 started 1785280645225 core=4
job 50_SUM_84 end 1785280655700
job 61_TGAMMA_12 started 1785280655701 core=1
job 57_POW_12 end 1785280658117
job 42_XPY_48 started 1785280658117 core=5
job 61_TGAMMA_12 end 1785280662746
job 48_TGAMMA_120 started 1785280662747 core=1
job 39_SUM_132 end 1785280687215
job 55_ERF_12 started 1785280687216 core=0
job 42_XPY_48 end 1785280713061
job 65_SUM_84 started 1785280713062 core=5
job 58_XPY_48 end 1785280713122
job 46_DOT_36 started 1785280713123 core=4
job 55_ERF_12 end 1785280721473
job 52_COPY_84 started 1785280721473 core=0
job 48_TGAMMA_120 end 1785280733585
job 66_SUM_108 started 1785280733585 core=1
job 65_SUM_84 end 1785280759599
job 28_SUM_132 started 1785280759599 core=5
job 46_DOT_36 end 1785280770768
job 29_DOT_36 started 1785280770768 core=4
job 66_SUM_108 end 1785280808186
job 37_POW_24 started 1785280808186 core=1
job 29_DOT_36 end 1785280833887
job 43_SQRTX_48 started 1785280833888 core=4
job 28_SUM_132 end 1785280846051
job 44_ERF_48 started 1785280846051 core=5
job 52_COPY_84 end 1785280868438
job 45_XPY_60 started 1785280868439 core=0
job 37_POW_24 end 1785280873275
job 49_TGAMMA_60 started 1785280873275 core=1
job 49_TGAMMA_60 end 1785280907696
job 69_COPY_60 started 1785280907696 core=1
job 44_ERF_48 end 1785280922034
job 76_ERF_12 started 1785280922034 core=5
job 43_SQRTX_48 end 1785280923832
job 54_COPY_60 started 1785280923833 core=4
job 45_XPY_60 end 1785280952277
job 73_COPY_84 started 1785280952277 core=0
job 76_ERF_12 end 1785280953619
job 77_POW_36 started 1785280953619 core=5
job 69_COPY_60 end 1785280993017
job 78_SUM_108 started 1785280993017 core=1
job 54_COPY_60 end 1785281041723
job 79_XPY_60 started 1785281041723 core=4
job 78_SUM_108 end 1785281057003
job 53_SQRTX_48 started 1785281057004 core=1
job 77_POW_36 end 1785281059869
job 92_XPY_60 started 1785281059869 core=5
job 73_COPY_84 end 1785281116237
job 60_DOT_84 started 1785281116238 core=0
job 92_XPY_60 end 1785281142662
job 94_SQRTX_12 started 1785281142662 core=5
job 79_XPY_60 end 1785281148246
job 62_COPY_60 started 1785281148246 core=4
job 53_SQRTX_48 end 1785281148781
job 67_SUM_132 started 1785281148781 core=1
job 94_SQRTX_12 end 1785281159013
job 98_POW_12 started 1785281159013 core=5
job 98_POW_12 end 1785281194190
job 83_SUM_108 started 1785281194190 core=5
job 67_SUM_132 end 1785281236506
job 68_SQRTX_48 started 1785281236506 core=1
job 60_DOT_84 end 1785281247071
job 75_SUM_132 started 1785281247072 core=0
job 62_COPY_60 end 1785281259167
job 88_SQRTX_12 started 1785281259167 core=4
job 83_SUM_108 end 1785281266731
job 84_DOT_36 started 1785281266732 core=5
job 88_SQRTX_12 end 1785281275229
job 89_COPY_84 started 1785281275229 core=4
job 84_DOT_36 end 1785281305500
job 91_ERF_24 started 1785281305500 core=5
job 68_SQRTX_48 end 1785281309687
job 51_TGAMMA_12 started 1785281309687 core=1
job 51_TGAMMA_12 end 1785281316581
job 70_SQRTX_12 started 1785281316582 core=1
job 70_SQRTX_12 end 1785281333742
job 71_COPY_84 started 1785281333742 core=1
job 91_ERF_24 end 1785281352736
job 80_DOT_36 started 1785281352737 core=5
job 75_SUM_132 end 1785281358688
job 85_XPY_48 started 1785281358688 core=0
job 80_DOT_36 end 1785281408090
job 72_TGAMMA_60 started 1785281408092 core=5
job 89_COPY_84 end 1785281414368
job 74_POW_12 started 1785281414368 core=4
job 85_XPY_48 end 1785281439403
job 86_POW_12 started 1785281439403 core=0
job 72_TGAMMA_60 end 1785281443357
job 96_TGAMMA_12 started 1785281443357 core=5
job 71_COPY_84 end 1785281449430
job 81_POW_12 started 1785281449430 core=1
job 96_TGAMMA_12 end 1785281450465
job 87_SUM_108 started 1785281450465 core=5
job 74_POW_12 end 1785281453190
job 97_SUM_132 started 1785281453190 core=4
job 86_POW_12 end 1785281473382
job 90_POW_12 started 1785281473383 core=0
job 81_POW_12 end 1785281484908
job 99_COPY_60 started 1785281484908 core=1
job 90_POW_12 end 1785281508489
job 93_ERF_12 started 1785281508489 core=0
job 93_ERF_12 end 1785281533427
job 95_SQRTX_48 started 1785281533427 core=0
job 97_SUM_132 end 1785281537587
job 87_SUM_108 end 1785281539240
job 99_COPY_60 end 1785281557524
job 95_SQRTX_48 end 1785281573016
  итерация 0: 1707086 ms
  среднее по 1 итерациям: 1707086 ms
=== Выполняется проект: no_po_5.txt (100 работ, перестановка ORDER) ===
job 89_COPY_84 started 1785281573017 core=1
job 37_COPY_84 started 1785281573017 core=5
job 75_POW_36 started 1785281573017 core=0
job 15_POW_36 started 1785281573017 core=4
job 15_POW_36 end 1785281664284
job 24_POW_36 started 1785281664284 core=4
job 75_POW_36 end 1785281664642
job 7_COPY_84 started 1785281664642 core=0
job 89_COPY_84 end 1785281730204
job 28_POW_36 started 1785281730204 core=1
job 37_COPY_84 end 1785281730223
job 30_POW_36 started 1785281730223 core=5
job 7_COPY_84 end 1785281786120
job 47_COPY_84 started 1785281786120 core=0
job 24_POW_36 end 1785281790167
job 40_POW_36 started 1785281790168 core=4
job 28_POW_36 end 1785281822535
job 48_COPY_84 started 1785281822535 core=1
job 30_POW_36 end 1785281822630
job 44_POW_36 started 1785281822631 core=5
job 47_COPY_84 end 1785281908461
job 57_COPY_84 started 1785281908461 core=0
job 40_POW_36 end 1785281916836
job 67_POW_36 started 1785281916837 core=4
job 48_COPY_84 end 1785281944182
job 60_COPY_84 started 1785281944182 core=1
job 44_POW_36 end 1785281949053
job 87_POW_36 started 1785281949053 core=5
job 57_COPY_84 end 1785282030789
job 95_COPY_84 started 1785282030789 core=0
job 67_POW_36 end 1785282043505
job 92_POW_36 started 1785282043505 core=4
job 60_COPY_84 end 1785282066810
job 3_DOT_84 started 1785282066810 core=1
job 87_POW_36 end 1785282075595
job 96_POW_36 started 1785282075595 core=5
job 3_DOT_84 end 1785282158633
job 66_DOT_84 started 1785282158634 core=1
job 95_COPY_84 end 1785282164731
job 35_TGAMMA_120 started 1785282164731 core=0
job 92_POW_36 end 1785282174662
job 99_DOT_84 started 1785282174662 core=4
job 96_POW_36 end 1785282190226
job 36_TGAMMA_120 started 1785282190226 core=5
job 35_TGAMMA_120 end 1785282235043
job 34_SUM_132 started 1785282235044 core=0
job 66_DOT_84 end 1785282239394
job 62_TGAMMA_120 started 1785282239394 core=1
job 99_DOT_84 end 1785282250343
job 63_TGAMMA_120 started 1785282250343 core=4
job 36_TGAMMA_120 end 1785282260026
job 69_SUM_132 started 1785282260026 core=5
job 34_SUM_132 end 1785282292815
job 68_TGAMMA_120 started 1785282292815 core=0
job 62_TGAMMA_120 end 1785282308632
job 74_SUM_132 started 1785282308633 core=1
job 69_SUM_132 end 1785282310379
job 11_ERF_48 started 1785282310379 core=5
job 63_TGAMMA_120 end 1785282319475
job 79_SUM_132 started 1785282319475 core=4
job 68_TGAMMA_120 end 1785282362220
job 32_ERF_48 started 1785282362221 core=0
job 79_SUM_132 end 1785282386459
job 86_SUM_132 started 1785282386459 core=4
job 74_SUM_132 end 1785282387691
job 42_ERF_48 started 1785282387692 core=1
job 11_ERF_48 end 1785282407333
job 6_XPY_60 started 1785282407333 core=5
job 32_ERF_48 end 1785282461495
job 0_POW_24 started 1785282461495 core=0
job 86_SUM_132 end 1785282463773
job 13_XPY_60 started 1785282463773 core=4
job 6_XPY_60 end 1785282493173
job 5_POW_24 started 1785282493173 core=5
job 42_ERF_48 end 1785282513095
job 14_XPY_60 started 1785282513095 core=1
job 13_XPY_60 end 1785282545757
job 18_POW_24 started 1785282545757 core=4
job 0_POW_24 end 1785282551283
job 16_XPY_60 started 1785282551283 core=0
job 5_POW_24 end 1785282576921
job 22_POW_24 started 1785282576922 core=5
job 14_XPY_60 end 1785282595951
job 21_XPY_60 started 1785282595952 core=1
job 16_XPY_60 end 1785282634399
job 29_POW_24 started 1785282634399 core=0
job 18_POW_24 end 1785282635601
job 27_XPY_60 started 1785282635601 core=4
job 22_POW_24 end 1785282670271
job 94_POW_24 started 1785282670272 core=5
job 21_XPY_60 end 1785282678772
job 33_XPY_60 started 1785282678772 core=1
job 27_XPY_60 end 1785282718381
job 73_SQRTX_48 started 1785282718381 core=4
job 29_POW_24 end 1785282724285
job 64_XPY_60 started 1785282724285 core=0
job 33_XPY_60 end 1785282760284
job 88_SQRTX_48 started 1785282760284 core=1
job 94_POW_24 end 1785282762093
job 98_SQRTX_48 started 1785282762094 core=5
job 64_XPY_60 end 1785282811396
job 83_XPY_60 started 1785282811396 core=0
job 73_SQRTX_48 end 1785282814705
job 4_TGAMMA_60 started 1785282814705 core=4
job 88_SQRTX_48 end 1785282827579
job 10_COPY_60 started 1785282827579 core=1
job 98_SQRTX_48 end 1785282829888
job 41_TGAMMA_60 started 1785282829889 core=5
job 4_TGAMMA_60 end 1785282850216
job 39_COPY_60 started 1785282850216 core=4
job 41_TGAMMA_60 end 1785282865100
job 45_TGAMMA_60 started 1785282865100 core=5
job 10_COPY_60 end 1785282894005
job 52_COPY_60 started 1785282894005 core=1
job 83_XPY_60 end 1785282895973
job 51_TGAMMA_60 started 1785282895973 core=0
job 45_TGAMMA_60 end 1785282900318
job 76_COPY_60 started 1785282900318 core=5
job 51_TGAMMA_60 end 1785282931318
job 53_TGAMMA_60 started 1785282931320 core=0
job 39_COPY_60 end 1785282936127
job 43_SUM_108 started 1785282936127 core=4
job 53_TGAMMA_60 end 1785282966328
job 58_TGAMMA_60 started 1785282966328 core=0
job 43_SUM_108 end 1785282980565
job 59_SUM_108 started 1785282980565 core=4
job 58_TGAMMA_60 end 1785283001290
job 81_TGAMMA_60 started 1785283001291 core=0
job 52_COPY_60 end 1785283004336
job 77_SUM_108 started 1785283004337 core=1
job 76_COPY_60 end 1785283014230
job 8_ERF_24 started 1785283014230 core=5
job 59_SUM_108 end 1785283026244
job 78_SUM_108 started 1785283026244 core=4
job 81_TGAMMA_60 end 1785283036369
job 19_ERF_24 started 1785283036369 core=0
job 8_ERF_24 end 1785283064443
job 82_SUM_108 started 1785283064443 core=5
job 77_SUM_108 end 1785283080238
job 50_ERF_24 started 1785283080239 core=1
job 19_ERF_24 end 1785283088855
job 2_XPY_48 started 1785283088855 core=0
job 78_SUM_108 end 1785283095094
job 84_ERF_24 started 1785283095094 core=4
job 50_ERF_24 end 1785283130179
job 17_XPY_48 started 1785283130179 core=1
job 82_SUM_108 end 1785283131842
job 90_ERF_24 started 1785283131842 core=5
job 2_XPY_48 end 1785283157782
job 46_POW_12 started 1785283157782 core=0
job 84_ERF_24 end 1785283164777
job 26_XPY_48 started 1785283164777 core=4
job 17_XPY_48 end 1785283195149
job 20_ERF_12 started 1785283195149 core=1
job 90_ERF_24 end 1785283200315
job 55_XPY_48 started 1785283200315 core=5
job 46_POW_12 end 1785283200824
job 31_ERF_12 started 1785283200826 core=0
job 20_ERF_12 end 1785283227228
job 61_XPY_48 started 1785283227228 core=1
job 26_XPY_48 end 1785283229805
job 23_SQRTX_12 started 1785283229805 core=4
job 31_ERF_12 end 1785283233778
job 85_XPY_48 started 1785283233778 core=0
job 23_SQRTX_12 end 1785283251960
job 25_SQRTX_12 started 1785283251960 core=4
job 25_SQRTX_12 end 1785283276168
job 91_XPY_48 started 1785283276168 core=4
job 55_XPY_48 end 1785283279257
job 1_TGAMMA_12 started 1785283279257 core=5
job 1_TGAMMA_12 end 1785283286475
job 38_SUM_84 started 1785283286475 core=5
job 61_XPY_48 end 1785283306509
job 12_TGAMMA_12 started 1785283306509 core=1
job 85_XPY_48 end 1785283309127
job 56_SUM_84 started 1785283309128 core=0
job 12_TGAMMA_12 end 1785283313513
job 54_TGAMMA_12 started 1785283313513 core=1
job 54_TGAMMA_12 end 1785283320536
job 70_SUM_84 started 1785283320536 core=1
job 38_SUM_84 end 1785283340314
job 65_TGAMMA_12 started 1785283340314 core=5
job 65_TGAMMA_12 end 1785283347375
job 93_SUM_84 started 1785283347375 core=5
job 91_XPY_48 end 1785283358635
job 71_TGAMMA_12 started 1785283358636 core=4
job 71_TGAMMA_12 end 1785283365731
job 97_SUM_84 started 1785283365731 core=4
job 70_SUM_84 end 1785283375084
job 72_TGAMMA_12 started 1785283375084 core=1
job 72_TGAMMA_12 end 1785283382146
job 9_DOT_36 started 1785283382146 core=1
job 56_SUM_84 end 1785283382728
job 80_TGAMMA_12 started 1785283382728 core=0
job 80_TGAMMA_12 end 1785283389828
job 49_DOT_36 started 1785283389828 core=0
job 93_SUM_84 end 1785283409515
job 9_DOT_36 end 1785283421061
job 97_SUM_84 end 1785283426345
job 49_DOT_36 end 1785283428089
  итерация 0: 1855072 ms
  среднее по 1 итерациям: 1855072 ms
=== Выполняется проект: no_po_6.txt (100 работ, перестановка ORDER) ===
job 89_DOT_84 started 1785283428090 core=4
job 87_DOT_84 started 1785283428090 core=0
job 84_POW_36 started 1785283428090 core=1
job 9_POW_36 started 1785283428091 core=5
job 84_POW_36 end 1785283535184
job 12_POW_36 started 1785283535184 core=1
job 9_POW_36 end 1785283535198
job 14_COPY_84 started 1785283535198 core=5
job 87_DOT_84 end 1785283540829
job 13_POW_36 started 1785283540829 core=0
job 89_DOT_84 end 1785283541007
job 41_COPY_84 started 1785283541007 core=4
job 14_COPY_84 end 1785283658114
job 21_POW_36 started 1785283658115 core=5
job 12_POW_36 end 1785283661264
job 31_POW_36 started 1785283661264 core=1
job 41_COPY_84 end 1785283662797
job 3_DOT_84 started 1785283662797 core=4
job 13_POW_36 end 1785283667554
job 43_POW_36 started 1785283667554 core=0
job 3_DOT_84 end 1785283756189
job 78_DOT_84 started 1785283756189 core=4
job 21_POW_36 end 1785283759009
job 46_POW_36 started 1785283759009 core=5
job 31_POW_36 end 1785283762417
job 56_POW_36 started 1785283762417 core=1
job 43_POW_36 end 1785283782483
job 76_POW_36 started 1785283782483 core=0
job 78_DOT_84 end 1785283849447
job 79_POW_36 started 1785283849447 core=4
job 46_POW_36 end 1785283860029
job 93_DOT_84 started 1785283860030 core=5
job 56_POW_36 end 1785283863536
job 10_TGAMMA_120 started 1785283863536 core=1
job 76_POW_36 end 1785283890729
job 34_SUM_132 started 1785283890729 core=0
job 93_DOT_84 end 1785283932860
job 2_ERF_48 started 1785283932860 core=5
job 10_TGAMMA_120 end 1785283933569
job 17_ERF_48 started 1785283933569 core=1
job 79_POW_36 end 1785283952556
job 45_SUM_132 started 1785283952556 core=4
job 34_SUM_132 end 1785283975732
job 23_ERF_48 started 1785283975732 core=0
job 2_ERF_48 end 1785284031833
job 88_SUM_132 started 1785284031833 core=5
job 45_SUM_132 end 1785284031959
job 24_ERF_48 started 1785284031959 core=4
job 17_ERF_48 end 1785284032653
job 39_ERF_48 started 1785284032654 core=1
job 23_ERF_48 end 1785284073529
job 18_XPY_60 started 1785284073530 core=0
job 88_SUM_132 end 1785284108825
job 58_ERF_48 started 1785284108825 core=5
job 39_ERF_48 end 1785284128894
job 20_XPY_60 started 1785284128894 core=1
job 24_ERF_48 end 1785284156381
job 62_ERF_48 started 1785284156382 core=4
job 18_XPY_60 end 1785284157559
job 83_ERF_48 started 1785284157559 core=0
job 20_XPY_60 end 1785284208949
job 48_XPY_60 started 1785284208949 core=1
job 58_ERF_48 end 1785284238371
job 0_POW_24 started 1785284238371 core=5
job 62_ERF_48 end 1785284245872
job 50_XPY_60 started 1785284245873 core=4
job 83_ERF_48 end 1785284247234
job 11_POW_24 started 1785284247235 core=0
job 48_XPY_60 end 1785284290533
job 38_POW_24 started 1785284290533 core=1
job 0_POW_24 end 1785284318268
job 60_XPY_60 started 1785284318268 core=5
job 50_XPY_60 end 1785284328787
job 52_POW_24 started 1785284328787 core=4
job 11_POW_24 end 1785284336887
job 63_XPY_60 started 1785284336887 core=0
job 38_POW_24 end 1785284369536
job 65_POW_24 started 1785284369536 core=1
job 60_XPY_60 end 1785284401328
job 97_POW_24 started 1785284401328 core=5
job 52_POW_24 end 1785284412561
job 66_XPY_60 started 1785284412561 core=4
job 63_XPY_60 end 1785284426031
job 1_SQRTX_48 started 1785284426032 core=0
job 65_POW_24 end 1785284441638
job 40_COPY_60 started 1785284441638 core=1
job 97_POW_24 end 1785284469547
job 53_SQRTX_48 started 1785284469547 core=5
job 66_XPY_60 end 1785284497411
job 80_SQRTX_48 started 1785284497411 core=4
job 1_SQRTX_48 end 1785284514457
job 51_COPY_60 started 1785284514457 core=0
job 40_COPY_60 end 1785284528187
job 86_SQRTX_48 started 1785284528188 core=1
job 53_SQRTX_48 end 1785284550414
job 16_SUM_108 started 1785284550415 core=5
job 80_SQRTX_48 end 1785284579832
job 6_TGAMMA_60 started 1785284579832 core=4
job 86_SQRTX_48 end 1785284591358
job 27_TGAMMA_60 started 1785284591359 core=1
job 51_COPY_60 end 1785284598348
job 22_SUM_108 started 1785284598348 core=0
job 16_SUM_108 end 1785284607651
job 28_TGAMMA_60 started 1785284607652 core=5
job 6_TGAMMA_60 end 1785284614946
job 35_SUM_108 started 1785284614946 core=4
job 27_TGAMMA_60 end 1785284625878
job 54_TGAMMA_60 started 1785284625878 core=1
job 28_TGAMMA_60 end 1785284641938
job 4_ERF_24 started 1785284641939 core=5
job 22_SUM_108 end 1785284644663
job 49_SUM_108 started 1785284644663 core=0
job 54_TGAMMA_60 end 1785284660413
job 5_ERF_24 started 1785284660413 core=1
job 35_SUM_108 end 1785284673657
job 91_SUM_108 started 1785284673657 core=4
job 4_ERF_24 end 1785284685127
job 25_ERF_24 started 1785284685127 core=5
job 5_ERF_24 end 1785284712903
job 33_ERF_24 started 1785284712905 core=1
job 49_SUM_108 end 1785284714432
job 26_XPY_48 started 1785284714432 core=0
job 25_ERF_24 end 1785284735451
job 36_ERF_24 started 1785284735451 core=5
job 91_SUM_108 end 1785284753847
job 47_XPY_48 started 1785284753847 core=4
job 33_ERF_24 end 1785284759753
job 44_ERF_24 started 1785284759753 core=1
job 36_ERF_24 end 1785284781243
job 81_ERF_24 started 1785284781243 core=5
job 26_XPY_48 end 1785284791507
job 57_XPY_48 started 1785284791508 core=0
job 44_ERF_24 end 1785284804544
job 82_ERF_24 started 1785284804544 core=1
job 81_ERF_24 end 1785284826182
job 59_XPY_48 started 1785284826182 core=5
job 47_XPY_48 end 1785284841844
job 55_POW_12 started 1785284841844 core=4
job 82_ERF_24 end 1785284862733
job 69_POW_12 started 1785284862734 core=1
job 57_XPY_48 end 1785284870632
job 8_SUM_84 started 1785284870632 core=0
job 55_POW_12 end 1785284883364
job 94_POW_12 started 1785284883364 core=4
job 59_XPY_48 end 1785284894311
job 30_SUM_84 started 1785284894312 core=5
job 69_POW_12 end 1785284907884
job 42_ERF_12 started 1785284907884 core=1
job 94_POW_12 end 1785284918048
job 61_ERF_12 started 1785284918048 core=4
job 8_SUM_84 end 1785284923375
job 70_SUM_84 started 1785284923375 core=0
job 42_ERF_12 end 1785284933292
job 73_ERF_12 started 1785284933292 core=1
job 61_ERF_12 end 1785284943584
job 74_SUM_84 started 1785284943584 core=4
job 30_SUM_84 end 1785284950476
job 75_ERF_12 started 1785284950477 core=5
job 73_ERF_12 end 1785284959230
job 99_ERF_12 started 1785284959230 core=1
job 75_ERF_12 end 1785284976950
job 85_SUM_84 started 1785284976950 core=5
job 70_SUM_84 end 1785284979034
job 7_SQRTX_12 started 1785284979035 core=0
job 99_ERF_12 end 1785284985454
job 95_SUM_84 started 1785284985454 core=1
job 7_SQRTX_12 end 1785284996129
job 19_SQRTX_12 started 1785284996130 core=0
job 74_SUM_84 end 1785285000407
job 37_SQRTX_12 started 1785285000407 core=4
job 19_SQRTX_12 end 1785285013797
job 29_DOT_36 started 1785285013799 core=0
job 37_SQRTX_12 end 1785285019147
job 72_SQRTX_12 started 1785285019147 core=4
job 85_SUM_84 end 1785285032438
job 32_DOT_36 started 1785285032439 core=5
job 72_SQRTX_12 end 1785285041619
job 92_SQRTX_12 started 1785285041619 core=4
job 95_SUM_84 end 1785285043079
job 15_TGAMMA_12 started 1785285043079 core=1
job 15_TGAMMA_12 end 1785285050194
job 71_DOT_36 started 1785285050194 core=1
job 29_DOT_36 end 1785285057314
job 64_TGAMMA_12 started 1785285057315 core=0
job 92_SQRTX_12 end 1785285060737
job 77_DOT_36 started 1785285060737 core=4
job 64_TGAMMA_12 end 1785285064404
job 67_TGAMMA_12 started 1785285064404 core=0
job 67_TGAMMA_12 end 1785285071643
job 68_TGAMMA_12 started 1785285071643 core=0
job 32_DOT_36 end 1785285076447
job 96_DOT_36 started 1785285076447 core=5
job 68_TGAMMA_12 end 1785285078858
job 90_TGAMMA_12 started 1785285078858 core=0
job 90_TGAMMA_12 end 1785285086099
job 98_DOT_36 started 1785285086100 core=0
job 77_DOT_36 end 1785285099242
job 71_DOT_36 end 1785285102021
job 96_DOT_36 end 1785285116454
job 98_DOT_36 end 1785285118744
  итерация 0: 1690654 ms
  среднее по 1 итерациям: 1690654 ms
execution completed -> tbb_greedy_results_fix.txt
